<?xml version="1.0"?>
<link_info>
   <banner>TI ARM Linker PC v16.9.4.LTS</banner>
   <copyright>Copyright (c) 1996-2017 Texas Instruments Incorporated</copyright>
   <link_time>0x5a1549ff</link_time>
   <link_errors>0x0</link_errors>
   <output_file>LaunchPad_FreeRTOS.out</output_file>
   <entry_point>
      <name>_c_int00</name>
      <address>0x25e80</address>
   </entry_point>
   <input_file_list>
      <input_file id="fl-2">
         <path>.\FreeRTOS-Plus-CLI\</path>
         <kind>object</kind>
         <file>CLI_commands.obj</file>
         <name>CLI_commands.obj</name>
      </input_file>
      <input_file id="fl-3">
         <path>.\FreeRTOS-Plus-CLI\</path>
         <kind>object</kind>
         <file>FAT-CLI-commands.obj</file>
         <name>FAT-CLI-commands.obj</name>
      </input_file>
      <input_file id="fl-4">
         <path>.\FreeRTOS-Plus-CLI\</path>
         <kind>object</kind>
         <file>FreeRTOS_CLI.obj</file>
         <name>FreeRTOS_CLI.obj</name>
      </input_file>
      <input_file id="fl-5">
         <path>.\FreeRTOS-Plus-FAT\</path>
         <kind>object</kind>
         <file>ff_crc.obj</file>
         <name>ff_crc.obj</name>
      </input_file>
      <input_file id="fl-6">
         <path>.\FreeRTOS-Plus-FAT\</path>
         <kind>object</kind>
         <file>ff_dir.obj</file>
         <name>ff_dir.obj</name>
      </input_file>
      <input_file id="fl-7">
         <path>.\FreeRTOS-Plus-FAT\</path>
         <kind>object</kind>
         <file>ff_error.obj</file>
         <name>ff_error.obj</name>
      </input_file>
      <input_file id="fl-8">
         <path>.\FreeRTOS-Plus-FAT\</path>
         <kind>object</kind>
         <file>ff_fat.obj</file>
         <name>ff_fat.obj</name>
      </input_file>
      <input_file id="fl-9">
         <path>.\FreeRTOS-Plus-FAT\</path>
         <kind>object</kind>
         <file>ff_file.obj</file>
         <name>ff_file.obj</name>
      </input_file>
      <input_file id="fl-a">
         <path>.\FreeRTOS-Plus-FAT\</path>
         <kind>object</kind>
         <file>ff_format.obj</file>
         <name>ff_format.obj</name>
      </input_file>
      <input_file id="fl-b">
         <path>.\FreeRTOS-Plus-FAT\</path>
         <kind>object</kind>
         <file>ff_ioman.obj</file>
         <name>ff_ioman.obj</name>
      </input_file>
      <input_file id="fl-c">
         <path>.\FreeRTOS-Plus-FAT\</path>
         <kind>object</kind>
         <file>ff_locking.obj</file>
         <name>ff_locking.obj</name>
      </input_file>
      <input_file id="fl-d">
         <path>.\FreeRTOS-Plus-FAT\</path>
         <kind>object</kind>
         <file>ff_memory.obj</file>
         <name>ff_memory.obj</name>
      </input_file>
      <input_file id="fl-e">
         <path>.\FreeRTOS-Plus-FAT\</path>
         <kind>object</kind>
         <file>ff_stdio.obj</file>
         <name>ff_stdio.obj</name>
      </input_file>
      <input_file id="fl-f">
         <path>.\FreeRTOS-Plus-FAT\</path>
         <kind>object</kind>
         <file>ff_string.obj</file>
         <name>ff_string.obj</name>
      </input_file>
      <input_file id="fl-10">
         <path>.\FreeRTOS-Plus-FAT\</path>
         <kind>object</kind>
         <file>ff_sys.obj</file>
         <name>ff_sys.obj</name>
      </input_file>
      <input_file id="fl-11">
         <path>.\FreeRTOS-Plus-FAT\</path>
         <kind>object</kind>
         <file>ff_time.obj</file>
         <name>ff_time.obj</name>
      </input_file>
      <input_file id="fl-12">
         <path>.\FreeRTOS-Plus-FAT\portable\common\</path>
         <kind>object</kind>
         <file>ff_ramdisk.obj</file>
         <name>ff_ramdisk.obj</name>
      </input_file>
      <input_file id="fl-13">
         <path>.\FreeRTOS-Plus-IO\Common\</path>
         <kind>object</kind>
         <file>FreeRTOS_DriverInterface.obj</file>
         <name>FreeRTOS_DriverInterface.obj</name>
      </input_file>
      <input_file id="fl-14">
         <path>.\FreeRTOS-Plus-IO\Common\</path>
         <kind>object</kind>
         <file>FreeRTOS_IOUtils.obj</file>
         <name>FreeRTOS_IOUtils.obj</name>
      </input_file>
      <input_file id="fl-15">
         <path>.\FreeRTOS-Plus-IO\Common\</path>
         <kind>object</kind>
         <file>IOUtils_CharQueueTxAndRx.obj</file>
         <name>IOUtils_CharQueueTxAndRx.obj</name>
      </input_file>
      <input_file id="fl-16">
         <path>.\FreeRTOS-Plus-IO\Common\</path>
         <kind>object</kind>
         <file>IOUtils_CircularBufferRx.obj</file>
         <name>IOUtils_CircularBufferRx.obj</name>
      </input_file>
      <input_file id="fl-17">
         <path>.\FreeRTOS-Plus-IO\Common\</path>
         <kind>object</kind>
         <file>IOUtils_ZeroCopyTx.obj</file>
         <name>IOUtils_ZeroCopyTx.obj</name>
      </input_file>
      <input_file id="fl-18">
         <path>.\FreeRTOS-Plus-IO\Device\tms570ls20x31x\source\</path>
         <kind>object</kind>
         <file>tms570ls20x31x_dma.obj</file>
         <name>tms570ls20x31x_dma.obj</name>
      </input_file>
      <input_file id="fl-19">
         <path>.\FreeRTOS-Plus-IO\Device\tms570ls20x31x\source\</path>
         <kind>object</kind>
         <file>tms570ls20x31x_driverInterface.obj</file>
         <name>tms570ls20x31x_driverInterface.obj</name>
      </input_file>
      <input_file id="fl-1a">
         <path>.\FreeRTOS-Plus-IO\Device\tms570ls20x31x\source\</path>
         <kind>object</kind>
         <file>tms570ls20x31x_uart.obj</file>
         <name>tms570ls20x31x_uart.obj</name>
      </input_file>
      <input_file id="fl-1b">
         <path>.\FreeRTOS-Plus-TCP\</path>
         <kind>object</kind>
         <file>FreeRTOS_ARP.obj</file>
         <name>FreeRTOS_ARP.obj</name>
      </input_file>
      <input_file id="fl-1c">
         <path>.\FreeRTOS-Plus-TCP\</path>
         <kind>object</kind>
         <file>FreeRTOS_DHCP.obj</file>
         <name>FreeRTOS_DHCP.obj</name>
      </input_file>
      <input_file id="fl-1d">
         <path>.\FreeRTOS-Plus-TCP\</path>
         <kind>object</kind>
         <file>FreeRTOS_DNS.obj</file>
         <name>FreeRTOS_DNS.obj</name>
      </input_file>
      <input_file id="fl-1e">
         <path>.\FreeRTOS-Plus-TCP\</path>
         <kind>object</kind>
         <file>FreeRTOS_IP.obj</file>
         <name>FreeRTOS_IP.obj</name>
      </input_file>
      <input_file id="fl-1f">
         <path>.\FreeRTOS-Plus-TCP\</path>
         <kind>object</kind>
         <file>FreeRTOS_Sockets.obj</file>
         <name>FreeRTOS_Sockets.obj</name>
      </input_file>
      <input_file id="fl-20">
         <path>.\FreeRTOS-Plus-TCP\</path>
         <kind>object</kind>
         <file>FreeRTOS_Stream_Buffer.obj</file>
         <name>FreeRTOS_Stream_Buffer.obj</name>
      </input_file>
      <input_file id="fl-21">
         <path>.\FreeRTOS-Plus-TCP\</path>
         <kind>object</kind>
         <file>FreeRTOS_TCP_IP.obj</file>
         <name>FreeRTOS_TCP_IP.obj</name>
      </input_file>
      <input_file id="fl-22">
         <path>.\FreeRTOS-Plus-TCP\</path>
         <kind>object</kind>
         <file>FreeRTOS_TCP_WIN.obj</file>
         <name>FreeRTOS_TCP_WIN.obj</name>
      </input_file>
      <input_file id="fl-23">
         <path>.\FreeRTOS-Plus-TCP\</path>
         <kind>object</kind>
         <file>FreeRTOS_UDP_IP.obj</file>
         <name>FreeRTOS_UDP_IP.obj</name>
      </input_file>
      <input_file id="fl-24">
         <path>.\FreeRTOS-Plus-TCP\portable\BufferManagement\</path>
         <kind>object</kind>
         <file>BufferAllocation_3.obj</file>
         <name>BufferAllocation_3.obj</name>
      </input_file>
      <input_file id="fl-25">
         <path>.\FreeRTOS-Plus-TCP\portable\NetworkInterface\Hercules\</path>
         <kind>object</kind>
         <file>NetworkInterface.obj</file>
         <name>NetworkInterface.obj</name>
      </input_file>
      <input_file id="fl-26">
         <path>.\FreeRTOS-Plus-TCP\protocols\Common\</path>
         <kind>object</kind>
         <file>FreeRTOS_TCP_server.obj</file>
         <name>FreeRTOS_TCP_server.obj</name>
      </input_file>
      <input_file id="fl-27">
         <path>.\FreeRTOS-Plus-TCP\protocols\FTP\</path>
         <kind>object</kind>
         <file>FreeRTOS_FTP_commands.obj</file>
         <name>FreeRTOS_FTP_commands.obj</name>
      </input_file>
      <input_file id="fl-28">
         <path>.\FreeRTOS-Plus-TCP\protocols\FTP\</path>
         <kind>object</kind>
         <file>FreeRTOS_FTP_server.obj</file>
         <name>FreeRTOS_FTP_server.obj</name>
      </input_file>
      <input_file id="fl-29">
         <path>.\FreeRTOS-Plus-TCP\protocols\HTTP\</path>
         <kind>object</kind>
         <file>FreeRTOS_HTTP_commands.obj</file>
         <name>FreeRTOS_HTTP_commands.obj</name>
      </input_file>
      <input_file id="fl-2a">
         <path>.\FreeRTOS-Plus-TCP\protocols\HTTP\</path>
         <kind>object</kind>
         <file>FreeRTOS_HTTP_server.obj</file>
         <name>FreeRTOS_HTTP_server.obj</name>
      </input_file>
      <input_file id="fl-2b">
         <path>.\FreeRTOS-Plus-TCP\protocols\NTP\</path>
         <kind>object</kind>
         <file>NTPDemo.obj</file>
         <name>NTPDemo.obj</name>
      </input_file>
      <input_file id="fl-2c">
         <path>.\FreeRTOS-Plus-UART-Console\</path>
         <kind>object</kind>
         <file>UARTCommandConsole.obj</file>
         <name>UARTCommandConsole.obj</name>
      </input_file>
      <input_file id="fl-2d">
         <path>.\FreeRTOS-Plus-UDP-Console\</path>
         <kind>object</kind>
         <file>UDPCommandConsole.obj</file>
         <name>UDPCommandConsole.obj</name>
      </input_file>
      <input_file id="fl-2e">
         <path>.\FreeRTOS_Plus_FAT_Demos\</path>
         <kind>object</kind>
         <file>CreateAndVerifyExampleFiles.obj</file>
         <name>CreateAndVerifyExampleFiles.obj</name>
      </input_file>
      <input_file id="fl-2f">
         <path>.\FreeRTOS_Plus_FAT_Demos\</path>
         <kind>object</kind>
         <file>ff_stdio_tests_with_cwd.obj</file>
         <name>ff_stdio_tests_with_cwd.obj</name>
      </input_file>
      <input_file id="fl-30">
         <path>.\source\</path>
         <kind>object</kind>
         <file>HL_adc.obj</file>
         <name>HL_adc.obj</name>
      </input_file>
      <input_file id="fl-31">
         <path>.\source\</path>
         <kind>object</kind>
         <file>HL_crc.obj</file>
         <name>HL_crc.obj</name>
      </input_file>
      <input_file id="fl-32">
         <path>.\source\</path>
         <kind>object</kind>
         <file>HL_ecap.obj</file>
         <name>HL_ecap.obj</name>
      </input_file>
      <input_file id="fl-33">
         <path>.\source\</path>
         <kind>object</kind>
         <file>HL_epc.obj</file>
         <name>HL_epc.obj</name>
      </input_file>
      <input_file id="fl-35">
         <path>.\source\</path>
         <kind>object</kind>
         <file>HL_esm.obj</file>
         <name>HL_esm.obj</name>
      </input_file>
      <input_file id="fl-36">
         <path>.\source\</path>
         <kind>object</kind>
         <file>HL_etpwm.obj</file>
         <name>HL_etpwm.obj</name>
      </input_file>
      <input_file id="fl-37">
         <path>.\source\</path>
         <kind>object</kind>
         <file>HL_gio.obj</file>
         <name>HL_gio.obj</name>
      </input_file>
      <input_file id="fl-38">
         <path>.\source\</path>
         <kind>object</kind>
         <file>HL_mdio.obj</file>
         <name>HL_mdio.obj</name>
      </input_file>
      <input_file id="fl-39">
         <path>.\source\</path>
         <kind>object</kind>
         <file>HL_nmpu.obj</file>
         <name>HL_nmpu.obj</name>
      </input_file>
      <input_file id="fl-3b">
         <path>.\source\</path>
         <kind>object</kind>
         <file>HL_phy_dp83640.obj</file>
         <name>HL_phy_dp83640.obj</name>
      </input_file>
      <input_file id="fl-3c">
         <path>.\source\</path>
         <kind>object</kind>
         <file>HL_phy_tlk111.obj</file>
         <name>HL_phy_tlk111.obj</name>
      </input_file>
      <input_file id="fl-3d">
         <path>.\source\</path>
         <kind>object</kind>
         <file>HL_pinmux.obj</file>
         <name>HL_pinmux.obj</name>
      </input_file>
      <input_file id="fl-3f">
         <path>.\source\</path>
         <kind>object</kind>
         <file>HL_sys_dma.obj</file>
         <name>HL_sys_dma.obj</name>
      </input_file>
      <input_file id="fl-42">
         <path>.\source\</path>
         <kind>object</kind>
         <file>HL_sys_pcr.obj</file>
         <name>HL_sys_pcr.obj</name>
      </input_file>
      <input_file id="fl-44">
         <path>.\source\</path>
         <kind>object</kind>
         <file>HL_sys_pmm.obj</file>
         <name>HL_sys_pmm.obj</name>
      </input_file>
      <input_file id="fl-48">
         <path>.\source\</path>
         <kind>object</kind>
         <file>HL_system.obj</file>
         <name>HL_system.obj</name>
      </input_file>
      <input_file id="fl-49">
         <path>.\source\</path>
         <kind>object</kind>
         <file>ma_date_and_time.obj</file>
         <name>ma_date_and_time.obj</name>
      </input_file>
      <input_file id="fl-4a">
         <path>.\source\</path>
         <kind>object</kind>
         <file>main.obj</file>
         <name>main.obj</name>
      </input_file>
      <input_file id="fl-4b">
         <path>.\source\</path>
         <kind>object</kind>
         <file>os_croutine.obj</file>
         <name>os_croutine.obj</name>
      </input_file>
      <input_file id="fl-4d">
         <path>.\source\</path>
         <kind>object</kind>
         <file>os_heap.obj</file>
         <name>os_heap.obj</name>
      </input_file>
      <input_file id="fl-4e">
         <path>.\source\</path>
         <kind>object</kind>
         <file>os_list.obj</file>
         <name>os_list.obj</name>
      </input_file>
      <input_file id="fl-50">
         <path>.\source\</path>
         <kind>object</kind>
         <file>os_port.obj</file>
         <name>os_port.obj</name>
      </input_file>
      <input_file id="fl-54">
         <path>.\source\</path>
         <kind>object</kind>
         <file>os_timer.obj</file>
         <name>os_timer.obj</name>
      </input_file>
      <input_file id="fl-55">
         <path>.\source\</path>
         <kind>object</kind>
         <file>rti_runtimestats.obj</file>
         <name>rti_runtimestats.obj</name>
      </input_file>
      <input_file id="fl-10f">
         <path>C:\ti\ccsv7\tools\compiler\ti-cgt-arm_16.9.4.LTS\lib\</path>
         <kind>archive</kind>
         <file>rtsv7R4_A_be_v3D16_eabi.lib</file>
         <name>atol.obj</name>
      </input_file>
      <input_file id="fl-111">
         <path>C:\ti\ccsv7\tools\compiler\ti-cgt-arm_16.9.4.LTS\lib\</path>
         <kind>archive</kind>
         <file>rtsv7R4_A_be_v3D16_eabi.lib</file>
         <name>copy_decompress_lzss.obj</name>
      </input_file>
      <input_file id="fl-112">
         <path>C:\ti\ccsv7\tools\compiler\ti-cgt-arm_16.9.4.LTS\lib\</path>
         <kind>archive</kind>
         <file>rtsv7R4_A_be_v3D16_eabi.lib</file>
         <name>copy_decompress_none.obj</name>
      </input_file>
      <input_file id="fl-113">
         <path>C:\ti\ccsv7\tools\compiler\ti-cgt-arm_16.9.4.LTS\lib\</path>
         <kind>archive</kind>
         <file>rtsv7R4_A_be_v3D16_eabi.lib</file>
         <name>copy_zero_init.obj</name>
      </input_file>
      <input_file id="fl-114">
         <path>C:\ti\ccsv7\tools\compiler\ti-cgt-arm_16.9.4.LTS\lib\</path>
         <kind>archive</kind>
         <file>rtsv7R4_A_be_v3D16_eabi.lib</file>
         <name>cpy_tbl.obj</name>
      </input_file>
      <input_file id="fl-115">
         <path>C:\ti\ccsv7\tools\compiler\ti-cgt-arm_16.9.4.LTS\lib\</path>
         <kind>archive</kind>
         <file>rtsv7R4_A_be_v3D16_eabi.lib</file>
         <name>ctype.obj</name>
      </input_file>
      <input_file id="fl-116">
         <path>C:\ti\ccsv7\tools\compiler\ti-cgt-arm_16.9.4.LTS\lib\</path>
         <kind>archive</kind>
         <file>rtsv7R4_A_be_v3D16_eabi.lib</file>
         <name>e_logf.obj</name>
      </input_file>
      <input_file id="fl-117">
         <path>C:\ti\ccsv7\tools\compiler\ti-cgt-arm_16.9.4.LTS\lib\</path>
         <kind>archive</kind>
         <file>rtsv7R4_A_be_v3D16_eabi.lib</file>
         <name>e_powf.obj</name>
      </input_file>
      <input_file id="fl-118">
         <path>C:\ti\ccsv7\tools\compiler\ti-cgt-arm_16.9.4.LTS\lib\</path>
         <kind>archive</kind>
         <file>rtsv7R4_A_be_v3D16_eabi.lib</file>
         <name>e_sqrtf.obj</name>
      </input_file>
      <input_file id="fl-119">
         <path>C:\ti\ccsv7\tools\compiler\ti-cgt-arm_16.9.4.LTS\lib\</path>
         <kind>archive</kind>
         <file>rtsv7R4_A_be_v3D16_eabi.lib</file>
         <name>errno.obj</name>
      </input_file>
      <input_file id="fl-11c">
         <path>C:\ti\ccsv7\tools\compiler\ti-cgt-arm_16.9.4.LTS\lib\</path>
         <kind>archive</kind>
         <file>rtsv7R4_A_be_v3D16_eabi.lib</file>
         <name>memcmp.obj</name>
      </input_file>
      <input_file id="fl-11e">
         <path>C:\ti\ccsv7\tools\compiler\ti-cgt-arm_16.9.4.LTS\lib\</path>
         <kind>archive</kind>
         <file>rtsv7R4_A_be_v3D16_eabi.lib</file>
         <name>memmov.obj</name>
      </input_file>
      <input_file id="fl-120">
         <path>C:\ti\ccsv7\tools\compiler\ti-cgt-arm_16.9.4.LTS\lib\</path>
         <kind>archive</kind>
         <file>rtsv7R4_A_be_v3D16_eabi.lib</file>
         <name>rand.obj</name>
      </input_file>
      <input_file id="fl-121">
         <path>C:\ti\ccsv7\tools\compiler\ti-cgt-arm_16.9.4.LTS\lib\</path>
         <kind>archive</kind>
         <file>rtsv7R4_A_be_v3D16_eabi.lib</file>
         <name>s_scalbnf.obj</name>
      </input_file>
      <input_file id="fl-122">
         <path>C:\ti\ccsv7\tools\compiler\ti-cgt-arm_16.9.4.LTS\lib\</path>
         <kind>archive</kind>
         <file>rtsv7R4_A_be_v3D16_eabi.lib</file>
         <name>snprintf.obj</name>
      </input_file>
      <input_file id="fl-123">
         <path>C:\ti\ccsv7\tools\compiler\ti-cgt-arm_16.9.4.LTS\lib\</path>
         <kind>archive</kind>
         <file>rtsv7R4_A_be_v3D16_eabi.lib</file>
         <name>sprintf.obj</name>
      </input_file>
      <input_file id="fl-124">
         <path>C:\ti\ccsv7\tools\compiler\ti-cgt-arm_16.9.4.LTS\lib\</path>
         <kind>archive</kind>
         <file>rtsv7R4_A_be_v3D16_eabi.lib</file>
         <name>sscanf.obj</name>
      </input_file>
      <input_file id="fl-125">
         <path>C:\ti\ccsv7\tools\compiler\ti-cgt-arm_16.9.4.LTS\lib\</path>
         <kind>archive</kind>
         <file>rtsv7R4_A_be_v3D16_eabi.lib</file>
         <name>startup.obj</name>
      </input_file>
      <input_file id="fl-126">
         <path>C:\ti\ccsv7\tools\compiler\ti-cgt-arm_16.9.4.LTS\lib\</path>
         <kind>archive</kind>
         <file>rtsv7R4_A_be_v3D16_eabi.lib</file>
         <name>strcat.obj</name>
      </input_file>
      <input_file id="fl-127">
         <path>C:\ti\ccsv7\tools\compiler\ti-cgt-arm_16.9.4.LTS\lib\</path>
         <kind>archive</kind>
         <file>rtsv7R4_A_be_v3D16_eabi.lib</file>
         <name>strchr.obj</name>
      </input_file>
      <input_file id="fl-128">
         <path>C:\ti\ccsv7\tools\compiler\ti-cgt-arm_16.9.4.LTS\lib\</path>
         <kind>archive</kind>
         <file>rtsv7R4_A_be_v3D16_eabi.lib</file>
         <name>strcmp.obj</name>
      </input_file>
      <input_file id="fl-129">
         <path>C:\ti\ccsv7\tools\compiler\ti-cgt-arm_16.9.4.LTS\lib\</path>
         <kind>archive</kind>
         <file>rtsv7R4_A_be_v3D16_eabi.lib</file>
         <name>strcpy.obj</name>
      </input_file>
      <input_file id="fl-12a">
         <path>C:\ti\ccsv7\tools\compiler\ti-cgt-arm_16.9.4.LTS\lib\</path>
         <kind>archive</kind>
         <file>rtsv7R4_A_be_v3D16_eabi.lib</file>
         <name>strerror.obj</name>
      </input_file>
      <input_file id="fl-12b">
         <path>C:\ti\ccsv7\tools\compiler\ti-cgt-arm_16.9.4.LTS\lib\</path>
         <kind>archive</kind>
         <file>rtsv7R4_A_be_v3D16_eabi.lib</file>
         <name>strlen.obj</name>
      </input_file>
      <input_file id="fl-12c">
         <path>C:\ti\ccsv7\tools\compiler\ti-cgt-arm_16.9.4.LTS\lib\</path>
         <kind>archive</kind>
         <file>rtsv7R4_A_be_v3D16_eabi.lib</file>
         <name>strncmp.obj</name>
      </input_file>
      <input_file id="fl-12d">
         <path>C:\ti\ccsv7\tools\compiler\ti-cgt-arm_16.9.4.LTS\lib\</path>
         <kind>archive</kind>
         <file>rtsv7R4_A_be_v3D16_eabi.lib</file>
         <name>strncpy.obj</name>
      </input_file>
      <input_file id="fl-12e">
         <path>C:\ti\ccsv7\tools\compiler\ti-cgt-arm_16.9.4.LTS\lib\</path>
         <kind>archive</kind>
         <file>rtsv7R4_A_be_v3D16_eabi.lib</file>
         <name>strrchr.obj</name>
      </input_file>
      <input_file id="fl-131">
         <path>C:\ti\ccsv7\tools\compiler\ti-cgt-arm_16.9.4.LTS\lib\</path>
         <kind>archive</kind>
         <file>rtsv7R4_A_be_v3D16_eabi.lib</file>
         <name>vsnprintf.obj</name>
      </input_file>
      <input_file id="fl-132">
         <path>C:\ti\ccsv7\tools\compiler\ti-cgt-arm_16.9.4.LTS\lib\</path>
         <kind>archive</kind>
         <file>rtsv7R4_A_be_v3D16_eabi.lib</file>
         <name>_lock.obj</name>
      </input_file>
      <input_file id="fl-133">
         <path>C:\ti\ccsv7\tools\compiler\ti-cgt-arm_16.9.4.LTS\lib\</path>
         <kind>archive</kind>
         <file>rtsv7R4_A_be_v3D16_eabi.lib</file>
         <name>_printfi.obj</name>
      </input_file>
      <input_file id="fl-134">
         <path>C:\ti\ccsv7\tools\compiler\ti-cgt-arm_16.9.4.LTS\lib\</path>
         <kind>archive</kind>
         <file>rtsv7R4_A_be_v3D16_eabi.lib</file>
         <name>_scanfi.obj</name>
      </input_file>
      <input_file id="fl-135">
         <path>C:\ti\ccsv7\tools\compiler\ti-cgt-arm_16.9.4.LTS\lib\</path>
         <kind>archive</kind>
         <file>rtsv7R4_A_be_v3D16_eabi.lib</file>
         <name>atoi.obj</name>
      </input_file>
      <input_file id="fl-136">
         <path>C:\ti\ccsv7\tools\compiler\ti-cgt-arm_16.9.4.LTS\lib\</path>
         <kind>archive</kind>
         <file>rtsv7R4_A_be_v3D16_eabi.lib</file>
         <name>i_div0.obj</name>
      </input_file>
      <input_file id="fl-137">
         <path>C:\ti\ccsv7\tools\compiler\ti-cgt-arm_16.9.4.LTS\lib\</path>
         <kind>archive</kind>
         <file>rtsv7R4_A_be_v3D16_eabi.lib</file>
         <name>ltoa.obj</name>
      </input_file>
      <input_file id="fl-138">
         <path>C:\ti\ccsv7\tools\compiler\ti-cgt-arm_16.9.4.LTS\lib\</path>
         <kind>archive</kind>
         <file>rtsv7R4_A_be_v3D16_eabi.lib</file>
         <name>memccpy.obj</name>
      </input_file>
      <input_file id="fl-139">
         <path>C:\ti\ccsv7\tools\compiler\ti-cgt-arm_16.9.4.LTS\lib\</path>
         <kind>archive</kind>
         <file>rtsv7R4_A_be_v3D16_eabi.lib</file>
         <name>s_copysignf.obj</name>
      </input_file>
      <input_file id="fl-13a">
         <path>C:\ti\ccsv7\tools\compiler\ti-cgt-arm_16.9.4.LTS\lib\</path>
         <kind>archive</kind>
         <file>rtsv7R4_A_be_v3D16_eabi.lib</file>
         <name>s_frexp.obj</name>
      </input_file>
      <input_file id="fl-13b">
         <path>C:\ti\ccsv7\tools\compiler\ti-cgt-arm_16.9.4.LTS\lib\</path>
         <kind>archive</kind>
         <file>rtsv7R4_A_be_v3D16_eabi.lib</file>
         <name>s_scalbn.obj</name>
      </input_file>
      <input_file id="fl-13c">
         <path>C:\ti\ccsv7\tools\compiler\ti-cgt-arm_16.9.4.LTS\lib\</path>
         <kind>archive</kind>
         <file>rtsv7R4_A_be_v3D16_eabi.lib</file>
         <name>strtod.obj</name>
      </input_file>
      <input_file id="fl-13d">
         <path>C:\ti\ccsv7\tools\compiler\ti-cgt-arm_16.9.4.LTS\lib\</path>
         <kind>archive</kind>
         <file>rtsv7R4_A_be_v3D16_eabi.lib</file>
         <name>strtol.obj</name>
      </input_file>
      <input_file id="fl-13e">
         <path>C:\ti\ccsv7\tools\compiler\ti-cgt-arm_16.9.4.LTS\lib\</path>
         <kind>archive</kind>
         <file>rtsv7R4_A_be_v3D16_eabi.lib</file>
         <name>strtoll.obj</name>
      </input_file>
      <input_file id="fl-13f">
         <path>C:\ti\ccsv7\tools\compiler\ti-cgt-arm_16.9.4.LTS\lib\</path>
         <kind>archive</kind>
         <file>rtsv7R4_A_be_v3D16_eabi.lib</file>
         <name>strtoul.obj</name>
      </input_file>
      <input_file id="fl-140">
         <path>C:\ti\ccsv7\tools\compiler\ti-cgt-arm_16.9.4.LTS\lib\</path>
         <kind>archive</kind>
         <file>rtsv7R4_A_be_v3D16_eabi.lib</file>
         <name>strtoull.obj</name>
      </input_file>
      <input_file id="fl-141">
         <path>C:\ti\ccsv7\tools\compiler\ti-cgt-arm_16.9.4.LTS\lib\</path>
         <kind>archive</kind>
         <file>rtsv7R4_A_be_v3D16_eabi.lib</file>
         <name>s_copysign.obj</name>
      </input_file>
      <input_file id="fl-142">
         <path>C:\Users\Ondra\AppData\Local\Temp\</path>
         <kind>object</kind>
         <file>{F5D4D156-C06E-463B-8943-17B4B98B0781}</file>
         <name>{F5D4D156-C06E-463B-8943-17B4B98B0781}</name>
      </input_file>
      <input_file id="fl-34">
         <path>.\source\</path>
         <kind>object</kind>
         <file>HL_errata.obj</file>
         <name>HL_errata.obj</name>
      </input_file>
      <input_file id="fl-3a">
         <path>.\source\</path>
         <kind>object</kind>
         <file>HL_notification.obj</file>
         <name>HL_notification.obj</name>
      </input_file>
      <input_file id="fl-3e">
         <path>.\source\</path>
         <kind>object</kind>
         <file>HL_sys_core.obj</file>
         <name>HL_sys_core.obj</name>
      </input_file>
      <input_file id="fl-40">
         <path>.\source\</path>
         <kind>object</kind>
         <file>HL_sys_intvecs.obj</file>
         <name>HL_sys_intvecs.obj</name>
      </input_file>
      <input_file id="fl-41">
         <path>.\source\</path>
         <kind>object</kind>
         <file>HL_sys_mpu.obj</file>
         <name>HL_sys_mpu.obj</name>
      </input_file>
      <input_file id="fl-43">
         <path>.\source\</path>
         <kind>object</kind>
         <file>HL_sys_phantom.obj</file>
         <name>HL_sys_phantom.obj</name>
      </input_file>
      <input_file id="fl-45">
         <path>.\source\</path>
         <kind>object</kind>
         <file>HL_sys_pmu.obj</file>
         <name>HL_sys_pmu.obj</name>
      </input_file>
      <input_file id="fl-46">
         <path>.\source\</path>
         <kind>object</kind>
         <file>HL_sys_startup.obj</file>
         <name>HL_sys_startup.obj</name>
      </input_file>
      <input_file id="fl-47">
         <path>.\source\</path>
         <kind>object</kind>
         <file>HL_sys_vim.obj</file>
         <name>HL_sys_vim.obj</name>
      </input_file>
      <input_file id="fl-4c">
         <path>.\source\</path>
         <kind>object</kind>
         <file>os_event_groups.obj</file>
         <name>os_event_groups.obj</name>
      </input_file>
      <input_file id="fl-4f">
         <path>.\source\</path>
         <kind>object</kind>
         <file>os_mpu_wrappers.obj</file>
         <name>os_mpu_wrappers.obj</name>
      </input_file>
      <input_file id="fl-51">
         <path>.\source\</path>
         <kind>object</kind>
         <file>os_portasm.obj</file>
         <name>os_portasm.obj</name>
      </input_file>
      <input_file id="fl-52">
         <path>.\source\</path>
         <kind>object</kind>
         <file>os_queue.obj</file>
         <name>os_queue.obj</name>
      </input_file>
      <input_file id="fl-53">
         <path>.\source\</path>
         <kind>object</kind>
         <file>os_tasks.obj</file>
         <name>os_tasks.obj</name>
      </input_file>
      <input_file id="fl-59">
         <kind>object</kind>
         <file>&lt;internal&gt;</file>
         <name>&lt;internal&gt;</name>
      </input_file>
      <input_file id="fl-110">
         <path>C:\ti\ccsv7\tools\compiler\ti-cgt-arm_16.9.4.LTS\lib\</path>
         <kind>archive</kind>
         <file>rtsv7R4_A_be_v3D16_eabi.lib</file>
         <name>autoinit.obj</name>
      </input_file>
      <input_file id="fl-11a">
         <path>C:\ti\ccsv7\tools\compiler\ti-cgt-arm_16.9.4.LTS\lib\</path>
         <kind>archive</kind>
         <file>rtsv7R4_A_be_v3D16_eabi.lib</file>
         <name>exit.obj</name>
      </input_file>
      <input_file id="fl-11b">
         <path>C:\ti\ccsv7\tools\compiler\ti-cgt-arm_16.9.4.LTS\lib\</path>
         <kind>archive</kind>
         <file>rtsv7R4_A_be_v3D16_eabi.lib</file>
         <name>i_div32.obj</name>
      </input_file>
      <input_file id="fl-11d">
         <path>C:\ti\ccsv7\tools\compiler\ti-cgt-arm_16.9.4.LTS\lib\</path>
         <kind>archive</kind>
         <file>rtsv7R4_A_be_v3D16_eabi.lib</file>
         <name>memcpy32.obj</name>
      </input_file>
      <input_file id="fl-11f">
         <path>C:\ti\ccsv7\tools\compiler\ti-cgt-arm_16.9.4.LTS\lib\</path>
         <kind>archive</kind>
         <file>rtsv7R4_A_be_v3D16_eabi.lib</file>
         <name>memset32.obj</name>
      </input_file>
      <input_file id="fl-12f">
         <path>C:\ti\ccsv7\tools\compiler\ti-cgt-arm_16.9.4.LTS\lib\</path>
         <kind>archive</kind>
         <file>rtsv7R4_A_be_v3D16_eabi.lib</file>
         <name>u_div32.obj</name>
      </input_file>
      <input_file id="fl-130">
         <path>C:\ti\ccsv7\tools\compiler\ti-cgt-arm_16.9.4.LTS\lib\</path>
         <kind>archive</kind>
         <file>rtsv7R4_A_be_v3D16_eabi.lib</file>
         <name>ull_div32.obj</name>
      </input_file>
   </input_file_list>
   <object_component_list>
      <object_component id="oc-65">
         <name>.intvecs</name>
         <load_address>0x0</load_address>
         <run_address>0x0</run_address>
         <size>0x20</size>
         <input_file_ref idref="fl-40"/>
      </object_component>
      <object_component id="oc-19a">
         <name>.kernelTEXT</name>
         <load_address>0x20</load_address>
         <run_address>0x20</run_address>
         <size>0x1df4</size>
         <input_file_ref idref="fl-53"/>
      </object_component>
      <object_component id="oc-c4">
         <name>.kernelTEXT</name>
         <load_address>0x1e14</load_address>
         <run_address>0x1e14</run_address>
         <size>0xbdc</size>
         <input_file_ref idref="fl-52"/>
      </object_component>
      <object_component id="oc-d6">
         <name>.kernelTEXT</name>
         <load_address>0x29f0</load_address>
         <run_address>0x29f0</run_address>
         <size>0x4b0</size>
         <input_file_ref idref="fl-51"/>
      </object_component>
      <object_component id="oc-260">
         <name>.kernelTEXT</name>
         <load_address>0x2ea0</load_address>
         <run_address>0x2ea0</run_address>
         <size>0x364</size>
         <input_file_ref idref="fl-4c"/>
      </object_component>
      <object_component id="oc-41c">
         <name>.kernelTEXT</name>
         <load_address>0x3204</load_address>
         <run_address>0x3204</run_address>
         <size>0x230</size>
         <input_file_ref idref="fl-4d"/>
      </object_component>
      <object_component id="oc-4fc">
         <name>.kernelTEXT</name>
         <load_address>0x3434</load_address>
         <run_address>0x3434</run_address>
         <size>0x1e0</size>
         <input_file_ref idref="fl-50"/>
      </object_component>
      <object_component id="oc-712">
         <name>.cinit..data.load</name>
         <load_address>0x3618</load_address>
         <run_address>0x3618</run_address>
         <size>0xf0</size>
      </object_component>
      <object_component id="oc-70f">
         <name>.cinit..kernelBSS.load</name>
         <load_address>0x3708</load_address>
         <run_address>0x3708</run_address>
         <size>0xd</size>
      </object_component>
      <object_component id="oc-70d">
         <name>__TI_handler_table</name>
         <load_address>0x3718</load_address>
         <run_address>0x3718</run_address>
         <size>0xc</size>
      </object_component>
      <object_component id="oc-711">
         <name>.cinit..bss.load</name>
         <load_address>0x3728</load_address>
         <run_address>0x3728</run_address>
         <size>0x8</size>
      </object_component>
      <object_component id="oc-710">
         <name>.cinit..kernelHEAP.load</name>
         <load_address>0x3730</load_address>
         <run_address>0x3730</run_address>
         <size>0x8</size>
      </object_component>
      <object_component id="oc-70e">
         <name>__TI_cinit_table</name>
         <load_address>0x3738</load_address>
         <run_address>0x3738</run_address>
         <size>0x20</size>
      </object_component>
      <object_component id="oc-53">
         <name>.text</name>
         <load_address>0x8020</load_address>
         <run_address>0x8020</run_address>
         <size>0x27c8</size>
         <input_file_ref idref="fl-1e"/>
      </object_component>
      <object_component id="oc-1b6">
         <name>.text</name>
         <load_address>0xa7e8</load_address>
         <run_address>0xa7e8</run_address>
         <size>0x26e8</size>
         <input_file_ref idref="fl-28"/>
      </object_component>
      <object_component id="oc-4b3">
         <name>.text</name>
         <load_address>0xced0</load_address>
         <run_address>0xced0</run_address>
         <size>0x23f0</size>
         <input_file_ref idref="fl-6"/>
      </object_component>
      <object_component id="oc-144">
         <name>.text</name>
         <load_address>0xf2c0</load_address>
         <run_address>0xf2c0</run_address>
         <size>0x1d90</size>
         <input_file_ref idref="fl-e"/>
      </object_component>
      <object_component id="oc-464">
         <name>.text</name>
         <load_address>0x11050</load_address>
         <run_address>0x11050</run_address>
         <size>0x1860</size>
         <input_file_ref idref="fl-133"/>
      </object_component>
      <object_component id="oc-11a">
         <name>.text</name>
         <load_address>0x128b0</load_address>
         <run_address>0x128b0</run_address>
         <size>0x1828</size>
         <input_file_ref idref="fl-1f"/>
      </object_component>
      <object_component id="oc-41">
         <name>.text</name>
         <load_address>0x140d8</load_address>
         <run_address>0x140d8</run_address>
         <size>0x1498</size>
         <input_file_ref idref="fl-4a"/>
      </object_component>
      <object_component id="oc-4b9">
         <name>.text</name>
         <load_address>0x15570</load_address>
         <run_address>0x15570</run_address>
         <size>0x13e8</size>
         <input_file_ref idref="fl-9"/>
      </object_component>
      <object_component id="oc-138">
         <name>.text</name>
         <load_address>0x16958</load_address>
         <run_address>0x16958</run_address>
         <size>0x1054</size>
         <input_file_ref idref="fl-8"/>
      </object_component>
      <object_component id="oc-675">
         <name>.text</name>
         <load_address>0x179ac</load_address>
         <run_address>0x179ac</run_address>
         <size>0xf6c</size>
         <input_file_ref idref="fl-134"/>
      </object_component>
      <object_component id="oc-266">
         <name>.text</name>
         <load_address>0x18918</load_address>
         <run_address>0x18918</run_address>
         <size>0xf50</size>
         <input_file_ref idref="fl-21"/>
      </object_component>
      <object_component id="oc-477">
         <name>.text</name>
         <load_address>0x19868</load_address>
         <run_address>0x19868</run_address>
         <size>0xcac</size>
         <input_file_ref idref="fl-b"/>
      </object_component>
      <object_component id="oc-471">
         <name>.text</name>
         <load_address>0x1a514</load_address>
         <run_address>0x1a514</run_address>
         <size>0xaec</size>
         <input_file_ref idref="fl-a"/>
      </object_component>
      <object_component id="oc-132">
         <name>.text</name>
         <load_address>0x1b000</load_address>
         <run_address>0x1b000</run_address>
         <size>0xa80</size>
         <input_file_ref idref="fl-12"/>
      </object_component>
      <object_component id="oc-ca">
         <name>.text</name>
         <load_address>0x1ba80</load_address>
         <run_address>0x1ba80</run_address>
         <size>0x820</size>
         <input_file_ref idref="fl-1a"/>
      </object_component>
      <object_component id="oc-9b">
         <name>.text</name>
         <load_address>0x1c2a0</load_address>
         <run_address>0x1c2a0</run_address>
         <size>0x808</size>
         <input_file_ref idref="fl-48"/>
      </object_component>
      <object_component id="oc-231">
         <name>.text</name>
         <load_address>0x1caa8</load_address>
         <run_address>0x1caa8</run_address>
         <size>0x7ac</size>
         <input_file_ref idref="fl-25"/>
      </object_component>
      <object_component id="oc-553">
         <name>.text</name>
         <load_address>0x1d254</load_address>
         <run_address>0x1d254</run_address>
         <size>0x79c</size>
         <input_file_ref idref="fl-2"/>
      </object_component>
      <object_component id="oc-27e">
         <name>.text</name>
         <load_address>0x1d9f0</load_address>
         <run_address>0x1d9f0</run_address>
         <size>0x744</size>
         <input_file_ref idref="fl-1c"/>
      </object_component>
      <object_component id="oc-25d">
         <name>.text</name>
         <load_address>0x1e134</load_address>
         <run_address>0x1e134</run_address>
         <size>0x6e0</size>
         <input_file_ref idref="fl-1d"/>
      </object_component>
      <object_component id="oc-26">
         <name>.text:retain</name>
         <load_address>0x1e814</load_address>
         <run_address>0x1e814</run_address>
         <size>0x690</size>
         <input_file_ref idref="fl-1a"/>
      </object_component>
      <object_component id="oc-565">
         <name>.text</name>
         <load_address>0x1eea4</load_address>
         <run_address>0x1eea4</run_address>
         <size>0x668</size>
         <input_file_ref idref="fl-3"/>
      </object_component>
      <object_component id="oc-1b0">
         <name>.text</name>
         <load_address>0x1f50c</load_address>
         <run_address>0x1f50c</run_address>
         <size>0x5e0</size>
         <input_file_ref idref="fl-2a"/>
      </object_component>
      <object_component id="oc-f4">
         <name>.text</name>
         <load_address>0x1faec</load_address>
         <run_address>0x1faec</run_address>
         <size>0x5c4</size>
         <input_file_ref idref="fl-4f"/>
      </object_component>
      <object_component id="oc-13e">
         <name>.text</name>
         <load_address>0x200b0</load_address>
         <run_address>0x200b0</run_address>
         <size>0x5a4</size>
         <input_file_ref idref="fl-2e"/>
      </object_component>
      <object_component id="oc-2f">
         <name>.text</name>
         <load_address>0x20654</load_address>
         <run_address>0x20654</run_address>
         <size>0x56c</size>
         <input_file_ref idref="fl-13"/>
      </object_component>
      <object_component id="oc-71">
         <name>.text</name>
         <load_address>0x20bc0</load_address>
         <run_address>0x20bc0</run_address>
         <size>0x53c</size>
         <input_file_ref idref="fl-47"/>
      </object_component>
      <object_component id="oc-4d">
         <name>.text:retain</name>
         <load_address>0x210fc</load_address>
         <run_address>0x210fc</run_address>
         <size>0x460</size>
         <input_file_ref idref="fl-25"/>
      </object_component>
      <object_component id="oc-a1">
         <name>.text</name>
         <load_address>0x2155c</load_address>
         <run_address>0x2155c</run_address>
         <size>0x450</size>
         <input_file_ref idref="fl-3e"/>
      </object_component>
      <object_component id="oc-26c">
         <name>.text</name>
         <load_address>0x219ac</load_address>
         <run_address>0x219ac</run_address>
         <size>0x444</size>
         <input_file_ref idref="fl-22"/>
      </object_component>
      <object_component id="oc-b2">
         <name>.text</name>
         <load_address>0x21df0</load_address>
         <run_address>0x21df0</run_address>
         <size>0x394</size>
         <input_file_ref idref="fl-41"/>
      </object_component>
      <object_component id="oc-183">
         <name>.text</name>
         <load_address>0x22184</load_address>
         <run_address>0x22184</run_address>
         <size>0x318</size>
         <input_file_ref idref="fl-4"/>
      </object_component>
      <object_component id="oc-204">
         <name>.text</name>
         <load_address>0x2249c</load_address>
         <run_address>0x2249c</run_address>
         <size>0x2ec</size>
         <input_file_ref idref="fl-2c"/>
      </object_component>
      <object_component id="oc-162">
         <name>.text</name>
         <load_address>0x22788</load_address>
         <run_address>0x22788</run_address>
         <size>0x2dc</size>
         <input_file_ref idref="fl-2b"/>
      </object_component>
      <object_component id="oc-257">
         <name>.text</name>
         <load_address>0x22a64</load_address>
         <run_address>0x22a64</run_address>
         <size>0x2d0</size>
         <input_file_ref idref="fl-1b"/>
      </object_component>
      <object_component id="oc-533">
         <name>.text</name>
         <load_address>0x22d34</load_address>
         <run_address>0x22d34</run_address>
         <size>0x2b8</size>
         <input_file_ref idref="fl-130"/>
      </object_component>
      <object_component id="oc-6bf">
         <name>.text</name>
         <load_address>0x22fec</load_address>
         <run_address>0x22fec</run_address>
         <size>0x2a4</size>
         <input_file_ref idref="fl-13c"/>
      </object_component>
      <object_component id="oc-6cb">
         <name>.text</name>
         <load_address>0x23290</load_address>
         <run_address>0x23290</run_address>
         <size>0x284</size>
         <input_file_ref idref="fl-13e"/>
      </object_component>
      <object_component id="oc-156">
         <name>.text</name>
         <load_address>0x23514</load_address>
         <run_address>0x23514</run_address>
         <size>0x240</size>
         <input_file_ref idref="fl-116"/>
      </object_component>
      <object_component id="oc-168">
         <name>.text</name>
         <load_address>0x23754</load_address>
         <run_address>0x23754</run_address>
         <size>0x234</size>
         <input_file_ref idref="fl-26"/>
      </object_component>
      <object_component id="oc-58e">
         <name>.text</name>
         <load_address>0x23988</load_address>
         <run_address>0x23988</run_address>
         <size>0x20c</size>
         <input_file_ref idref="fl-3b"/>
      </object_component>
      <object_component id="oc-6c5">
         <name>.text</name>
         <load_address>0x23b94</load_address>
         <run_address>0x23b94</run_address>
         <size>0x1f8</size>
         <input_file_ref idref="fl-13d"/>
      </object_component>
      <object_component id="oc-272">
         <name>.text</name>
         <load_address>0x23d8c</load_address>
         <run_address>0x23d8c</run_address>
         <size>0x1e8</size>
         <input_file_ref idref="fl-20"/>
      </object_component>
      <object_component id="oc-174">
         <name>.text</name>
         <load_address>0x23f74</load_address>
         <run_address>0x23f74</run_address>
         <size>0x1e8</size>
         <input_file_ref idref="fl-2d"/>
      </object_component>
      <object_component id="oc-150">
         <name>.text</name>
         <load_address>0x2415c</load_address>
         <run_address>0x2415c</run_address>
         <size>0x1dc</size>
         <input_file_ref idref="fl-11"/>
      </object_component>
      <object_component id="oc-6b9">
         <name>.text</name>
         <load_address>0x24338</load_address>
         <run_address>0x24338</run_address>
         <size>0x1bc</size>
         <input_file_ref idref="fl-13f"/>
      </object_component>
      <object_component id="oc-488">
         <name>.text</name>
         <load_address>0x244f4</load_address>
         <run_address>0x244f4</run_address>
         <size>0x194</size>
         <input_file_ref idref="fl-c"/>
      </object_component>
      <object_component id="oc-4bf">
         <name>.text</name>
         <load_address>0x24688</load_address>
         <run_address>0x24688</run_address>
         <size>0x180</size>
         <input_file_ref idref="fl-f"/>
      </object_component>
      <object_component id="oc-8c">
         <name>.text</name>
         <load_address>0x24808</load_address>
         <run_address>0x24808</run_address>
         <size>0x180</size>
         <input_file_ref idref="fl-11d"/>
      </object_component>
      <object_component id="oc-70">
         <name>.text:retain</name>
         <load_address>0x24988</load_address>
         <run_address>0x24988</run_address>
         <size>0x178</size>
         <input_file_ref idref="fl-47"/>
      </object_component>
      <object_component id="oc-42e">
         <name>.text</name>
         <load_address>0x24b00</load_address>
         <run_address>0x24b00</run_address>
         <size>0x140</size>
         <input_file_ref idref="fl-3f"/>
      </object_component>
      <object_component id="oc-4f6">
         <name>.text</name>
         <load_address>0x24c40</load_address>
         <run_address>0x24c40</run_address>
         <size>0x134</size>
         <input_file_ref idref="fl-53"/>
      </object_component>
      <object_component id="oc-23e">
         <name>.text</name>
         <load_address>0x24d74</load_address>
         <run_address>0x24d74</run_address>
         <size>0x130</size>
         <input_file_ref idref="fl-24"/>
      </object_component>
      <object_component id="oc-54b">
         <name>.text</name>
         <load_address>0x24ea4</load_address>
         <run_address>0x24ea4</run_address>
         <size>0x124</size>
         <input_file_ref idref="fl-124"/>
      </object_component>
      <object_component id="oc-604">
         <name>.text</name>
         <load_address>0x24fc8</load_address>
         <run_address>0x24fc8</run_address>
         <size>0x11c</size>
         <input_file_ref idref="fl-13b"/>
      </object_component>
      <object_component id="oc-189">
         <name>.text</name>
         <load_address>0x250e4</load_address>
         <run_address>0x250e4</run_address>
         <size>0x110</size>
         <input_file_ref idref="fl-4e"/>
      </object_component>
      <object_component id="oc-278">
         <name>.text</name>
         <load_address>0x251f4</load_address>
         <run_address>0x251f4</run_address>
         <size>0x104</size>
         <input_file_ref idref="fl-122"/>
      </object_component>
      <object_component id="oc-fa">
         <name>.text</name>
         <load_address>0x252f8</load_address>
         <run_address>0x252f8</run_address>
         <size>0xf8</size>
         <input_file_ref idref="fl-17"/>
      </object_component>
      <object_component id="oc-15c">
         <name>.text</name>
         <load_address>0x253f0</load_address>
         <run_address>0x253f0</run_address>
         <size>0xf8</size>
         <input_file_ref idref="fl-121"/>
      </object_component>
      <object_component id="oc-4ad">
         <name>.text</name>
         <load_address>0x254e8</load_address>
         <run_address>0x254e8</run_address>
         <size>0xec</size>
         <input_file_ref idref="fl-10"/>
      </object_component>
      <object_component id="oc-5f">
         <name>.text:retain</name>
         <load_address>0x255d4</load_address>
         <run_address>0x255d4</run_address>
         <size>0xe8</size>
         <input_file_ref idref="fl-35"/>
      </object_component>
      <object_component id="oc-35">
         <name>.text:retain</name>
         <load_address>0x256bc</load_address>
         <run_address>0x256bc</run_address>
         <size>0xe8</size>
         <input_file_ref idref="fl-18"/>
      </object_component>
      <object_component id="oc-120">
         <name>.text</name>
         <load_address>0x257a4</load_address>
         <run_address>0x257a4</run_address>
         <size>0xd0</size>
         <input_file_ref idref="fl-30"/>
      </object_component>
      <object_component id="oc-545">
         <name>.text</name>
         <load_address>0x25874</load_address>
         <run_address>0x25874</run_address>
         <size>0xc6</size>
         <input_file_ref idref="fl-12a"/>
      </object_component>
      <object_component id="oc-594">
         <name>.text</name>
         <load_address>0x2593c</load_address>
         <run_address>0x2593c</run_address>
         <size>0xc0</size>
         <input_file_ref idref="fl-38"/>
      </object_component>
      <object_component id="oc-95">
         <name>.text</name>
         <load_address>0x259fc</load_address>
         <run_address>0x259fc</run_address>
         <size>0xb0</size>
         <input_file_ref idref="fl-11f"/>
      </object_component>
      <object_component id="oc-ac">
         <name>.text</name>
         <load_address>0x25aac</load_address>
         <run_address>0x25aac</run_address>
         <size>0xac</size>
         <input_file_ref idref="fl-35"/>
      </object_component>
      <object_component id="oc-b7">
         <name>.text</name>
         <load_address>0x25b58</load_address>
         <run_address>0x25b58</run_address>
         <size>0xa8</size>
         <input_file_ref idref="fl-110"/>
      </object_component>
      <object_component id="oc-126">
         <name>.text</name>
         <load_address>0x25c00</load_address>
         <run_address>0x25c00</run_address>
         <size>0xa8</size>
         <input_file_ref idref="fl-123"/>
      </object_component>
      <object_component id="oc-456">
         <name>.text</name>
         <load_address>0x25ca8</load_address>
         <run_address>0x25ca8</run_address>
         <size>0xa0</size>
         <input_file_ref idref="fl-4c"/>
      </object_component>
      <object_component id="oc-3b">
         <name>.text:retain</name>
         <load_address>0x25d48</load_address>
         <run_address>0x25d48</run_address>
         <size>0xa0</size>
         <input_file_ref idref="fl-55"/>
      </object_component>
      <object_component id="oc-100">
         <name>.text</name>
         <load_address>0x25de8</load_address>
         <run_address>0x25de8</run_address>
         <size>0x98</size>
         <input_file_ref idref="fl-14"/>
      </object_component>
      <object_component id="oc-20">
         <name>.text:retain</name>
         <load_address>0x25e80</load_address>
         <run_address>0x25e80</run_address>
         <size>0x98</size>
         <input_file_ref idref="fl-46"/>
      </object_component>
      <object_component id="oc-47d">
         <name>.text</name>
         <load_address>0x25f18</load_address>
         <run_address>0x25f18</run_address>
         <size>0x94</size>
         <input_file_ref idref="fl-d"/>
      </object_component>
      <object_component id="oc-e">
         <name>.text:decompress:lzss</name>
         <load_address>0x25fac</load_address>
         <run_address>0x25fac</run_address>
         <size>0x90</size>
         <input_file_ref idref="fl-111"/>
      </object_component>
      <object_component id="oc-bd">
         <name>.text</name>
         <load_address>0x2603c</load_address>
         <run_address>0x2603c</run_address>
         <size>0x90</size>
         <input_file_ref idref="fl-11a"/>
      </object_component>
      <object_component id="oc-5fe">
         <name>.text</name>
         <load_address>0x260cc</load_address>
         <run_address>0x260cc</run_address>
         <size>0x8c</size>
         <input_file_ref idref="fl-13a"/>
      </object_component>
      <object_component id="oc-4c5">
         <name>.text</name>
         <load_address>0x26158</load_address>
         <run_address>0x26158</run_address>
         <size>0x88</size>
         <input_file_ref idref="fl-131"/>
      </object_component>
      <object_component id="oc-5d8">
         <name>.text</name>
         <load_address>0x261e0</load_address>
         <run_address>0x261e0</run_address>
         <size>0x84</size>
         <input_file_ref idref="fl-4d"/>
      </object_component>
      <object_component id="oc-60a">
         <name>.text</name>
         <load_address>0x26264</load_address>
         <run_address>0x26264</run_address>
         <size>0x84</size>
         <input_file_ref idref="fl-135"/>
      </object_component>
      <object_component id="oc-400">
         <name>.text</name>
         <load_address>0x262e8</load_address>
         <run_address>0x262e8</run_address>
         <size>0x84</size>
         <input_file_ref idref="fl-114"/>
      </object_component>
      <object_component id="oc-5f8">
         <name>.text</name>
         <load_address>0x2636c</load_address>
         <run_address>0x2636c</run_address>
         <size>0x80</size>
         <input_file_ref idref="fl-137"/>
      </object_component>
      <object_component id="oc-59">
         <name>.text:retain</name>
         <load_address>0x263ec</load_address>
         <run_address>0x263ec</run_address>
         <size>0x68</size>
         <input_file_ref idref="fl-37"/>
      </object_component>
      <object_component id="oc-483">
         <name>.text</name>
         <load_address>0x26454</load_address>
         <run_address>0x26454</run_address>
         <size>0x54</size>
         <input_file_ref idref="fl-11b"/>
      </object_component>
      <object_component id="oc-195">
         <name>.text</name>
         <load_address>0x264a8</load_address>
         <run_address>0x264a8</run_address>
         <size>0x50</size>
         <input_file_ref idref="fl-12f"/>
      </object_component>
      <object_component id="oc-47">
         <name>.text</name>
         <load_address>0x264f8</load_address>
         <run_address>0x264f8</run_address>
         <size>0x48</size>
         <input_file_ref idref="fl-55"/>
      </object_component>
      <object_component id="oc-63b">
         <name>.text</name>
         <load_address>0x26540</load_address>
         <run_address>0x26540</run_address>
         <size>0x44</size>
         <input_file_ref idref="fl-5"/>
      </object_component>
      <object_component id="oc-18f">
         <name>.text</name>
         <load_address>0x26584</load_address>
         <run_address>0x26584</run_address>
         <size>0x44</size>
         <input_file_ref idref="fl-120"/>
      </object_component>
      <object_component id="oc-494">
         <name>.text</name>
         <load_address>0x265c8</load_address>
         <run_address>0x265c8</run_address>
         <size>0x44</size>
         <input_file_ref idref="fl-12d"/>
      </object_component>
      <object_component id="oc-244">
         <name>.text</name>
         <load_address>0x2660c</load_address>
         <run_address>0x2660c</run_address>
         <size>0x34</size>
         <input_file_ref idref="fl-11c"/>
      </object_component>
      <object_component id="oc-4e0">
         <name>.text</name>
         <load_address>0x26640</load_address>
         <run_address>0x26640</run_address>
         <size>0x34</size>
         <input_file_ref idref="fl-12c"/>
      </object_component>
      <object_component id="oc-a6">
         <name>.text</name>
         <load_address>0x26674</load_address>
         <run_address>0x26674</run_address>
         <size>0x2c</size>
         <input_file_ref idref="fl-3a"/>
      </object_component>
      <object_component id="oc-653">
         <name>.text</name>
         <load_address>0x266a0</load_address>
         <run_address>0x266a0</run_address>
         <size>0x2c</size>
         <input_file_ref idref="fl-50"/>
      </object_component>
      <object_component id="oc-52d">
         <name>.text</name>
         <load_address>0x266cc</load_address>
         <run_address>0x266cc</run_address>
         <size>0x2c</size>
         <input_file_ref idref="fl-12e"/>
      </object_component>
      <object_component id="oc-51d">
         <name>.text</name>
         <load_address>0x266f8</load_address>
         <run_address>0x266f8</run_address>
         <size>0x28</size>
         <input_file_ref idref="fl-127"/>
      </object_component>
      <object_component id="oc-ee">
         <name>.text</name>
         <load_address>0x26720</load_address>
         <run_address>0x26720</run_address>
         <size>0x28</size>
         <input_file_ref idref="fl-128"/>
      </object_component>
      <object_component id="oc-680">
         <name>.text</name>
         <load_address>0x26748</load_address>
         <run_address>0x26748</run_address>
         <size>0x24</size>
         <input_file_ref idref="fl-126"/>
      </object_component>
      <object_component id="oc-12c">
         <name>.text</name>
         <load_address>0x2676c</load_address>
         <run_address>0x2676c</run_address>
         <size>0x20</size>
         <input_file_ref idref="fl-12b"/>
      </object_component>
      <object_component id="oc-69f">
         <name>.text</name>
         <load_address>0x2678c</load_address>
         <run_address>0x2678c</run_address>
         <size>0x1c</size>
         <input_file_ref idref="fl-141"/>
      </object_component>
      <object_component id="oc-48e">
         <name>.text</name>
         <load_address>0x267a8</load_address>
         <run_address>0x267a8</run_address>
         <size>0x18</size>
         <input_file_ref idref="fl-129"/>
      </object_component>
      <object_component id="oc-14">
         <name>.text:decompress:none</name>
         <load_address>0x267c0</load_address>
         <run_address>0x267c0</run_address>
         <size>0x14</size>
         <input_file_ref idref="fl-112"/>
      </object_component>
      <object_component id="oc-4cf">
         <name>.text</name>
         <load_address>0x267d4</load_address>
         <run_address>0x267d4</run_address>
         <size>0x14</size>
         <input_file_ref idref="fl-139"/>
      </object_component>
      <object_component id="oc-1a">
         <name>.text:decompress:ZI</name>
         <load_address>0x267e8</load_address>
         <run_address>0x267e8</run_address>
         <size>0x10</size>
         <input_file_ref idref="fl-113"/>
      </object_component>
      <object_component id="oc-14a">
         <name>.text</name>
         <load_address>0x267f8</load_address>
         <run_address>0x267f8</run_address>
         <size>0x10</size>
         <input_file_ref idref="fl-49"/>
      </object_component>
      <object_component id="oc-17d">
         <name>.text</name>
         <load_address>0x26808</load_address>
         <run_address>0x26808</run_address>
         <size>0x8</size>
         <input_file_ref idref="fl-37"/>
      </object_component>
      <object_component id="oc-6a">
         <name>.text:retain</name>
         <load_address>0x26810</load_address>
         <run_address>0x26810</run_address>
         <size>0x4</size>
         <input_file_ref idref="fl-43"/>
      </object_component>
      <object_component id="oc-5ce">
         <name>.text</name>
         <load_address>0x26814</load_address>
         <run_address>0x26814</run_address>
         <size>0x4</size>
         <input_file_ref idref="fl-132"/>
      </object_component>
      <object_component id="oc-4ef">
         <name>.text</name>
         <load_address>0x26818</load_address>
         <run_address>0x26818</run_address>
         <size>0x4</size>
         <input_file_ref idref="fl-136"/>
      </object_component>
      <object_component id="oc-406">
         <name>.text</name>
         <load_address>0x2681c</load_address>
         <run_address>0x2681c</run_address>
         <size>0x4</size>
         <input_file_ref idref="fl-125"/>
      </object_component>
      <object_component id="oc-635">
         <name>.const:.string:pcFTP_PNG_Data$44</name>
         <load_address>0x26820</load_address>
         <run_address>0x26820</run_address>
         <size>0x7ed3</size>
         <input_file_ref idref="fl-2e"/>
      </object_component>
      <object_component id="oc-632">
         <name>.const:.string:pcLogo_JPG_Data$44</name>
         <load_address>0x2e6f3</load_address>
         <run_address>0x2e6f3</run_address>
         <size>0x143a</size>
         <input_file_ref idref="fl-2e"/>
      </object_component>
      <object_component id="oc-62f">
         <name>.const:.string:pcFreeRTOS_HTML_Data$44</name>
         <load_address>0x2fb2d</load_address>
         <run_address>0x2fb2d</run_address>
         <size>0xdbe</size>
         <input_file_ref idref="fl-2e"/>
      </object_component>
      <object_component id="oc-526">
         <name>.const:.string:pcEmptyString$40</name>
         <load_address>0x308eb</load_address>
         <run_address>0x308eb</run_address>
         <size>0x1</size>
         <input_file_ref idref="fl-2a"/>
      </object_component>
      <object_component id="oc-451">
         <name>.const:.string</name>
         <load_address>0x308ec</load_address>
         <run_address>0x308ec</run_address>
         <size>0x6ac</size>
         <input_file_ref idref="fl-142"/>
      </object_component>
      <object_component id="oc-49d">
         <name>.const:crc32_table</name>
         <load_address>0x30f98</load_address>
         <run_address>0x30f98</run_address>
         <size>0x400</size>
         <input_file_ref idref="fl-5"/>
      </object_component>
      <object_component id="oc-542">
         <name>.const:xFTPCommands</name>
         <load_address>0x31398</load_address>
         <run_address>0x31398</run_address>
         <size>0x270</size>
         <input_file_ref idref="fl-27"/>
      </object_component>
      <object_component id="oc-28">
         <name>.const:s_vim_init</name>
         <load_address>0x31608</load_address>
         <run_address>0x31608</run_address>
         <size>0x200</size>
         <input_file_ref idref="fl-47"/>
      </object_component>
      <object_component id="oc-67b">
         <name>.const:.string:_ctypes_</name>
         <load_address>0x31808</load_address>
         <run_address>0x31808</run_address>
         <size>0x101</size>
         <input_file_ref idref="fl-115"/>
      </object_component>
      <object_component id="oc-6b0">
         <name>.const:.string:crc16_table_high$3</name>
         <load_address>0x31909</load_address>
         <run_address>0x31909</run_address>
         <size>0x100</size>
         <input_file_ref idref="fl-5"/>
      </object_component>
      <object_component id="oc-6ad">
         <name>.const:.string:crc16_table_low$3</name>
         <load_address>0x31a09</load_address>
         <run_address>0x31a09</run_address>
         <size>0x100</size>
         <input_file_ref idref="fl-5"/>
      </object_component>
      <object_component id="oc-4a4">
         <name>.const:.string:rootDir$14</name>
         <load_address>0x31b09</load_address>
         <run_address>0x31b09</run_address>
         <size>0x2</size>
         <input_file_ref idref="fl-10"/>
      </object_component>
      <object_component id="oc-529">
         <name>.const:xWebCommands</name>
         <load_address>0x31b0c</load_address>
         <run_address>0x31b0c</run_address>
         <size>0x78</size>
         <input_file_ref idref="fl-29"/>
      </object_component>
      <object_component id="oc-1f5">
         <name>.const:.string:ucDNSServerAddress$63</name>
         <load_address>0x31b84</load_address>
         <run_address>0x31b84</run_address>
         <size>0x4</size>
         <input_file_ref idref="fl-4a"/>
      </object_component>
      <object_component id="oc-6e2">
         <name>.const:digits$108</name>
         <load_address>0x31b88</load_address>
         <run_address>0x31b88</run_address>
         <size>0x50</size>
         <input_file_ref idref="fl-13c"/>
      </object_component>
      <object_component id="oc-6e5">
         <name>.const:powerof10$108</name>
         <load_address>0x31bd8</load_address>
         <run_address>0x31bd8</run_address>
         <size>0x48</size>
         <input_file_ref idref="fl-13c"/>
      </object_component>
      <object_component id="oc-551">
         <name>.const:.string:pcFeatAnswer$1$38</name>
         <load_address>0x31c20</load_address>
         <run_address>0x31c20</run_address>
         <size>0x32</size>
         <input_file_ref idref="fl-28"/>
      </object_component>
      <object_component id="oc-5a8">
         <name>.const:.string:xDefaultPartARPPacketHeader$25</name>
         <load_address>0x31c52</load_address>
         <run_address>0x31c52</run_address>
         <size>0x26</size>
         <input_file_ref idref="fl-1b"/>
      </object_component>
      <object_component id="oc-541">
         <name>.const:.string:pcMonthList$2$38</name>
         <load_address>0x31c78</load_address>
         <run_address>0x31c78</run_address>
         <size>0x25</size>
         <input_file_ref idref="fl-28"/>
      </object_component>
      <object_component id="oc-4a9">
         <name>.const:xHTTPFilesToCopy</name>
         <load_address>0x31ca0</load_address>
         <run_address>0x31ca0</run_address>
         <size>0x24</size>
         <input_file_ref idref="fl-2e"/>
      </object_component>
      <object_component id="oc-1af">
         <name>.const:xServerConfiguration$1$63</name>
         <load_address>0x31cc4</load_address>
         <run_address>0x31cc4</run_address>
         <size>0x20</size>
         <input_file_ref idref="fl-4a"/>
      </object_component>
      <object_component id="oc-5b6">
         <name>.const:.string:ucDHCPRequestOptions$1$26</name>
         <load_address>0x31ce4</load_address>
         <run_address>0x31ce4</run_address>
         <size>0x18</size>
         <input_file_ref idref="fl-1c"/>
      </object_component>
      <object_component id="oc-45d">
         <name>.const:s_adcFiFoSize$46</name>
         <load_address>0x31cfc</load_address>
         <run_address>0x31cfc</run_address>
         <size>0x18</size>
         <input_file_ref idref="fl-30"/>
      </object_component>
      <object_component id="oc-460">
         <name>.const:s_adcSelect$46</name>
         <load_address>0x31d14</load_address>
         <run_address>0x31d14</run_address>
         <size>0x18</size>
         <input_file_ref idref="fl-30"/>
      </object_component>
      <object_component id="oc-106">
         <name>.const:xAvailablePeripherals$17</name>
         <load_address>0x31d2c</load_address>
         <run_address>0x31d2c</run_address>
         <size>0x18</size>
         <input_file_ref idref="fl-13"/>
      </object_component>
      <object_component id="oc-505">
         <name>.const:.string:ucExpectedStackBytes$1</name>
         <load_address>0x31d44</load_address>
         <run_address>0x31d44</run_address>
         <size>0x14</size>
         <input_file_ref idref="fl-53"/>
      </object_component>
      <object_component id="oc-5b7">
         <name>.const:.string:ucDHCPDiscoverOptions$2$26</name>
         <load_address>0x31d58</load_address>
         <run_address>0x31d58</run_address>
         <size>0x11</size>
         <input_file_ref idref="fl-1c"/>
      </object_component>
      <object_component id="oc-1d1">
         <name>.const:xCD$1</name>
         <load_address>0x31d6c</load_address>
         <run_address>0x31d6c</run_address>
         <size>0x10</size>
         <input_file_ref idref="fl-3"/>
      </object_component>
      <object_component id="oc-1dd">
         <name>.const:xCOPY$1</name>
         <load_address>0x31d7c</load_address>
         <run_address>0x31d7c</run_address>
         <size>0x10</size>
         <input_file_ref idref="fl-3"/>
      </object_component>
      <object_component id="oc-1d7">
         <name>.const:xDEL$1</name>
         <load_address>0x31d8c</load_address>
         <run_address>0x31d8c</run_address>
         <size>0x10</size>
         <input_file_ref idref="fl-3"/>
      </object_component>
      <object_component id="oc-1ce">
         <name>.const:xDIR$1</name>
         <load_address>0x31d9c</load_address>
         <run_address>0x31d9c</run_address>
         <size>0x10</size>
         <input_file_ref idref="fl-3"/>
      </object_component>
      <object_component id="oc-1c2">
         <name>.const:xEmacStat$63</name>
         <load_address>0x31dac</load_address>
         <run_address>0x31dac</run_address>
         <size>0x10</size>
         <input_file_ref idref="fl-4a"/>
      </object_component>
      <object_component id="oc-64a">
         <name>.const:xHelpCommand$2</name>
         <load_address>0x31dbc</load_address>
         <run_address>0x31dbc</run_address>
         <size>0x10</size>
         <input_file_ref idref="fl-4"/>
      </object_component>
      <object_component id="oc-1c8">
         <name>.const:xNetStat$63</name>
         <load_address>0x31dcc</load_address>
         <run_address>0x31dcc</run_address>
         <size>0x10</size>
         <input_file_ref idref="fl-4a"/>
      </object_component>
      <object_component id="oc-1e0">
         <name>.const:xPWD$1</name>
         <load_address>0x31ddc</load_address>
         <run_address>0x31ddc</run_address>
         <size>0x10</size>
         <input_file_ref idref="fl-3"/>
      </object_component>
      <object_component id="oc-1c5">
         <name>.const:xPing$63</name>
         <load_address>0x31dec</load_address>
         <run_address>0x31dec</run_address>
         <size>0x10</size>
         <input_file_ref idref="fl-4a"/>
      </object_component>
      <object_component id="oc-1da">
         <name>.const:xRMDIR$1</name>
         <load_address>0x31dfc</load_address>
         <run_address>0x31dfc</run_address>
         <size>0x10</size>
         <input_file_ref idref="fl-3"/>
      </object_component>
      <object_component id="oc-1cb">
         <name>.const:xReset$63</name>
         <load_address>0x31e0c</load_address>
         <run_address>0x31e0c</run_address>
         <size>0x10</size>
         <input_file_ref idref="fl-4a"/>
      </object_component>
      <object_component id="oc-1bf">
         <name>.const:xRunTimeStats$63</name>
         <load_address>0x31e1c</load_address>
         <run_address>0x31e1c</run_address>
         <size>0x10</size>
         <input_file_ref idref="fl-4a"/>
      </object_component>
      <object_component id="oc-1d4">
         <name>.const:xTYPE$1</name>
         <load_address>0x31e2c</load_address>
         <run_address>0x31e2c</run_address>
         <size>0x10</size>
         <input_file_ref idref="fl-3"/>
      </object_component>
      <object_component id="oc-1bc">
         <name>.const:xTaskStats$63</name>
         <load_address>0x31e3c</load_address>
         <run_address>0x31e3c</run_address>
         <size>0x10</size>
         <input_file_ref idref="fl-4a"/>
      </object_component>
      <object_component id="oc-5ac">
         <name>.const:xDefaultPartDNSHeader$3$27</name>
         <load_address>0x31e4c</load_address>
         <run_address>0x31e4c</run_address>
         <size>0xc</size>
         <input_file_ref idref="fl-1d"/>
      </object_component>
      <object_component id="oc-538">
         <name>.const:.string:$P$T2$3$38</name>
         <load_address>0x31e58</load_address>
         <run_address>0x31e58</run_address>
         <size>0xb</size>
         <input_file_ref idref="fl-28"/>
      </object_component>
      <object_component id="oc-641">
         <name>.const:.string:forbiddenChrs$4</name>
         <load_address>0x31e63</load_address>
         <run_address>0x31e63</run_address>
         <size>0xa</size>
         <input_file_ref idref="fl-6"/>
      </object_component>
      <object_component id="oc-53b">
         <name>.const:.string:$P$T3$4$38</name>
         <load_address>0x31e6d</load_address>
         <run_address>0x31e6d</run_address>
         <size>0x9</size>
         <input_file_ref idref="fl-28"/>
      </object_component>
      <object_component id="oc-53e">
         <name>.const:.string:$P$T4$5$38</name>
         <load_address>0x31e76</load_address>
         <run_address>0x31e76</run_address>
         <size>0x8</size>
         <input_file_ref idref="fl-28"/>
      </object_component>
      <object_component id="oc-1a9">
         <name>.const:bp$77</name>
         <load_address>0x31e80</load_address>
         <run_address>0x31e80</run_address>
         <size>0x8</size>
         <input_file_ref idref="fl-117"/>
      </object_component>
      <object_component id="oc-1a3">
         <name>.const:dp_h$77</name>
         <load_address>0x31e88</load_address>
         <run_address>0x31e88</run_address>
         <size>0x8</size>
         <input_file_ref idref="fl-117"/>
      </object_component>
      <object_component id="oc-1a6">
         <name>.const:dp_l$77</name>
         <load_address>0x31e90</load_address>
         <run_address>0x31e90</run_address>
         <size>0x8</size>
         <input_file_ref idref="fl-117"/>
      </object_component>
      <object_component id="oc-24d">
         <name>.const:xNetworkDownEvent$2$28</name>
         <load_address>0x31e98</load_address>
         <run_address>0x31e98</run_address>
         <size>0x8</size>
         <input_file_ref idref="fl-1e"/>
      </object_component>
      <object_component id="oc-6d1">
         <name>.const:.string:flit$1$100</name>
         <load_address>0x31ea0</load_address>
         <run_address>0x31ea0</run_address>
         <size>0x7</size>
         <input_file_ref idref="fl-134"/>
      </object_component>
      <object_component id="oc-6d2">
         <name>.const:.string:barr$2$100</name>
         <load_address>0x31ea7</load_address>
         <run_address>0x31ea7</run_address>
         <size>0x6</size>
         <input_file_ref idref="fl-134"/>
      </object_component>
      <object_component id="oc-24a">
         <name>.const:xBroadcastMACAddress</name>
         <load_address>0x31ead</load_address>
         <run_address>0x31ead</run_address>
         <size>0x6</size>
         <input_file_ref idref="fl-1e"/>
      </object_component>
      <object_component id="oc-1f2">
         <name>.const:.string:ucGatewayAddress$63</name>
         <load_address>0x31eb3</load_address>
         <run_address>0x31eb3</run_address>
         <size>0x4</size>
         <input_file_ref idref="fl-4a"/>
      </object_component>
      <object_component id="oc-1ec">
         <name>.const:.string:ucIPAddress$63</name>
         <load_address>0x31eb7</load_address>
         <run_address>0x31eb7</run_address>
         <size>0x4</size>
         <input_file_ref idref="fl-4a"/>
      </object_component>
      <object_component id="oc-1ef">
         <name>.const:.string:ucNetMask$63</name>
         <load_address>0x31ebb</load_address>
         <run_address>0x31ebb</run_address>
         <size>0x4</size>
         <input_file_ref idref="fl-4a"/>
      </object_component>
      <object_component id="oc-439">
         <name>.kernelBSS:init</name>
         <load_address>0x8004e00</load_address>
         <run_address>0x8004e00</run_address>
         <size>0x164</size>
         <input_file_ref idref="fl-53"/>
      </object_component>
      <object_component id="oc-502">
         <name>.kernelBSS:uninit</name>
         <load_address>0x8004f6c</load_address>
         <run_address>0x8004f6c</run_address>
         <size>0x8</size>
         <input_file_ref idref="fl-53"/>
      </object_component>
      <object_component id="oc-43c">
         <name>.kernelBSS</name>
         <load_address>0x8004f64</load_address>
         <run_address>0x8004f64</run_address>
         <size>0x8</size>
         <input_file_ref idref="fl-50"/>
      </object_component>
      <object_component id="oc-5e1">
         <name>.kernelHEAP</name>
         <uninitialized>true</uninitialized>
         <run_address>0x8005600</run_address>
         <size>0x40000</size>
         <input_file_ref idref="fl-4d"/>
      </object_component>
      <object_component id="oc-4a1">
         <name>.bss:file_systems$14</name>
         <uninitialized>true</uninitialized>
         <run_address>0x807ed10</run_address>
         <size>0x64</size>
         <input_file_ref idref="fl-10"/>
      </object_component>
      <object_component id="oc-d3">
         <name>.bss:g_sciTransfer_t$24</name>
         <uninitialized>true</uninitialized>
         <run_address>0x807ed74</run_address>
         <size>0x50</size>
         <input_file_ref idref="fl-1a"/>
      </object_component>
      <object_component id="oc-254">
         <name>.bss:xDHCPData$26</name>
         <uninitialized>true</uninitialized>
         <run_address>0x807edc4</run_address>
         <size>0x24</size>
         <input_file_ref idref="fl-1c"/>
      </object_component>
      <object_component id="oc-1e9">
         <name>.bss:ucBuffers$34</name>
         <uninitialized>true</uninitialized>
         <run_address>0x8077600</run_address>
         <size>0x7710</size>
         <input_file_ref idref="fl-24"/>
      </object_component>
      <object_component id="oc-49a">
         <name>.bss:ucRAMDisk$63</name>
         <uninitialized>true</uninitialized>
         <run_address>0x8045600</run_address>
         <size>0x32000</size>
         <input_file_ref idref="fl-4a"/>
      </object_component>
      <object_component id="oc-4a0">
         <name>.common:ucAssumeFATType</name>
         <uninitialized>true</uninitialized>
         <run_address>0x807edec</run_address>
         <size>0x1</size>
      </object_component>
      <object_component id="oc-118">
         <name>.common:xSysTimeMsec</name>
         <uninitialized>true</uninitialized>
         <run_address>0x807ede8</run_address>
         <size>0x4</size>
      </object_component>
      <object_component id="oc-40e">
         <name>.data:$O1$$</name>
         <load_address>0x807fb04</load_address>
         <run_address>0x807fb04</run_address>
         <size>0xc</size>
         <input_file_ref idref="fl-11a"/>
      </object_component>
      <object_component id="oc-16e">
         <name>.data:xDefaultPartUDPPacketHeader</name>
         <load_address>0x807fad8</load_address>
         <run_address>0x807fad8</run_address>
         <size>0x18</size>
         <input_file_ref idref="fl-23"/>
      </object_component>
      <object_component id="oc-23a">
         <name>.data</name>
         <load_address>0x807fb28</load_address>
         <run_address>0x807fb28</run_address>
         <size>0x4</size>
         <input_file_ref idref="fl-25"/>
      </object_component>
      <object_component id="oc-523">
         <name>.data:pxTypeCouples</name>
         <load_address>0x807f900</load_address>
         <run_address>0x807f900</run_address>
         <size>0x68</size>
         <input_file_ref idref="fl-2a"/>
      </object_component>
      <object_component id="oc-115">
         <name>.data</name>
         <load_address>0x807fb20</load_address>
         <run_address>0x807fb20</run_address>
         <size>0x8</size>
         <input_file_ref idref="fl-55"/>
      </object_component>
      <object_component id="oc-1a0">
         <name>.data</name>
         <load_address>0x807fb2c</load_address>
         <run_address>0x807fb2c</run_address>
         <size>0x4</size>
         <input_file_ref idref="fl-119"/>
      </object_component>
      <object_component id="oc-4eb">
         <name>.data</name>
         <load_address>0x807fb30</load_address>
         <run_address>0x807fb30</run_address>
         <size>0x4</size>
         <input_file_ref idref="fl-120"/>
      </object_component>
[...]
         <name>MPU_uxTaskPriorityGet</name>
         <value>0x1fff0</value>
         <object_component_ref idref="oc-f4"/>
      </symbol>
      <symbol id="sm-19bd">
         <name>MPU_xQueueCreateCountingSemaphore</name>
         <value>0x1fd90</value>
         <object_component_ref idref="oc-f4"/>
      </symbol>
      <symbol id="sm-19be">
         <name>MPU_uxTaskGetNumberOfTasks</name>
         <value>0x20040</value>
         <object_component_ref idref="oc-f4"/>
      </symbol>
      <symbol id="sm-19bf">
         <name>MPU_xPortGetFreeHeapSize</name>
         <value>0x1fdc0</value>
         <object_component_ref idref="oc-f4"/>
      </symbol>
      <symbol id="sm-19c0">
         <name>MPU_xQueueGetMutexHolder</name>
         <value>0x1fc58</value>
         <object_component_ref idref="oc-f4"/>
      </symbol>
      <symbol id="sm-19c1">
         <name>MPU_vTaskGetRunTimeStats</name>
         <value>0x1fea8</value>
         <object_component_ref idref="oc-f4"/>
      </symbol>
      <symbol id="sm-19c2">
         <name>MPU_xTaskGetCurrentTaskHandle</name>
         <value>0x1fb4c</value>
         <object_component_ref idref="oc-f4"/>
      </symbol>
      <symbol id="sm-19c3">
         <name>MPU_uxQueueMessagesWaiting</name>
         <value>0x20060</value>
         <object_component_ref idref="oc-f4"/>
      </symbol>
      <symbol id="sm-19c4">
         <name>MPU_xQueueGenericSend</name>
         <value>0x1fc80</value>
         <object_component_ref idref="oc-f4"/>
      </symbol>
      <symbol id="sm-19c5">
         <name>MPU_xQueueTakeMutexRecursive</name>
         <value>0x1fbd0</value>
         <object_component_ref idref="oc-f4"/>
      </symbol>
      <symbol id="sm-19c6">
         <name>MPU_vTaskDelete</name>
         <value>0x1fed0</value>
         <object_component_ref idref="oc-f4"/>
      </symbol>
      <symbol id="sm-19c7">
         <name>MPU_vTaskList</name>
         <value>0x1fe80</value>
         <object_component_ref idref="oc-f4"/>
      </symbol>
      <symbol id="sm-19c8">
         <name>MPU_xTaskResumeAll</name>
         <value>0x1faec</value>
         <object_component_ref idref="oc-f4"/>
      </symbol>
      <symbol id="sm-19c9">
         <name>MPU_vTaskDelay</name>
         <value>0x1ff28</value>
         <object_component_ref idref="oc-f4"/>
      </symbol>
      <symbol id="sm-19ca">
         <name>MPU_xQueueGiveMutexRecursive</name>
         <value>0x1fc30</value>
         <object_component_ref idref="oc-f4"/>
      </symbol>
      <symbol id="sm-19cb">
         <name>MPU_xQueueGenericCreate</name>
         <value>0x1fd30</value>
         <object_component_ref idref="oc-f4"/>
      </symbol>
      <symbol id="sm-19cc">
         <name>MPU_vTaskSuspendAll</name>
         <value>0x1fde0</value>
         <object_component_ref idref="oc-f4"/>
      </symbol>
      <symbol id="sm-19e7">
         <name>prvMpuSetRegion</name>
         <value>0x2e48</value>
         <object_component_ref idref="oc-d6"/>
      </symbol>
      <symbol id="sm-19e8">
         <name>vPortStartFirstTask</name>
         <value>0x29f4</value>
         <object_component_ref idref="oc-d6"/>
      </symbol>
      <symbol id="sm-19e9">
         <name>vPortYeildWithinAPI</name>
         <value>0x2b70</value>
         <object_component_ref idref="oc-d6"/>
      </symbol>
      <symbol id="sm-19ea">
         <name>vPortPreemptiveTick</name>
         <value>0x2c64</value>
         <object_component_ref idref="oc-d6"/>
      </symbol>
      <symbol id="sm-19eb">
         <name>prvMpuDisable</name>
         <value>0x2e78</value>
         <object_component_ref idref="oc-d6"/>
      </symbol>
      <symbol id="sm-19ec">
         <name>prvMpuEnable</name>
         <value>0x2e60</value>
         <object_component_ref idref="oc-d6"/>
      </symbol>
      <symbol id="sm-19ed">
         <name>vPortInitialiseFPSCR</name>
         <value>0x2d64</value>
         <object_component_ref idref="oc-d6"/>
      </symbol>
      <symbol id="sm-19ee">
         <name>ulPortCountLeadingZeros</name>
         <value>0x2d70</value>
         <object_component_ref idref="oc-d6"/>
      </symbol>
      <symbol id="sm-19ef">
         <name>vPortYieldProcessor</name>
         <value>0x2a84</value>
         <object_component_ref idref="oc-d6"/>
      </symbol>
      <symbol id="sm-19f0">
         <name>vPortSWI</name>
         <value>0x2d78</value>
         <object_component_ref idref="oc-d6"/>
      </symbol>
      <symbol id="sm-1a8f">
         <name>xQueuePeekFromISR</name>
         <value>0x21fc</value>
         <object_component_ref idref="oc-c4"/>
      </symbol>
      <symbol id="sm-1a90">
         <name>xQueueIsQueueEmptyFromISR</name>
         <value>0x2294</value>
         <object_component_ref idref="oc-c4"/>
      </symbol>
      <symbol id="sm-1a91">
         <name>xQueueGenericSendFromISR</name>
         <value>0x2688</value>
         <object_component_ref idref="oc-c4"/>
      </symbol>
      <symbol id="sm-1a92">
         <name>uxQueueMessagesWaiting</name>
         <value>0x29b8</value>
         <object_component_ref idref="oc-c4"/>
      </symbol>
      <symbol id="sm-1a93">
         <name>xQueueIsQueueFullFromISR</name>
         <value>0x2268</value>
         <object_component_ref idref="oc-c4"/>
      </symbol>
      <symbol id="sm-1a94">
         <name>xQueueGenericCreate</name>
         <value>0x280c</value>
         <object_component_ref idref="oc-c4"/>
      </symbol>
      <symbol id="sm-1a95">
         <name>xQueueCreateMutex</name>
         <value>0x2884</value>
         <object_component_ref idref="oc-c4"/>
      </symbol>
      <symbol id="sm-1a96">
         <name>vQueueSetQueueNumber</name>
         <value>0x294c</value>
         <object_component_ref idref="oc-c4"/>
      </symbol>
      <symbol id="sm-1a97">
         <name>xQueueGenericSend</name>
         <value>0x2398</value>
         <object_component_ref idref="oc-c4"/>
      </symbol>
      <symbol id="sm-1a98">
         <name>xQueueGenericReset</name>
         <value>0x2750</value>
         <object_component_ref idref="oc-c4"/>
      </symbol>
      <symbol id="sm-1a99">
         <name>xQueueReceiveFromISR</name>
         <value>0x2154</value>
         <object_component_ref idref="oc-c4"/>
      </symbol>
      <symbol id="sm-1a9a">
         <name>xQueueGetMutexHolder</name>
         <value>0x2660</value>
         <object_component_ref idref="oc-c4"/>
      </symbol>
      <symbol id="sm-1a9b">
         <name>uxQueueSpacesAvailable</name>
         <value>0x2970</value>
         <object_component_ref idref="oc-c4"/>
      </symbol>
      <symbol id="sm-1a9c">
         <name>xQueueGiveMutexRecursive</name>
         <value>0x256c</value>
         <object_component_ref idref="oc-c4"/>
      </symbol>
      <symbol id="sm-1a9d">
         <name>xQueueGiveFromISR</name>
         <value>0x25c4</value>
         <object_component_ref idref="oc-c4"/>
      </symbol>
      <symbol id="sm-1a9e">
         <name>uxQueueMessagesWaitingFromISR</name>
         <value>0x29a0</value>
         <object_component_ref idref="oc-c4"/>
      </symbol>
      <symbol id="sm-1a9f">
         <name>uxQueueGetQueueNumber</name>
         <value>0x29e0</value>
         <object_component_ref idref="oc-c4"/>
      </symbol>
      <symbol id="sm-1aa0">
         <name>xQueueGenericReceive</name>
         <value>0x1ef0</value>
         <object_component_ref idref="oc-c4"/>
      </symbol>
      <symbol id="sm-1aa1">
         <name>xQueueTakeMutexRecursive</name>
         <value>0x20f8</value>
         <object_component_ref idref="oc-c4"/>
      </symbol>
      <symbol id="sm-1aa2">
         <name>xQueueCreateCountingSemaphore</name>
         <value>0x2904</value>
         <object_component_ref idref="oc-c4"/>
      </symbol>
      <symbol id="sm-1aa3">
         <name>vQueueDelete</name>
         <value>0x2954</value>
         <object_component_ref idref="oc-c4"/>
      </symbol>
      <symbol id="sm-1aa4">
         <name>ucQueueGetQueueType</name>
         <value>0x29e8</value>
         <object_component_ref idref="oc-c4"/>
      </symbol>
      <symbol id="sm-1c05">
         <name>vTaskDelay</name>
         <value>0x1b54</value>
         <object_component_ref idref="oc-19a"/>
      </symbol>
      <symbol id="sm-1c06">
         <name>vTaskSuspendAll</name>
         <value>0xeb4</value>
         <object_component_ref idref="oc-19a"/>
      </symbol>
      <symbol id="sm-1c07">
         <name>vTaskPriorityInherit</name>
         <value>0x1280</value>
         <object_component_ref idref="oc-19a"/>
      </symbol>
      <symbol id="sm-1c08">
         <name>vTaskList</name>
         <value>0x172c</value>
         <object_component_ref idref="oc-19a"/>
      </symbol>
      <symbol id="sm-1c09">
         <name>vTaskPlaceOnEventList</name>
         <value>0x1414</value>
         <object_component_ref idref="oc-19a"/>
      </symbol>
      <symbol id="sm-1c0a">
         <name>vTaskSetTaskNumber</name>
         <value>0x108c</value>
         <object_component_ref idref="oc-19a"/>
      </symbol>
      <symbol id="sm-1c0b">
         <name>pvTaskGetThreadLocalStoragePointer</name>
         <value>0x1de4</value>
         <object_component_ref idref="oc-19a"/>
      </symbol>
      <symbol id="sm-1c0c">
         <name>uxTaskPriorityGetFromISR</name>
         <value>0x1c3c</value>
         <object_component_ref idref="oc-19a"/>
      </symbol>
      <symbol id="sm-1c0d">
         <name>ulTaskNotifyTake</name>
         <value>0x1cc4</value>
         <object_component_ref idref="oc-19a"/>
      </symbol>
      <symbol id="sm-1c0e">
         <name>vTaskGetRunTimeStats</name>
         <value>0x1848</value>
         <object_component_ref idref="oc-19a"/>
      </symbol>
      <symbol id="sm-1c0f">
         <name>xTaskCheckForTimeOut</name>
         <value>0xcfc</value>
         <object_component_ref idref="oc-19a"/>
      </symbol>
      <symbol id="sm-1c10">
         <name>xTaskRemoveFromUnorderedEventList</name>
         <value>0x3d0</value>
         <object_component_ref idref="oc-19a"/>
      </symbol>
      <symbol id="sm-1c11">
         <name>vTaskPrioritySet</name>
         <value>0x1160</value>
         <object_component_ref idref="oc-19a"/>
      </symbol>
      <symbol id="sm-1c12">
         <name>vTaskAllocateMPURegions</name>
         <value>0x1bfc</value>
         <object_component_ref idref="oc-19a"/>
      </symbol>
      <symbol id="sm-1c13">
         <name>xTaskPriorityDisinherit</name>
         <value>0x514</value>
         <object_component_ref idref="oc-19a"/>
      </symbol>
      <symbol id="sm-1c14">
         <name>vTaskStartScheduler</name>
         <value>0xfe8</value>
         <object_component_ref idref="oc-19a"/>
      </symbol>
      <symbol id="sm-1c15">
         <name>pvTaskIncrementMutexHeldCount</name>
         <value>0x1db4</value>
         <object_component_ref idref="oc-19a"/>
      </symbol>
      <symbol id="sm-1c16">
         <name>uxTaskGetStackHighWaterMark</name>
         <value>0x1c88</value>
         <object_component_ref idref="oc-19a"/>
      </symbol>
      <symbol id="sm-1c17">
         <name>vTaskSetThreadLocalStoragePointer</name>
         <value>0x1068</value>
         <object_component_ref idref="oc-19a"/>
      </symbol>
      <symbol id="sm-1c18">
         <name>xTaskGenericNotify</name>
         <value>0x8e4</value>
         <object_component_ref idref="oc-19a"/>
      </symbol>
      <symbol id="sm-1c19">
         <name>vTaskDelayUntil</name>
         <value>0x1a60</value>
         <object_component_ref idref="oc-19a"/>
      </symbol>
      <symbol id="sm-1c1a">
         <name>uxTaskGetTaskNumber</name>
         <value>0x1c78</value>
         <object_component_ref idref="oc-19a"/>
      </symbol>
      <symbol id="sm-1c1b">
         <name>vTaskEndScheduler</name>
         <value>0x1948</value>
         <object_component_ref idref="oc-19a"/>
      </symbol>
      <symbol id="sm-1c1c">
         <name>xTaskNotifyWait</name>
         <value>0x658</value>
         <object_component_ref idref="oc-19a"/>
      </symbol>
      <symbol id="sm-1c1d">
         <name>vTaskMissedYield</name>
         <value>0x1568</value>
         <object_component_ref idref="oc-19a"/>
      </symbol>
      <symbol id="sm-1c1e">
         <name>uxTaskGetNumberOfTasks</name>
         <value>0x1c9c</value>
         <object_component_ref idref="oc-19a"/>
      </symbol>
      <symbol id="sm-1c1f">
         <name>xTaskGenericNotifyFromISR</name>
         <value>0x7c8</value>
         <object_component_ref idref="oc-19a"/>
      </symbol>
      <symbol id="sm-1c20">
         <name>uxTaskPriorityGet</name>
         <value>0x1c50</value>
         <object_component_ref idref="oc-19a"/>
      </symbol>
      <symbol id="sm-1c21">
         <name>xTaskResumeAll</name>
         <value>0x298</value>
         <object_component_ref idref="oc-19a"/>
      </symbol>
      <symbol id="sm-1c22">
         <name>xTaskGetTickCount</name>
         <value>0x780</value>
         <object_component_ref idref="oc-19a"/>
      </symbol>
      <symbol id="sm-1c23">
         <name>xTaskGenericCreate</name>
         <value>0xa00</value>
         <object_component_ref idref="oc-19a"/>
      </symbol>
      <symbol id="sm-1c24">
         <name>uxTaskGetSystemState</name>
         <value>0x1668</value>
         <object_component_ref idref="oc-19a"/>
      </symbol>
      <symbol id="sm-1c25">
         <name>vTaskDelete</name>
         <value>0x1964</value>
         <object_component_ref idref="oc-19a"/>
      </symbol>
      <symbol id="sm-1c26">
         <name>pxCurrentTCB</name>
         <value>0x8004e00</value>
         <object_component_ref idref="oc-439"/>
      </symbol>
      <symbol id="sm-1c27">
         <name>vTaskNotifyGiveFromISR</name>
         <value>0x149c</value>
         <object_component_ref idref="oc-19a"/>
      </symbol>
      <symbol id="sm-1c28">
         <name>vTaskSuspend</name>
         <value>0xec8</value>
         <object_component_ref idref="oc-19a"/>
      </symbol>
      <symbol id="sm-1c29">
         <name>xTaskGetTickCountFromISR</name>
         <value>0x774</value>
         <object_component_ref idref="oc-19a"/>
      </symbol>
      <symbol id="sm-1c2a">
         <name>vTaskResume</name>
         <value>0x10b0</value>
         <object_component_ref idref="oc-19a"/>
      </symbol>
      <symbol id="sm-1c2b">
         <name>vTaskSetTimeOutState</name>
         <value>0xccc</value>
         <object_component_ref idref="oc-19a"/>
      </symbol>
      <symbol id="sm-1c2c">
         <name>xTaskIncrementTick</name>
         <value>0x108</value>
         <object_component_ref idref="oc-19a"/>
      </symbol>
      <symbol id="sm-1c2d">
         <name>vTaskSwitchContext</name>
         <value>0xd9c</value>
         <object_component_ref idref="oc-19a"/>
      </symbol>
      <symbol id="sm-1c2e">
         <name>uxTaskResetEventItemValue</name>
         <value>0x1c18</value>
         <object_component_ref idref="oc-19a"/>
      </symbol>
      <symbol id="sm-1c2f">
         <name>xTaskGetSchedulerState</name>
         <value>0x78c</value>
         <object_component_ref idref="oc-19a"/>
      </symbol>
      <symbol id="sm-1c30">
         <name>xTaskResumeFromISR</name>
         <value>0x68</value>
         <object_component_ref idref="oc-19a"/>
      </symbol>
      <symbol id="sm-1c31">
         <name>xTaskGetCurrentTaskHandle</name>
         <value>0x7bc</value>
         <object_component_ref idref="oc-19a"/>
      </symbol>
      <symbol id="sm-1c32">
         <name>vTaskPlaceOnUnorderedEventList</name>
         <value>0x1368</value>
         <object_component_ref idref="oc-19a"/>
      </symbol>
      <symbol id="sm-1c33">
         <name>xTaskRemoveFromEventList</name>
         <value>0x470</value>
         <object_component_ref idref="oc-19a"/>
      </symbol>
      <symbol id="sm-1c53">
         <name>__TI_auto_init</name>
         <value>0x25b58</value>
         <object_component_ref idref="oc-b7"/>
      </symbol>
      <symbol id="sm-1c74">
         <name>C$$EXIT</name>
         <value>0x2603c</value>
         <object_component_ref idref="oc-bd"/>
      </symbol>
      <symbol id="sm-1c75">
         <name>abort</name>
         <value>0x26044</value>
         <object_component_ref idref="oc-bd"/>
      </symbol>
      <symbol id="sm-1c76">
         <name>exit</name>
         <value>0x26050</value>
         <object_component_ref idref="oc-bd"/>
      </symbol>
      <symbol id="sm-1c77">
         <name>__TI_dtors_ptr</name>
         <value>0x807fb08</value>
         <object_component_ref idref="oc-40e"/>
      </symbol>
      <symbol id="sm-1c78">
         <name>__TI_cleanup_ptr</name>
         <value>0x807fb04</value>
         <object_component_ref idref="oc-40e"/>
      </symbol>
      <symbol id="sm-1c79">
         <name>__TI_enable_exit_profile_output</name>
         <value>0x807fb0c</value>
         <object_component_ref idref="oc-40e"/>
      </symbol>
      <symbol id="sm-1c85">
         <name>__aeabi_idivmod</name>
         <value>0x26454</value>
         <object_component_ref idref="oc-483"/>
      </symbol>
      <symbol id="sm-1c86">
         <name>__aeabi_idiv</name>
         <value>0x26454</value>
         <object_component_ref idref="oc-483"/>
      </symbol>
      <symbol id="sm-1c9f">
         <name>memcpy</name>
         <value>0x24808</value>
         <object_component_ref idref="oc-8c"/>
      </symbol>
      <symbol id="sm-1ca0">
         <name>__aeabi_memcpy</name>
         <value>0x24808</value>
         <object_component_ref idref="oc-8c"/>
      </symbol>
      <symbol id="sm-1ca1">
         <name>__aeabi_memcpy8</name>
         <value>0x24808</value>
         <object_component_ref idref="oc-8c"/>
      </symbol>
      <symbol id="sm-1ca2">
         <name>__aeabi_memcpy4</name>
         <value>0x24808</value>
         <object_component_ref idref="oc-8c"/>
      </symbol>
      <symbol id="sm-1cb1">
         <name>__aeabi_memset</name>
         <value>0x25a00</value>
         <object_component_ref idref="oc-95"/>
      </symbol>
      <symbol id="sm-1cb2">
         <name>memset</name>
         <value>0x25a0c</value>
         <object_component_ref idref="oc-95"/>
      </symbol>
      <symbol id="sm-1cb3">
         <name>__aeabi_memset8</name>
         <value>0x25a00</value>
         <object_component_ref idref="oc-95"/>
      </symbol>
      <symbol id="sm-1cb4">
         <name>__aeabi_memset4</name>
         <value>0x25a00</value>
         <object_component_ref idref="oc-95"/>
      </symbol>
      <symbol id="sm-1cb5">
         <name>__aeabi_memclr8</name>
         <value>0x259fc</value>
         <object_component_ref idref="oc-95"/>
      </symbol>
      <symbol id="sm-1cb6">
         <name>__aeabi_memclr4</name>
         <value>0x259fc</value>
         <object_component_ref idref="oc-95"/>
      </symbol>
      <symbol id="sm-1cb7">
         <name>__aeabi_memclr</name>
         <value>0x259fc</value>
         <object_component_ref idref="oc-95"/>
      </symbol>
      <symbol id="sm-1cc3">
         <name>__aeabi_uidivmod</name>
         <value>0x264a8</value>
         <object_component_ref idref="oc-195"/>
      </symbol>
      <symbol id="sm-1cc4">
         <name>__aeabi_uidiv</name>
         <value>0x264a8</value>
         <object_component_ref idref="oc-195"/>
      </symbol>
      <symbol id="sm-1ce0">
         <name>__aeabi_uldivmod</name>
         <value>0x22d34</value>
         <object_component_ref idref="oc-533"/>
      </symbol>
      <symbol id="sm-1ce1">
         <name>__TI_static_base__</name>
         <value>0x0</value>
      </symbol>
      <symbol id="sm-1ce5">
         <name>SHT$$INIT_ARRAY$$Base</name>
         <value>0x0</value>
      </symbol>
      <symbol id="sm-1ce6">
         <name>SHT$$INIT_ARRAY$$Limit</name>
         <value>0x0</value>
      </symbol>
   </symbol_table>
   <title>Link successful</title>
</link_info>
