******************************************************************************
                  TI ARM Linker PC v16.9.4                     
******************************************************************************
>> Linked Wed Nov 22 10:57:19 2017

OUTPUT FILE NAME:   <LaunchPad_FreeRTOS.out>
ENTRY POINT SYMBOL: "_c_int00"  address: 00025e80


MEMORY CONFIGURATION

         name            origin    length      used     unused   attr    fill
----------------------  --------  ---------  --------  --------  ----  --------
  VECTORS               00000000   00000020  00000020  00000000     X
  KERNEL                00000020   00008000  00003734  000048cc  R  X
  FLASH0                00008020   001f7fe0  00029e9f  001ce141  R  X
  FLASH1                00200000   00200000  00000000  00200000  R  X
  STACKS                08000000   00004e00  00000000  00004e00  RW  
  KRAM                  08004e00   00000800  00000174  0000068c  RW  
  RAM                   08005600   0007aa00  0007a531  000004cf  RW  


SEGMENT ALLOCATION MAP

run origin  load origin   length   init length attrs members
----------  ----------- ---------- ----------- ----- -------
00000000    00000000    00003758   00003758    r-x
  00000000    00000000    00000020   00000020    r-x .intvecs
  00000020    00000020    000035f4   000035f4    r-x .kernelTEXT
  00003618    00003618    00000140   00000140    r-- .cinit
00008020    00008020    00029e9f   00029e9f    r-x
  00008020    00008020    0001e800   0001e800    r-x .text
  00026820    00026820    0000b69f   0000b69f    r-- .const
08004e00    08004e00    00000174   00000000    rw-
  08004e00    08004e00    00000174   00000000    rw- .kernelBSS
08005600    08005600    0007a534   00000000    rw-
  08005600    08005600    00040000   00000000    rw- .kernelHEAP
  08045600    08045600    000397ed   00000000    rw- .bss
  0807edf0    0807edf0    00000d44   00000000    rw- .data


SECTION ALLOCATION MAP

 output                                  attributes/
section   page    origin      length       input sections
--------  ----  ----------  ----------   ----------------
.intvecs   0    00000000    00000020     
                  00000000    00000020     HL_sys_intvecs.obj (.intvecs)

.kernelTEXT 
*          0    00000020    000035f4     
                  00000020    00001df4     os_tasks.obj (.kernelTEXT)
                  00001e14    00000bdc     os_queue.obj (.kernelTEXT)
                  000029f0    000004b0     os_portasm.obj (.kernelTEXT)
                  00002ea0    00000364     os_event_groups.obj (.kernelTEXT)
                  00003204    00000230     os_heap.obj (.kernelTEXT)
                  00003434    000001e0     os_port.obj (.kernelTEXT)

.cinit     0    00003618    00000140     
                  00003618    000000f0     (.cinit..data.load) [load image, compression = lzss]
                  00003708    0000000d     (.cinit..kernelBSS.load) [load image, compression = lzss]
                  00003715    00000003     --HOLE-- [fill = 0]
                  00003718    0000000c     (__TI_handler_table)
                  00003724    00000004     --HOLE-- [fill = 0]
                  00003728    00000008     (.cinit..bss.load) [load image, compression = zero_init]
                  00003730    00000008     (.cinit..kernelHEAP.load) [load image, compression = zero_init]
                  00003738    00000020     (__TI_cinit_table)

.text      0    00008020    0001e800     
                  00008020    000027c8     FreeRTOS_IP.obj (.text)
                  0000a7e8    000026e8     FreeRTOS_FTP_server.obj (.text)
                  0000ced0    000023f0     ff_dir.obj (.text)
                  0000f2c0    00001d90     ff_stdio.obj (.text)
                  00011050    00001860     rtsv7R4_A_be_v3D16_eabi.lib : _printfi.obj (.text)
                  000128b0    00001828     FreeRTOS_Sockets.obj (.text)
                  000140d8    00001498     main.obj (.text)
                  00015570    000013e8     ff_file.obj (.text)
                  00016958    00001054     ff_fat.obj (.text)
                  000179ac    00000f6c     rtsv7R4_A_be_v3D16_eabi.lib : _scanfi.obj (.text)
                  00018918    00000f50     FreeRTOS_TCP_IP.obj (.text)
                  00019868    00000cac     ff_ioman.obj (.text)
                  0001a514    00000aec     ff_format.obj (.text)
                  0001b000    00000a80     ff_ramdisk.obj (.text)
                  0001ba80    00000820     tms570ls20x31x_uart.obj (.text)
                  0001c2a0    00000808     HL_system.obj (.text)
                  0001caa8    000007ac     NetworkInterface.obj (.text)
                  0001d254    0000079c     CLI_commands.obj (.text)
                  0001d9f0    00000744     FreeRTOS_DHCP.obj (.text)
                  0001e134    000006e0     FreeRTOS_DNS.obj (.text)
                  0001e814    00000690     tms570ls20x31x_uart.obj (.text:retain)
                  0001eea4    00000668     FAT-CLI-commands.obj (.text)
                  0001f50c    000005e0     FreeRTOS_HTTP_server.obj (.text)
                  0001faec    000005c4     os_mpu_wrappers.obj (.text)
                  000200b0    000005a4     CreateAndVerifyExampleFiles.obj (.text)
                  00020654    0000056c     FreeRTOS_DriverInterface.obj (.text)
                  00020bc0    0000053c     HL_sys_vim.obj (.text)
                  000210fc    00000460     NetworkInterface.obj (.text:retain)
                  0002155c    00000450     HL_sys_core.obj (.text)
                  000219ac    00000444     FreeRTOS_TCP_WIN.obj (.text)
                  00021df0    00000394     HL_sys_mpu.obj (.text)
                  00022184    00000318     FreeRTOS_CLI.obj (.text)
                  0002249c    000002ec     UARTCommandConsole.obj (.text)
                  00022788    000002dc     NTPDemo.obj (.text)
                  00022a64    000002d0     FreeRTOS_ARP.obj (.text)
                  00022d34    000002b8     rtsv7R4_A_be_v3D16_eabi.lib : ull_div32.obj (.text)
                  00022fec    000002a4                                 : strtod.obj (.text)
                  00023290    00000284                                 : strtoll.obj (.text)
                  00023514    00000240                                 : e_logf.obj (.text)
                  00023754    00000234     FreeRTOS_TCP_server.obj (.text)
                  00023988    0000020c     HL_phy_dp83640.obj (.text)
                  00023b94    000001f8     rtsv7R4_A_be_v3D16_eabi.lib : strtol.obj (.text)
                  00023d8c    000001e8     FreeRTOS_Stream_Buffer.obj (.text)
                  00023f74    000001e8     UDPCommandConsole.obj (.text)
                  0002415c    000001dc     ff_time.obj (.text)
                  00024338    000001bc     rtsv7R4_A_be_v3D16_eabi.lib : strtoul.obj (.text)
                  000244f4    00000194     ff_locking.obj (.text)
                  00024688    00000180     ff_string.obj (.text)
                  00024808    00000180     rtsv7R4_A_be_v3D16_eabi.lib : memcpy32.obj (.text)
                  00024988    00000178     HL_sys_vim.obj (.text:retain)
                  00024b00    00000140     HL_sys_dma.obj (.text)
                  00024c40    00000134     os_tasks.obj (.text)
                  00024d74    00000130     BufferAllocation_3.obj (.text)
                  00024ea4    00000124     rtsv7R4_A_be_v3D16_eabi.lib : sscanf.obj (.text)
                  00024fc8    0000011c                                 : s_scalbn.obj (.text)
                  000250e4    00000110     os_list.obj (.text)
                  000251f4    00000104     rtsv7R4_A_be_v3D16_eabi.lib : snprintf.obj (.text)
                  000252f8    000000f8     IOUtils_ZeroCopyTx.obj (.text)
                  000253f0    000000f8     rtsv7R4_A_be_v3D16_eabi.lib : s_scalbnf.obj (.text)
                  000254e8    000000ec     ff_sys.obj (.text)
                  000255d4    000000e8     HL_esm.obj (.text:retain)
                  000256bc    000000e8     tms570ls20x31x_dma.obj (.text:retain)
                  000257a4    000000d0     HL_adc.obj (.text)
                  00025874    000000c6     rtsv7R4_A_be_v3D16_eabi.lib : strerror.obj (.text)
                  0002593a    00000002     --HOLE-- [fill = 0]
                  0002593c    000000c0     HL_mdio.obj (.text)
                  000259fc    000000b0     rtsv7R4_A_be_v3D16_eabi.lib : memset32.obj (.text)
                  00025aac    000000ac     HL_esm.obj (.text)
                  00025b58    000000a8     rtsv7R4_A_be_v3D16_eabi.lib : autoinit.obj (.text)
                  00025c00    000000a8                                 : sprintf.obj (.text)
                  00025ca8    000000a0     os_event_groups.obj (.text)
                  00025d48    000000a0     rti_runtimestats.obj (.text:retain)
                  00025de8    00000098     FreeRTOS_IOUtils.obj (.text)
                  00025e80    00000098     HL_sys_startup.obj (.text:retain)
                  00025f18    00000094     ff_memory.obj (.text)
                  00025fac    00000090     rtsv7R4_A_be_v3D16_eabi.lib : copy_decompress_lzss.obj (.text:decompress:lzss)
                  0002603c    00000090                                 : exit.obj (.text)
                  000260cc    0000008c                                 : s_frexp.obj (.text)
                  00026158    00000088                                 : vsnprintf.obj (.text)
                  000261e0    00000084     os_heap.obj (.text)
                  00026264    00000084     rtsv7R4_A_be_v3D16_eabi.lib : atoi.obj (.text)
                  000262e8    00000084                                 : cpy_tbl.obj (.text)
                  0002636c    00000080                                 : ltoa.obj (.text)
                  000263ec    00000068     HL_gio.obj (.text:retain)
                  00026454    00000054     rtsv7R4_A_be_v3D16_eabi.lib : i_div32.obj (.text)
                  000264a8    00000050                                 : u_div32.obj (.text)
                  000264f8    00000048     rti_runtimestats.obj (.text)
                  00026540    00000044     ff_crc.obj (.text)
                  00026584    00000044     rtsv7R4_A_be_v3D16_eabi.lib : rand.obj (.text)
                  000265c8    00000044                                 : strncpy.obj (.text)
                  0002660c    00000034                                 : memcmp.obj (.text)
                  00026640    00000034                                 : strncmp.obj (.text)
                  00026674    0000002c     HL_notification.obj (.text)
                  000266a0    0000002c     os_port.obj (.text)
                  000266cc    0000002c     rtsv7R4_A_be_v3D16_eabi.lib : strrchr.obj (.text)
                  000266f8    00000028                                 : strchr.obj (.text)
                  00026720    00000028                                 : strcmp.obj (.text)
                  00026748    00000024                                 : strcat.obj (.text)
                  0002676c    00000020                                 : strlen.obj (.text)
                  0002678c    0000001c                                 : s_copysign.obj (.text)
                  000267a8    00000018                                 : strcpy.obj (.text)
                  000267c0    00000014                                 : copy_decompress_none.obj (.text:decompress:none)
                  000267d4    00000014                                 : s_copysignf.obj (.text)
                  000267e8    00000010                                 : copy_zero_init.obj (.text:decompress:ZI)
                  000267f8    00000010     ma_date_and_time.obj (.text)
                  00026808    00000008     HL_gio.obj (.text)
                  00026810    00000004     HL_sys_phantom.obj (.text:retain)
                  00026814    00000004     rtsv7R4_A_be_v3D16_eabi.lib : _lock.obj (.text)
                  00026818    00000004                                 : i_div0.obj (.text)
                  0002681c    00000004                                 : startup.obj (.text)

.const     0    00026820    0000b69f     
                  00026820    00007ed3     CreateAndVerifyExampleFiles.obj (.const:.string:pcFTP_PNG_Data$44)
                  0002e6f3    0000143a     CreateAndVerifyExampleFiles.obj (.const:.string:pcLogo_JPG_Data$44)
                  0002fb2d    00000dbe     CreateAndVerifyExampleFiles.obj (.const:.string:pcFreeRTOS_HTML_Data$44)
                  000308eb    00000001     FreeRTOS_HTTP_server.obj (.const:.string:pcEmptyString$40)
                  000308ec    000006ac     <whole-program> (.const:.string)
                  00030f98    00000400     ff_crc.obj (.const:crc32_table)
                  00031398    00000270     FreeRTOS_FTP_commands.obj (.const:xFTPCommands)
                  00031608    00000200     HL_sys_vim.obj (.const:s_vim_init)
                  00031808    00000101     rtsv7R4_A_be_v3D16_eabi.lib : ctype.obj (.const:.string:_ctypes_)
                  00031909    00000100     ff_crc.obj (.const:.string:crc16_table_high$3)
                  00031a09    00000100     ff_crc.obj (.const:.string:crc16_table_low$3)
                  00031b09    00000002     ff_sys.obj (.const:.string:rootDir$14)
                  00031b0b    00000001     --HOLE-- [fill = 0]
                  00031b0c    00000078     FreeRTOS_HTTP_commands.obj (.const:xWebCommands)
                  00031b84    00000004     main.obj (.const:.string:ucDNSServerAddress$63)
                  00031b88    00000050     rtsv7R4_A_be_v3D16_eabi.lib : strtod.obj (.const:digits$108)
                  00031bd8    00000048                                 : strtod.obj (.const:powerof10$108)
                  00031c20    00000032     FreeRTOS_FTP_server.obj (.const:.string:pcFeatAnswer$1$38)
                  00031c52    00000026     FreeRTOS_ARP.obj (.const:.string:xDefaultPartARPPacketHeader$25)
                  00031c78    00000025     FreeRTOS_FTP_server.obj (.const:.string:pcMonthList$2$38)
                  00031c9d    00000003     --HOLE-- [fill = 0]
                  00031ca0    00000024     CreateAndVerifyExampleFiles.obj (.const:xHTTPFilesToCopy)
                  00031cc4    00000020     main.obj (.const:xServerConfiguration$1$63)
                  00031ce4    00000018     FreeRTOS_DHCP.obj (.const:.string:ucDHCPRequestOptions$1$26)
                  00031cfc    00000018     HL_adc.obj (.const:s_adcFiFoSize$46)
                  00031d14    00000018     HL_adc.obj (.const:s_adcSelect$46)
                  00031d2c    00000018     FreeRTOS_DriverInterface.obj (.const:xAvailablePeripherals$17)
                  00031d44    00000014     os_tasks.obj (.const:.string:ucExpectedStackBytes$1)
                  00031d58    00000011     FreeRTOS_DHCP.obj (.const:.string:ucDHCPDiscoverOptions$2$26)
                  00031d69    00000003     --HOLE-- [fill = 0]
                  00031d6c    00000010     FAT-CLI-commands.obj (.const:xCD$1)
                  00031d7c    00000010     FAT-CLI-commands.obj (.const:xCOPY$1)
                  00031d8c    00000010     FAT-CLI-commands.obj (.const:xDEL$1)
                  00031d9c    00000010     FAT-CLI-commands.obj (.const:xDIR$1)
                  00031dac    00000010     main.obj (.const:xEmacStat$63)
                  00031dbc    00000010     FreeRTOS_CLI.obj (.const:xHelpCommand$2)
                  00031dcc    00000010     main.obj (.const:xNetStat$63)
                  00031ddc    00000010     FAT-CLI-commands.obj (.const:xPWD$1)
                  00031dec    00000010     main.obj (.const:xPing$63)
                  00031dfc    00000010     FAT-CLI-commands.obj (.const:xRMDIR$1)
                  00031e0c    00000010     main.obj (.const:xReset$63)
                  00031e1c    00000010     main.obj (.const:xRunTimeStats$63)
                  00031e2c    00000010     FAT-CLI-commands.obj (.const:xTYPE$1)
                  00031e3c    00000010     main.obj (.const:xTaskStats$63)
                  00031e4c    0000000c     FreeRTOS_DNS.obj (.const:xDefaultPartDNSHeader$3$27)
                  00031e58    0000000b     FreeRTOS_FTP_server.obj (.const:.string:$P$T2$3$38)
                  00031e63    0000000a     ff_dir.obj (.const:.string:forbiddenChrs$4)
                  00031e6d    00000009     FreeRTOS_FTP_server.obj (.const:.string:$P$T3$4$38)
                  00031e76    00000008     FreeRTOS_FTP_server.obj (.const:.string:$P$T4$5$38)
                  00031e7e    00000002     --HOLE-- [fill = 0]
                  00031e80    00000008     rtsv7R4_A_be_v3D16_eabi.lib : e_powf.obj (.const:bp$77)
                  00031e88    00000008                                 : e_powf.obj (.const:dp_h$77)
                  00031e90    00000008                                 : e_powf.obj (.const:dp_l$77)
                  00031e98    00000008     FreeRTOS_IP.obj (.const:xNetworkDownEvent$2$28)
                  00031ea0    00000007     rtsv7R4_A_be_v3D16_eabi.lib : _scanfi.obj (.const:.string:flit$1$100)
                  00031ea7    00000006                                 : _scanfi.obj (.const:.string:barr$2$100)
                  00031ead    00000006     FreeRTOS_IP.obj (.const:xBroadcastMACAddress)
                  00031eb3    00000004     main.obj (.const:.string:ucGatewayAddress$63)
                  00031eb7    00000004     main.obj (.const:.string:ucIPAddress$63)
                  00031ebb    00000004     main.obj (.const:.string:ucNetMask$63)

.kernelBSS 
*          0    08004e00    00000174     UNINITIALIZED
                  08004e00    00000164     os_tasks.obj (.kernelBSS:init)
                  08004f64    00000008     os_port.obj (.kernelBSS)
                  08004f6c    00000008     os_tasks.obj (.kernelBSS:uninit)

.kernelHEAP 
*          0    08005600    00040000     UNINITIALIZED
                  08005600    00040000     os_heap.obj (.kernelHEAP)

.bss       0    08045600    000397ed     UNINITIALIZED
                  08045600    00032000     main.obj (.bss:ucRAMDisk$63)
                  08077600    00007710     BufferAllocation_3.obj (.bss:ucBuffers$34)
                  0807ed10    00000064     ff_sys.obj (.bss:file_systems$14)
                  0807ed74    00000050     tms570ls20x31x_uart.obj (.bss:g_sciTransfer_t$24)
                  0807edc4    00000024     FreeRTOS_DHCP.obj (.bss:xDHCPData$26)
                  0807ede8    00000004     (.common:xSysTimeMsec)
                  0807edec    00000001     (.common:ucAssumeFATType)

.data      0    0807edf0    00000d44     UNINITIALIZED
                  0807edf0    00000484     UDPCommandConsole.obj (.data:$O15$$)
                  0807f274    000002f0     BufferAllocation_3.obj (.data:$O11$$)
                  0807f564    000001a4     FreeRTOS_CLI.obj (.data:$O3$$)
                  0807f708    0000009c     FreeRTOS_IP.obj (.data:$O7$$)
                  0807f7a4    00000084     FreeRTOS_DNS.obj (.data:$O6$$)
                  0807f828    0000006c     NetworkInterface.obj (.data:$O12$$)
                  0807f894    0000006c     UARTCommandConsole.obj (.data:$O14$$)
                  0807f900    00000068     FreeRTOS_HTTP_server.obj (.data:pxTypeCouples)
                  0807f968    00000060     NTPDemo.obj (.data:$O13$$)
                  0807f9c8    0000004c     FreeRTOS_ARP.obj (.data:$O5$$)
                  0807fa14    00000044     FreeRTOS_TCP_IP.obj (.data:$O9$$)
                  0807fa58    00000030     FreeRTOS_Sockets.obj (.data:$O8$$)
                  0807fa88    00000020     FreeRTOS_TCP_WIN.obj (.data:$O10$$)
                  0807faa8    00000018     main.obj (.data:$O17$$)
                  0807fac0    00000018     os_heap.obj (.data:$O19$$)
                  0807fad8    00000018     FreeRTOS_UDP_IP.obj (.data:xDefaultPartUDPPacketHeader)
                  0807faf0    00000014     tms570ls20x31x_uart.obj (.data:$O4$$)
                  0807fb04    0000000c     rtsv7R4_A_be_v3D16_eabi.lib : exit.obj (.data:$O1$$)
                  0807fb10    00000008     FAT-CLI-commands.obj (.data:$O2$$)
                  0807fb18    00000008     rtsv7R4_A_be_v3D16_eabi.lib : _lock.obj (.data:$O20$$)
                  0807fb20    00000008     rti_runtimestats.obj (.data)
                  0807fb28    00000004     NetworkInterface.obj (.data)
                  0807fb2c    00000004     rtsv7R4_A_be_v3D16_eabi.lib : errno.obj (.data)
                  0807fb30    00000004                                 : rand.obj (.data)

MODULE SUMMARY

       Module                                   code     ro data   rw data
       ------                                   ----     -------   -------
    .\FreeRTOS-Plus-CLI\
       CLI_commands.obj                         1948     0         0      
       FAT-CLI-commands.obj                     1640     112       8      
       FreeRTOS_CLI.obj                         792      16        420    
    +--+----------------------------------------+--------+---------+---------+
       Total:                                   4380     128       428    
                                                                          
    .\FreeRTOS-Plus-FAT\
       ff_dir.obj                               9200     10        0      
       ff_stdio.obj                             7568     0         0      
       ff_file.obj                              5096     0         0      
       ff_fat.obj                               4180     0         0      
       ff_ioman.obj                             3244     0         0      
       ff_format.obj                            2796     0         0      
       ff_crc.obj                               68       1536      0      
       ff_time.obj                              476      0         0      
       ff_locking.obj                           404      0         0      
       ff_string.obj                            384      0         0      
       ff_sys.obj                               236      2         100    
       ff_memory.obj                            148      0         0      
    +--+----------------------------------------+--------+---------+---------+
       Total:                                   33800    1548      100    
                                                                          
    .\FreeRTOS-Plus-FAT\portable\common\
       ff_ramdisk.obj                           2688     0         0      
    +--+----------------------------------------+--------+---------+---------+
       Total:                                   2688     0         0      
                                                                          
    .\FreeRTOS-Plus-IO\Common\
       FreeRTOS_DriverInterface.obj             1388     24        0      
       IOUtils_ZeroCopyTx.obj                   248      0         0      
       FreeRTOS_IOUtils.obj                     152      0         0      
    +--+----------------------------------------+--------+---------+---------+
       Total:                                   1788     24        0      
                                                                          
    .\FreeRTOS-Plus-IO\Device\tms570ls20x31x\source\
       tms570ls20x31x_uart.obj                  3760     0         100    
       tms570ls20x31x_dma.obj                   232      0         0      
    +--+----------------------------------------+--------+---------+---------+
       Total:                                   3992     0         100    
                                                                          
    .\FreeRTOS-Plus-TCP\
       FreeRTOS_IP.obj                          10184    14        156    
       FreeRTOS_Sockets.obj                     6184     0         48     
       FreeRTOS_TCP_IP.obj                      3920     0         68     
       FreeRTOS_DHCP.obj                        1860     41        36     
       FreeRTOS_DNS.obj                         1760     12        132    
       FreeRTOS_TCP_WIN.obj                     1092     0         32     
       FreeRTOS_ARP.obj                         720      38        76     
       FreeRTOS_Stream_Buffer.obj               488      0         0      
       FreeRTOS_UDP_IP.obj                      0        0         24     
    +--+----------------------------------------+--------+---------+---------+
       Total:                                   26208    105       572    
                                                                          
    .\FreeRTOS-Plus-TCP\portable\BufferManagement\
       BufferAllocation_3.obj                   304      0         31232  
    +--+----------------------------------------+--------+---------+---------+
       Total:                                   304      0         31232  
                                                                          
    .\FreeRTOS-Plus-TCP\portable\NetworkInterface\Hercules\
       NetworkInterface.obj                     3084     0         112    
    +--+----------------------------------------+--------+---------+---------+
       Total:                                   3084     0         112    
                                                                          
    .\FreeRTOS-Plus-TCP\protocols\Common\
       FreeRTOS_TCP_server.obj                  564      0         0      
    +--+----------------------------------------+--------+---------+---------+
       Total:                                   564      0         0      
                                                                          
    .\FreeRTOS-Plus-TCP\protocols\FTP\
       FreeRTOS_FTP_server.obj                  9960     115       0      
       FreeRTOS_FTP_commands.obj                0        624       0      
    +--+----------------------------------------+--------+---------+---------+
       Total:                                   9960     739       0      
                                                                          
    .\FreeRTOS-Plus-TCP\protocols\HTTP\
       FreeRTOS_HTTP_server.obj                 1504     1         104    
       FreeRTOS_HTTP_commands.obj               0        120       0      
    +--+----------------------------------------+--------+---------+---------+
       Total:                                   1504     121       104    
                                                                          
    .\FreeRTOS-Plus-TCP\protocols\NTP\
       NTPDemo.obj                              732      0         96     
    +--+----------------------------------------+--------+---------+---------+
       Total:                                   732      0         96     
                                                                          
    .\FreeRTOS-Plus-UART-Console\
       UARTCommandConsole.obj                   748      0         108    
    +--+----------------------------------------+--------+---------+---------+
       Total:                                   748      0         108    
                                                                          
    .\FreeRTOS-Plus-UDP-Console\
       UDPCommandConsole.obj                    488      0         1156   
    +--+----------------------------------------+--------+---------+---------+
       Total:                                   488      0         1156   
                                                                          
    .\FreeRTOS_Plus_FAT_Demos\
       CreateAndVerifyExampleFiles.obj          1444     41199     0      
    +--+----------------------------------------+--------+---------+---------+
       Total:                                   1444     41199     0      
                                                                          
    .\source\
       os_heap.obj                              692      0         262168 
       main.obj                                 5272     144       204824 
       os_tasks.obj                             7976     20        364    
       os_queue.obj                             3036     0         0      
       HL_sys_vim.obj                           1716     512       0      
       HL_system.obj                            2056     0         0      
       os_mpu_wrappers.obj                      1476     0         0      
       os_portasm.obj                           1200     0         0      
       HL_sys_core.obj                          1104     0         0      
       os_event_groups.obj                      1028     0         0      
       HL_sys_mpu.obj                           916      0         0      
       os_port.obj                              524      0         8      
       HL_phy_dp83640.obj                       524      0         0      
       HL_esm.obj                               404      0         0      
       HL_sys_dma.obj                           320      0         0      
       os_list.obj                              272      0         0      
       HL_adc.obj                               208      48        0      
       rti_runtimestats.obj                     232      0         8      
       HL_mdio.obj                              192      0         0      
       HL_sys_startup.obj                       152      0         0      
       HL_gio.obj                               112      0         0      
       HL_notification.obj                      44       0         0      
       HL_sys_intvecs.obj                       32       0         0      
       ma_date_and_time.obj                     16       0         0      
       HL_sys_phantom.obj                       4        0         0      
    +--+----------------------------------------+--------+---------+---------+
       Total:                                   29508    724       467372 
                                                                          
    C:\Users\Ondra\AppData\Local\Temp\
       {F5D4D156-C06E-463B-8943-17B4B98B0781}   0        1708      5      
    +--+----------------------------------------+--------+---------+---------+
       Total:                                   0        1708      5      
                                                                          
    C:\ti\ccsv7\tools\compiler\ti-cgt-arm_16.9.4.LTS\lib\rtsv7R4_A_be_v3D16_eabi.lib
       _printfi.obj                             6240     0         0      
       _scanfi.obj                              3948     13        0      
       strtod.obj                               676      152       0      
       ull_div32.obj                            696      0         0      
       strtoll.obj                              644      0         0      
       e_logf.obj                               576      0         0      
       strtol.obj                               504      0         0      
       strtoul.obj                              444      0         0      
       memcpy32.obj                             384      0         0      
       sscanf.obj                               292      0         0      
       s_scalbn.obj                             284      0         0      
       snprintf.obj                             260      0         0      
       ctype.obj                                0        257       0      
       s_scalbnf.obj                            248      0         0      
       strerror.obj                             198      0         0      
       memset32.obj                             176      0         0      
       autoinit.obj                             168      0         0      
       sprintf.obj                              168      0         0      
       exit.obj                                 144      0         12     
       copy_decompress_lzss.obj                 144      0         0      
       s_frexp.obj                              140      0         0      
       vsnprintf.obj                            136      0         0      
       atoi.obj                                 132      0         0      
       cpy_tbl.obj                              132      0         0      
       ltoa.obj                                 128      0         0      
       i_div32.obj                              84       0         0      
       u_div32.obj                              80       0         0      
       rand.obj                                 68       0         4      
       strncpy.obj                              68       0         0      
       memcmp.obj                               52       0         0      
       strncmp.obj                              52       0         0      
       strrchr.obj                              44       0         0      
       strchr.obj                               40       0         0      
       strcmp.obj                               40       0         0      
       strcat.obj                               36       0         0      
       strlen.obj                               32       0         0      
       s_copysign.obj                           28       0         0      
       e_powf.obj                               0        24        0      
       strcpy.obj                               24       0         0      
       copy_decompress_none.obj                 20       0         0      
       s_copysignf.obj                          20       0         0      
       copy_zero_init.obj                       16       0         0      
       _lock.obj                                4        0         8      
       errno.obj                                0        0         4      
       i_div0.obj                               4        0         0      
       startup.obj                              4        0         0      
    +--+----------------------------------------+--------+---------+---------+
       Total:                                   17578    446       28     
                                                                          
       Linker Generated:                        0        313       0      
    +--+----------------------------------------+--------+---------+---------+
       Grand Total:                             138770   47055     501413 


LINKER GENERATED COPY TABLES

__TI_cinit_table @ 00003738 records: 4, size/record: 8, table size: 32
	.data: load addr=00003618, load size=000000f0 bytes, run addr=0807edf0, run size=00000d44 bytes, compression=lzss
	.kernelBSS: load addr=00003708, load size=0000000d bytes, run addr=08004e00, run size=00000174 bytes, compression=lzss
	.bss: load addr=00003728, load size=00000008 bytes, run addr=08045600, run size=000397ed bytes, compression=zero_init
	.kernelHEAP: load addr=00003730, load size=00000008 bytes, run addr=08005600, run size=00040000 bytes, compression=zero_init


LINKER GENERATED HANDLER TABLE

__TI_handler_table @ 00003718 records: 3, size/record: 4, table size: 12
	index: 0, handler: __TI_decompress_lzss
	index: 1, handler: __TI_decompress_none
	index: 2, handler: __TI_zero_init


GLOBAL SYMBOLS: SORTED ALPHABETICALLY BY Name 

address   name                                  
-------   ----                                  
0002603c  C$$EXIT                               
00023994  Dp83640AutoNegotiate                  
00023ab8  Dp83640IDGet                          
00023b08  Dp83640LinkStatusGet                  
00023988  Dp83640PartnerAbilityGet              
0001d1d4  EMACCoreIntAck                        
0001cf18  EMACDisableLoopback                   
0001ce20  EMACDuplexSet                         
0001cd64  EMACInstConfig                        
0001ce3c  EMACLinkSetup                         
0001cddc  EMACMACAddrSet                        
0001cda4  EMACMACSrcAddrSet                     
0001cec4  EMACMIIEnable                         
0001cc10  EMACReadNetStatRegisters              
0001cedc  EMACRxBroadCastEnable                 
0001d1fc  EMACRxHdrDescPtrWrite                 
00021428  EMACRxIntISR                          
0001cf00  EMACRxUnicastSet                      
0001d1dc  EMACSwizzleData                       
00021324  EMACTxIntISR                          
000245b4  FF_Assert_Lock                        
00019bc4  FF_BlockRead                          
00019c6c  FF_BlockWrite                         
00015570  FF_CheckValid                         
0000d5c8  FF_CleanupEntryFetch                  
000175bc  FF_ClearCluster                       
00015c68  FF_Close                              
00016e98  FF_Cluster2LBA                        
00017360  FF_CountFreeClusters                  
00017560  FF_CreateClusterChain                 
0000e6c8  FF_CreateDirent                       
0000f0f8  FF_CreateFile                         
0000dac4  FF_CreateShortName                    
00019990  FF_DecreaseFreeClusters               
000198c4  FF_DeleteIOManager                    
0000e01c  FF_ExtendDirectory                    
000255bc  FF_FS_Count                           
000254e8  FF_FS_Find                            
0000d014  FF_FetchEntryWithContext              
0000d9b0  FF_FindDir                            
0001767c  FF_FindEndOfChain                     
0000d5f0  FF_FindEntryInDir                     
0000f048  FF_FindFirst                          
00017114  FF_FindFreeCluster                    
0000ee40  FF_FindNext                           
0000de38  FF_FindShortName                      
00019ab0  FF_FlushCache                         
0001a938  FF_Format                             
00019d14  FF_GetBuffer                          
00016810  FF_GetC                               
00026540  FF_GetCRC16                           
00016c24  FF_GetChainLength                     
0000ed58  FF_GetEntry                           
00017908  FF_GetFreeSize                        
000242d0  FF_GetSystemTime                      
00024530  FF_Has_Lock                           
00019868  FF_IOMAN_InitBufferDescriptors        
0000ced0  FF_InitEntryFetch                     
00024618  FF_LockDirectory                      
0002455c  FF_LockFAT                            
0000eacc  FF_MkDir                              
000162f0  FF_Move                               
00015e48  FF_Open                               
0001a514  FF_Partition                          
0001a208  FF_PartitionSearch                    
000244f4  FF_PendSemaphore                      
0000d2a0  FF_PopulateLongDirent                 
0000d4b8  FF_PopulateShortDirent                
0000e3f8  FF_PushEntryWithContext               
0000e964  FF_PutEntry                           
0001b154  FF_RAMDiskInit                        
00019f70  FF_ReadParts                          
00019904  FF_ReleaseBuffer                      
00016bdc  FF_ReleaseFATBuffers                  
00024514  FF_ReleaseSemaphore                   
00016680  FF_RmDir                              
00016178  FF_RmFile                             
0000f1d8  FF_RmLFNs                             
000156c0  FF_Seek                               
000168c4  FF_SetEof                             
00016cf8  FF_TraverseFAT                        
000176c4  FF_UnlinkClusterChain                 
00024654  FF_UnlockDirectory                    
000245dc  FF_UnlockFAT                          
00025f60  FF_getChar                            
00016ccc  FF_getClusterChainNumber              
00016a58  FF_getFATEntry                        
00025f18  FF_getLong                            
00016e4c  FF_getMajorBlockNumber                
00016ddc  FF_getMinorBlockEntry                 
00016ec4  FF_getMinorBlockNumber                
00025f44  FF_getShort                           
000165fc  FF_isDirEmpty                         
00016958  FF_isEndOfChain                       
00025fa4  FF_putChar                            
00016f30  FF_putFATEntry                        
00025f80  FF_putLong                            
00025f68  FF_putShort                           
0002477c  FF_strmatch                           
00024688  FF_strtok                             
00022184  FreeRTOS_CLIGetParameter              
00022258  FreeRTOS_CLIProcessCommand            
0002239c  FreeRTOS_CLIRegisterCommand           
00023754  FreeRTOS_CreateTCPServer              
0001363c  FreeRTOS_FD_CLR                       
0001389c  FreeRTOS_FD_SET                       
00008160  FreeRTOS_GetAddressConfiguration      
000081c8  FreeRTOS_GetIPAddress                 
0001382c  FreeRTOS_GetLocalAddress              
00013810  FreeRTOS_GetRemoteAddress             
00018974  FreeRTOS_GetTCPStateName              
0000813c  FreeRTOS_GetUDPPayloadBuffer          
00008224  FreeRTOS_NetworkDown                  
00022b84  FreeRTOS_OutputARPRequest             
000084cc  FreeRTOS_ReleaseUDPPayloadBuffer      
0001bb8c  FreeRTOS_UART_ioctl                   
0001c058  FreeRTOS_UART_read                    
0001bd5c  FreeRTOS_UART_write                   
000136bc  FreeRTOS_accept                       
00012ac8  FreeRTOS_bind                         
00012ea8  FreeRTOS_closesocket                  
0001e4c8  FreeRTOS_gethostbyname_a              
0002415c  FreeRTOS_gmtime_r                     
000128b0  FreeRTOS_inet_addr                    
000207e0  FreeRTOS_ioctl                        
00013688  FreeRTOS_issocketconnected            
00013e90  FreeRTOS_listen                       
00020654  FreeRTOS_open                         
0001313c  FreeRTOS_recv                         
00012fa0  FreeRTOS_recvfrom                     
000130f4  FreeRTOS_rx_size                      
00013e04  FreeRTOS_select                       
00013414  FreeRTOS_send                         
00013f68  FreeRTOS_sendto                       
00012b60  FreeRTOS_setsockopt                   
000138f0  FreeRTOS_shutdown                     
00012978  FreeRTOS_socket                       
000267f8  FreeRTOS_time                         
00013948  FreeRTOS_tx_space                     
000259dc  MDIOInit                              
000259e8  MDIOPhyAliveStatusGet                 
000259f0  MDIOPhyLinkStatusGet                  
0002593c  MDIOPhyRegRead                        
000259a4  MDIOPhyRegWrite                       
00020088  MPU_pvPortMalloc                      
00020060  MPU_uxQueueMessagesWaiting            
00020040  MPU_uxTaskGetNumberOfTasks            
00020018  MPU_uxTaskGetStackHighWaterMark       
0001fff0  MPU_uxTaskPriorityGet                 
0001ffc8  MPU_vPortFree                         
0001ffa8  MPU_vPortInitialiseBlocks             
0001ff80  MPU_vQueueDelete                      
0001ff50  MPU_vTaskAllocateMPURegions           
0001ff28  MPU_vTaskDelay                        
0001fef8  MPU_vTaskDelayUntil                   
0001fed0  MPU_vTaskDelete                       
0001fea8  MPU_vTaskGetRunTimeStats              
0001fe80  MPU_vTaskList                         
0001fe50  MPU_vTaskPrioritySet                  
0001fe28  MPU_vTaskResume                       
0001fe00  MPU_vTaskSuspend                      
0001fde0  MPU_vTaskSuspendAll                   
0001fdc0  MPU_xPortGetFreeHeapSize              
0001fd90  MPU_xQueueCreateCountingSemaphore     
0001fd68  MPU_xQueueCreateMutex                 
0001fd30  MPU_xQueueGenericCreate               
0001fcf0  MPU_xQueueGenericReceive              
0001fcc0  MPU_xQueueGenericReset                
0001fc80  MPU_xQueueGenericSend                 
0001fc58  MPU_xQueueGetMutexHolder              
0001fc30  MPU_xQueueGiveMutexRecursive          
0001fc00  MPU_xQueuePeekFromISR                 
0001fbd0  MPU_xQueueTakeMutexRecursive          
0001fb6c  MPU_xTaskGenericCreate                
0001fb4c  MPU_xTaskGetCurrentTaskHandle         
0001fb2c  MPU_xTaskGetSchedulerState            
0001fb0c  MPU_xTaskGetTickCount                 
0001faec  MPU_xTaskResumeAll                    
UNDEFED   SHT$$INIT_ARRAY$$Base                 
UNDEFED   SHT$$INIT_ARRAY$$Limit                
00003738  __TI_CINIT_Base                       
00003758  __TI_CINIT_Limit                      
00003718  __TI_Handler_Table_Base               
00003724  __TI_Handler_Table_Limit              
000219a4  __TI_PINIT_Base                       
000219a8  __TI_PINIT_Limit                      
00025b58  __TI_auto_init                        
0807fb04  __TI_cleanup_ptr                      
00025fac  __TI_decompress_lzss                  
000267c0  __TI_decompress_none                  
0807fb08  __TI_dtors_ptr                        
0807fb0c  __TI_enable_exit_profile_output       
ffffffff  __TI_pprof_out_hndl                   
00011b30  __TI_printfi                          
ffffffff  __TI_prof_data_size                   
ffffffff  __TI_prof_data_start                  
000179ac  __TI_scanfi                           
00000000  __TI_static_base__                    
000267e8  __TI_zero_init                        
00026454  __aeabi_idiv                          
00026818  __aeabi_idiv0                         
00026454  __aeabi_idivmod                       
000259fc  __aeabi_memclr                        
000259fc  __aeabi_memclr4                       
000259fc  __aeabi_memclr8                       
00024808  __aeabi_memcpy                        
00024808  __aeabi_memcpy4                       
00024808  __aeabi_memcpy8                       
00025a00  __aeabi_memset                        
00025a00  __aeabi_memset4                       
00025a00  __aeabi_memset8                       
000264a8  __aeabi_uidiv                         
000264a8  __aeabi_uidivmod                      
00022d34  __aeabi_uldivmod                      
ffffffff  __binit__                             
ffffffff  __c_args__                            
00025e80  _c_int00                              
00021900  _cacheDisable_                        
000218d0  _cacheEnable_                         
000218b0  _checkMemInitOn_                      
000217ac  _coreClearAuxiliaryDataFault_         
000217c8  _coreClearAuxiliaryInstructionFault_  
00021774  _coreClearDataFaultAddress_           
0002173c  _coreClearDataFault_                  
00021790  _coreClearInstructionFaultAddress_    
00021758  _coreClearInstructionFault_           
00021704  _coreDisableEventBusExport_           
000216ec  _coreEnableEventBusExport_            
0002171c  _coreEnableIrqVicOffset_              
000216d4  _coreEnableVfp_                       
000217a4  _coreGetAuxiliaryDataFault_           
000217c0  _coreGetAuxiliaryInstructionFault_    
0002176c  _coreGetDataFaultAddress_             
00021734  _coreGetDataFault_                    
00021788  _coreGetInstructionFaultAddress_      
00021750  _coreGetInstructionFault_             
0002155c  _coreInitRegisters_                   
00021668  _coreInitStackPointer_                
00031808  _ctypes_                              
00021924  _dCacheInvalidate_                    
0002195c  _dcacheCleanRange_                    
00021978  _dcacheInvalidateRange_               
000217dc  _disable_IRQ_interrupt_               
000217e4  _enable_IRQ_interrupt_                
000217ec  _enable_interrupt_                    
000217f4  _esmCcmErrorsClear_                   
000216b4  _getCPSRValue_                        
000216bc  _gotoCPUIdle_                         
00021940  _iCacheInvalidate_                    
0807fb18  _lock                                 
0002187c  _memInit_                             
0002212c  _mpuAreRegionsSeparate_               
00022108  _mpuDisableBackgroundRegion_          
000220d0  _mpuDisable_                          
000220f0  _mpuEnableBackgroundRegion_           
000220b0  _mpuEnable_                           
00022120  _mpuGetNumberOfRegions_               
00022150  _mpuGetRegionBaseAddress_             
00022170  _mpuGetRegionPermission_              
00022164  _mpuGetRegionType_                    
00022140  _mpuGetRegion_                        
00021df0  _mpuInit_                             
00022148  _mpuSetRegionBaseAddress_             
0002217c  _mpuSetRegionSizeRegister_            
00022158  _mpuSetRegionTypeAndPermission_       
00022138  _mpuSetRegion_                        
00026814  _nop                                  
0002681c  _system_post_cinit                    
0807fb1c  _unlock                               
00026044  abort                                 
000257d8  adcGetData                            
000257c8  adcIsConversionComplete               
0002669c  adcNotification                       
000257a4  adcStartConversion                    
00026264  atoi                                  
00024d74  bIsValidNetworkDescriptor             
ffffffff  binit                                 
000262e8  copy_in                               
0002678c  copysign                              
000267d4  copysignf                             
0002678c  copysignl                             
00030f98  crc32_table                           
00026698  dmaGroupANotification                 
00024b00  dmaReqAssign                          
00024c14  dmaSetChEnable                        
00024b3c  dmaSetCtrlPacket                      
00022a64  eARPGetCacheEntry                     
000081d4  eConsiderFrameForProcessing           
0807fab8  emacAddress                           
00026694  emacRxNotification                    
00026690  emacTxNotification                    
0002668c  epcCAMFullNotification                
00026688  epcFIFOFullNotification               
0807fb2c  errno                                 
00026684  esmGroup1Notification                 
00026680  esmGroup2Notification                 
0002667c  esmGroup3Notification                 
000255d4  esmHighInterrupt                      
00025aac  esmInit                               
00026050  exit                                  
0000f648  ff_chdir                              
0000fc48  ff_fclose                             
00010b94  ff_feof                               
0001043c  ff_fgetc                              
00010d24  ff_fgets                              
00010b4c  ff_filelength                         
0000f604  ff_finddir                            
0000ff60  ff_findfirst                          
0000fcc8  ff_findnext                           
00010f30  ff_fopen                              
00010c28  ff_fprintf                            
00010900  ff_fputc                              
0001046c  ff_fread                              
0000fc78  ff_fseek                              
00010cf0  ff_ftell                              
0000f780  ff_fwrite                             
0000f708  ff_getcwd                             
0000f58c  ff_mkdir                              
000103e0  ff_remove                             
000102a4  ff_rename                             
00010dec  ff_rewind                             
00010384  ff_rmdir                              
00010bf4  ff_seteof                             
000100d4  ff_stat                               
00010a14  ff_truncate                           
000260cc  frexp                                 
000260cc  frexpl                                
0001c948  getResetSource                        
000263ec  gioHighLevelInterrupt                 
00026678  gioNotification                       
00026808  gioSetDirection                       
0807f858  hdkif_data                            
00013c38  lTCPAddRxdata                         
00024fc8  ldexp                                 
000253f0  ldexpf                                
00024fc8  ldexpl                                
0001ed48  lin1HighLevelInterrupt                
00023514  logf                                  
0002636c  ltoa                                  
00014ebc  main                                  
0002660c  memcmp                                
00024808  memcpy                                
00025a0c  memset                                
000141b8  pcApplicationHostnameHook             
00026810  phantomInterrupt                      
000169b0  prvGetFromFATBuffers                  
00002e78  prvMpuDisable                         
00002e60  prvMpuEnable                          
00002e48  prvMpuSetRegion                       
000224a8  prvUARTCommandConsoleTask             
00003284  pvPortMalloc                          
00001de4  pvTaskGetThreadLocalStoragePointer    
00001db4  pvTaskIncrementMutexHeldCount         
08004e00  pxCurrentTCB                          
00024d7c  pxGetNetworkBufferWithDescriptor      
000035a0  pxPortInitialiseStack                 
0807f900  pxTypeCouples                         
000081a4  pxUDPPayloadBuffer_to_NetworkBuffer   
0807fafc  pxUartRxTransferControlStructs        
0807faf4  pxUartTxTransferControlStructs        
00026584  rand                                  
00000000  resetEntry                            
00024fc8  scalbn                                
000253f0  scalbnf                               
00024fc8  scalbnl                               
0001bac4  sciDisableNotification                
0001bb2c  sciEnableNotification                 
0001c04c  sciIsRxReady                          
00026674  sciNotification                       
0001ba80  sciSetBaudrate                        
0002527c  snprintf                              
00025c44  sprintf                               
00024f98  sscanf                                
0000d1f0  strcasecmp                            
00026748  strcat                                
000266f8  strchr                                
00026720  strcmp                                
000267a8  strcpy                                
00025874  strerror                              
0002676c  strlen                                
00026640  strncmp                               
000265c8  strncpy                               
000266cc  strrchr                               
00022fec  strtod                                
00023b94  strtol                                
00022fec  strtold                               
00023290  strtoll                               
00024338  strtoul                               
0001c2a0  systemInit                            
0807edec  ucAssumeFATType                       
000029e8  ucQueueGetQueueType                   
08004f64  ulCriticalNesting                     
0807fa14  ulNextInitialSequenceNumber           
00002d70  ulPortCountLeadingZeros               
08004f68  ulTaskHasFPUContext                   
00001cc4  ulTaskNotifyTake                      
000082ac  usGenerateChecksum                    
000083c4  usGenerateProtocolChecksum            
0807f708  usPacketIdentifier                    
00025d38  uxEventGroupGetNumber                 
00024e1c  uxGetNumberOfFreeNetworkBuffers       
00025144  uxListRemove                          
000029e0  uxQueueGetQueueNumber                 
000029b8  uxQueueMessagesWaiting                
000029a0  uxQueueMessagesWaitingFromISR         
00002970  uxQueueSpacesAvailable                
00023e5c  uxStreamBufferAdd                     
00023d8c  uxStreamBufferGet                     
00001c9c  uxTaskGetNumberOfTasks                
00001c88  uxTaskGetStackHighWaterMark           
00001668  uxTaskGetSystemState                  
00001c78  uxTaskGetTaskNumber                   
00001c50  uxTaskPriorityGet                     
00001c3c  uxTaskPriorityGetFromISR              
00001c18  uxTaskResetEventItemValue             
00022b28  vARPGenerateRequestPacket             
00022bb8  vARPRefreshCacheEntry                 
0001d308  vAddrToString                         
000141c0  vApplicationIPNetworkEventHook        
00014e64  vApplicationIdleHook                  
00014e68  vApplicationMallocFailedHook          
00014e58  vApplicationStackOverflowHook         
00014e54  vApplicationTickHook                  
000264f8  vConfigureTimerForRunTimeStats        
000200c8  vCreateAndVerifyExampleFiles          
0001de78  vDHCPProcess                          
0001e1f0  vDNSCheckCallBack                     
00025d34  vEventGroupClearBitsCallback          
00025ce4  vEventGroupDelete                     
00025ce0  vEventGroupSetBitsCallback            
0000ab8c  vFTPClientDelete                      
00021274  vFreeRTOSEMACMiscInterrupt            
000211f0  vFreeRTOSEMACRxInterrupt              
0002119c  vFreeRTOSEMACRxThrshInterrupt         
000210fc  vFreeRTOSEMACTxInterrupt              
00025d80  vFreeRTOSRTICmp1Interrupt             
00025d48  vFreeRTOSRTIOverFlow1Interrupt        
00025794  vFreeRTOS_DMA_BERA_Interrupt          
000256c8  vFreeRTOS_DMA_BTCA_Interrupt          
000256c4  vFreeRTOS_DMA_FTCA_Interrupt          
000256c0  vFreeRTOS_DMA_HBCA_Interrupt          
000256bc  vFreeRTOS_DMA_LFSA_Interrupt          
0001eab0  vFreeRTOSsci1Interrupt                
0001e814  vFreeRTOSsci2Interrupt                
0001f530  vHTTPClientDelete                     
00025de8  vIOUtilsCreateTransferControlStructure
000084e8  vIPNetworkUpCalls                     
000084dc  vIPReloadDHCPTimer                    
00008518  vIPSetDHCPTimerEnableState            
00008298  vIPSetDnsTimerEnableState             
00025114  vListInitialise                       
00025138  vListInitialiseItem                   
00025188  vListInsert                           
000250e4  vListInsertEnd                        
0002249c  vLoggingPrintf                        
00003584  vPortEndScheduler                     
00003214  vPortFree                             
00003210  vPortInitialiseBlocks                 
00002d64  vPortInitialiseFPSCR                  
00002c64  vPortPreemptiveTick                   
00002d78  vPortSWI                              
000029f4  vPortStartFirstTask                   
000034a4  vPortStoreTaskMPUSettings             
00002b70  vPortYeildWithinAPI                   
00002a84  vPortYieldProcessor                   
00002954  vQueueDelete                          
0000294c  vQueueSetQueueNumber                  
00024e28  vReleaseNetworkBufferAndDescriptor    
00013b38  vSocketBind                           
00013994  vSocketClose                          
00012f34  vSocketWakeUpUser                     
00019684  vTCPStateChange                       
00021b1c  vTCPWindowInit                        
00001bfc  vTaskAllocateMPURegions               
00001b54  vTaskDelay                            
00001a60  vTaskDelayUntil                       
00001964  vTaskDelete                           
00001948  vTaskEndScheduler                     
00001848  vTaskGetRunTimeStats                  
0000172c  vTaskList                             
00001568  vTaskMissedYield                      
0000149c  vTaskNotifyGiveFromISR                
00001414  vTaskPlaceOnEventList                 
00001368  vTaskPlaceOnUnorderedEventList        
00001280  vTaskPriorityInherit                  
00001160  vTaskPrioritySet                      
000010b0  vTaskResume                           
0000108c  vTaskSetTaskNumber                    
00001068  vTaskSetThreadLocalStoragePointer     
00000ccc  vTaskSetTimeOutState                  
00000fe8  vTaskStartScheduler                   
00000ec8  vTaskSuspend                          
00000eb4  vTaskSuspendAll                       
00000d9c  vTaskSwitchContext                    
00021018  vimChannelMap                         
00020fc0  vimDisableInterrupt                   
00024988  vimECCErrorHandler                    
00020f04  vimEnableInterrupt                    
00020c28  vimGetConfigValue                     
00020bc0  vimInit                               
0807fa74  xBoundTCPSocketsList                  
0807fa60  xBoundUDPSocketsList                  
00031ead  xBroadcastMACAddress                  
0807f898  xConsoleUART                          
0807f740  xDefaultAddressing                    
0807fad8  xDefaultPartUDPPacketHeader           
0807fb28  xEMACMiscEventBit                     
0807f830  xEMACMiscEventSemaphore               
0807f838  xEMACTxEventSemaphore                 
0001d330  xEmacStatCommand                      
000031c0  xEventGroupClearBits                  
00003194  xEventGroupCreate                     
00025cd8  xEventGroupGetBitsFromISR             
00002fdc  xEventGroupSetBits                    
0000308c  xEventGroupSync                       
00002ea0  xEventGroupWaitBits                   
0000b978  xFTPClientWork                        
00031398  xFTPCommands                          
0001cf50  xFreeRTOSEMACHWInit                   
0001f8c4  xHTTPClientWork                       
00031ca0  xHTTPFilesToCopy                      
0807fb24  xHighPrecisionTimerUsecMSB            
00025358  xIOUtilsConfigureZeroCopyTx           
000252f8  xIOUtilsGetZeroCopyWriteMutex         
00008060  xIPIsNetworkTaskReady                 
0807f714  xIPTaskHandle                         
0000806c  xIsCallingFromIPTask                  
0000adc0  xMakeAbsolute                         
0001d2c8  xNetStatCommand                       
0807f72c  xNetworkAddressing                    
0807f70c  xNetworkEventQueue                    
0001cc40  xNetworkInterfaceOutput               
0001d680  xPingCommand                          
00003204  xPortGetFreeHeapSize                  
00003434  xPortStartScheduler                   
00002904  xQueueCreateCountingSemaphore         
00002884  xQueueCreateMutex                     
0000280c  xQueueGenericCreate                   
00001ef0  xQueueGenericReceive                  
00002750  xQueueGenericReset                    
00002398  xQueueGenericSend                     
00002688  xQueueGenericSendFromISR              
00002660  xQueueGetMutexHolder                  
000025c4  xQueueGiveFromISR                     
0000256c  xQueueGiveMutexRecursive              
00002294  xQueueIsQueueEmptyFromISR             
00002268  xQueueIsQueueFullFromISR              
000021fc  xQueuePeekFromISR                     
00002154  xQueueReceiveFromISR                  
000020f8  xQueueTakeMutexRecursive              
0001d2b4  xResetCommand                         
0001d284  xRunTimeStatsCommand                  
0000808c  xSendEventStructToIPTask              
00008120  xSendEventToIPTask                    
0807fab0  xServerWorkTaskHandle                 
0807ede8  xSysTimeMsec                          
0807fb20  xSysTimeSeconds                       
0807fa88  xTCPWindowLoggingLevel                
00021bc8  xTCPWindowTxDone                      
0807faa8  xTask1Handle                          
0807faac  xTask2Handle                          
00000cfc  xTaskCheckForTimeOut                  
00000a00  xTaskGenericCreate                    
000008e4  xTaskGenericNotify                    
000007c8  xTaskGenericNotifyFromISR             
000007bc  xTaskGetCurrentTaskHandle             
0000078c  xTaskGetSchedulerState                
00000780  xTaskGetTickCount                     
00000774  xTaskGetTickCountFromISR              
00000108  xTaskIncrementTick                    
00000658  xTaskNotifyWait                       
00000514  xTaskPriorityDisinherit               
00000470  xTaskRemoveFromEventList              
000003d0  xTaskRemoveFromUnorderedEventList     
00000298  xTaskResumeAll                        
00000068  xTaskResumeFromISR                    
0001d254  xTaskStatsCommand                     
0807faf0  xUartTX_DMA_Channels                  
00031b0c  xWebCommands                          


GLOBAL SYMBOLS: SORTED BY Symbol Address 

address   name                                  
-------   ----                                  
00000000  __TI_static_base__                    
00000000  resetEntry                            
00000068  xTaskResumeFromISR                    
00000108  xTaskIncrementTick                    
00000298  xTaskResumeAll                        
000003d0  xTaskRemoveFromUnorderedEventList     
00000470  xTaskRemoveFromEventList              
00000514  xTaskPriorityDisinherit               
00000658  xTaskNotifyWait                       
00000774  xTaskGetTickCountFromISR              
00000780  xTaskGetTickCount                     
0000078c  xTaskGetSchedulerState                
000007bc  xTaskGetCurrentTaskHandle             
000007c8  xTaskGenericNotifyFromISR             
000008e4  xTaskGenericNotify                    
00000a00  xTaskGenericCreate                    
00000ccc  vTaskSetTimeOutState                  
00000cfc  xTaskCheckForTimeOut                  
00000d9c  vTaskSwitchContext                    
00000eb4  vTaskSuspendAll                       
00000ec8  vTaskSuspend                          
00000fe8  vTaskStartScheduler                   
00001068  vTaskSetThreadLocalStoragePointer     
0000108c  vTaskSetTaskNumber                    
000010b0  vTaskResume                           
00001160  vTaskPrioritySet                      
00001280  vTaskPriorityInherit                  
00001368  vTaskPlaceOnUnorderedEventList        
00001414  vTaskPlaceOnEventList                 
0000149c  vTaskNotifyGiveFromISR                
00001568  vTaskMissedYield                      
00001668  uxTaskGetSystemState                  
0000172c  vTaskList                             
00001848  vTaskGetRunTimeStats                  
00001948  vTaskEndScheduler                     
00001964  vTaskDelete                           
00001a60  vTaskDelayUntil                       
00001b54  vTaskDelay                            
00001bfc  vTaskAllocateMPURegions               
00001c18  uxTaskResetEventItemValue             
00001c3c  uxTaskPriorityGetFromISR              
00001c50  uxTaskPriorityGet                     
00001c78  uxTaskGetTaskNumber                   
00001c88  uxTaskGetStackHighWaterMark           
00001c9c  uxTaskGetNumberOfTasks                
00001cc4  ulTaskNotifyTake                      
00001db4  pvTaskIncrementMutexHeldCount         
00001de4  pvTaskGetThreadLocalStoragePointer    
00001ef0  xQueueGenericReceive                  
000020f8  xQueueTakeMutexRecursive              
00002154  xQueueReceiveFromISR                  
000021fc  xQueuePeekFromISR                     
00002268  xQueueIsQueueFullFromISR              
00002294  xQueueIsQueueEmptyFromISR             
00002398  xQueueGenericSend                     
0000256c  xQueueGiveMutexRecursive              
000025c4  xQueueGiveFromISR                     
00002660  xQueueGetMutexHolder                  
00002688  xQueueGenericSendFromISR              
00002750  xQueueGenericReset                    
0000280c  xQueueGenericCreate                   
00002884  xQueueCreateMutex                     
00002904  xQueueCreateCountingSemaphore         
0000294c  vQueueSetQueueNumber                  
00002954  vQueueDelete                          
00002970  uxQueueSpacesAvailable                
000029a0  uxQueueMessagesWaitingFromISR         
000029b8  uxQueueMessagesWaiting                
000029e0  uxQueueGetQueueNumber                 
000029e8  ucQueueGetQueueType                   
000029f4  vPortStartFirstTask                   
00002a84  vPortYieldProcessor                   
00002b70  vPortYeildWithinAPI                   
00002c64  vPortPreemptiveTick                   
00002d64  vPortInitialiseFPSCR                  
00002d70  ulPortCountLeadingZeros               
00002d78  vPortSWI                              
00002e48  prvMpuSetRegion                       
00002e60  prvMpuEnable                          
00002e78  prvMpuDisable                         
00002ea0  xEventGroupWaitBits                   
00002fdc  xEventGroupSetBits                    
0000308c  xEventGroupSync                       
00003194  xEventGroupCreate                     
000031c0  xEventGroupClearBits                  
00003204  xPortGetFreeHeapSize                  
00003210  vPortInitialiseBlocks                 
00003214  vPortFree                             
00003284  pvPortMalloc                          
00003434  xPortStartScheduler                   
000034a4  vPortStoreTaskMPUSettings             
00003584  vPortEndScheduler                     
000035a0  pxPortInitialiseStack                 
00003718  __TI_Handler_Table_Base               
00003724  __TI_Handler_Table_Limit              
00003738  __TI_CINIT_Base                       
00003758  __TI_CINIT_Limit                      
00008060  xIPIsNetworkTaskReady                 
0000806c  xIsCallingFromIPTask                  
0000808c  xSendEventStructToIPTask              
00008120  xSendEventToIPTask                    
0000813c  FreeRTOS_GetUDPPayloadBuffer          
00008160  FreeRTOS_GetAddressConfiguration      
000081a4  pxUDPPayloadBuffer_to_NetworkBuffer   
000081c8  FreeRTOS_GetIPAddress                 
000081d4  eConsiderFrameForProcessing           
00008224  FreeRTOS_NetworkDown                  
00008298  vIPSetDnsTimerEnableState             
000082ac  usGenerateChecksum                    
000083c4  usGenerateProtocolChecksum            
000084cc  FreeRTOS_ReleaseUDPPayloadBuffer      
000084dc  vIPReloadDHCPTimer                    
000084e8  vIPNetworkUpCalls                     
00008518  vIPSetDHCPTimerEnableState            
0000ab8c  vFTPClientDelete                      
0000adc0  xMakeAbsolute                         
0000b978  xFTPClientWork                        
0000ced0  FF_InitEntryFetch                     
0000d014  FF_FetchEntryWithContext              
0000d1f0  strcasecmp                            
0000d2a0  FF_PopulateLongDirent                 
0000d4b8  FF_PopulateShortDirent                
0000d5c8  FF_CleanupEntryFetch                  
0000d5f0  FF_FindEntryInDir                     
0000d9b0  FF_FindDir                            
0000dac4  FF_CreateShortName                    
0000de38  FF_FindShortName                      
0000e01c  FF_ExtendDirectory                    
0000e3f8  FF_PushEntryWithContext               
0000e6c8  FF_CreateDirent                       
0000e964  FF_PutEntry                           
0000eacc  FF_MkDir                              
0000ed58  FF_GetEntry                           
0000ee40  FF_FindNext                           
0000f048  FF_FindFirst                          
0000f0f8  FF_CreateFile                         
0000f1d8  FF_RmLFNs                             
0000f58c  ff_mkdir                              
0000f604  ff_finddir                            
0000f648  ff_chdir                              
0000f708  ff_getcwd                             
0000f780  ff_fwrite                             
0000fc48  ff_fclose                             
0000fc78  ff_fseek                              
0000fcc8  ff_findnext                           
0000ff60  ff_findfirst                          
000100d4  ff_stat                               
000102a4  ff_rename                             
00010384  ff_rmdir                              
000103e0  ff_remove                             
0001043c  ff_fgetc                              
0001046c  ff_fread                              
00010900  ff_fputc                              
00010a14  ff_truncate                           
00010b4c  ff_filelength                         
00010b94  ff_feof                               
00010bf4  ff_seteof                             
00010c28  ff_fprintf                            
00010cf0  ff_ftell                              
00010d24  ff_fgets                              
00010dec  ff_rewind                             
00010f30  ff_fopen                              
00011b30  __TI_printfi                          
000128b0  FreeRTOS_inet_addr                    
00012978  FreeRTOS_socket                       
00012ac8  FreeRTOS_bind                         
00012b60  FreeRTOS_setsockopt                   
00012ea8  FreeRTOS_closesocket                  
00012f34  vSocketWakeUpUser                     
00012fa0  FreeRTOS_recvfrom                     
000130f4  FreeRTOS_rx_size                      
0001313c  FreeRTOS_recv                         
00013414  FreeRTOS_send                         
0001363c  FreeRTOS_FD_CLR                       
00013688  FreeRTOS_issocketconnected            
000136bc  FreeRTOS_accept                       
00013810  FreeRTOS_GetRemoteAddress             
0001382c  FreeRTOS_GetLocalAddress              
0001389c  FreeRTOS_FD_SET                       
000138f0  FreeRTOS_shutdown                     
00013948  FreeRTOS_tx_space                     
00013994  vSocketClose                          
00013b38  vSocketBind                           
00013c38  lTCPAddRxdata                         
00013e04  FreeRTOS_select                       
00013e90  FreeRTOS_listen                       
00013f68  FreeRTOS_sendto                       
000141b8  pcApplicationHostnameHook             
000141c0  vApplicationIPNetworkEventHook        
00014e54  vApplicationTickHook                  
00014e58  vApplicationStackOverflowHook         
00014e64  vApplicationIdleHook                  
00014e68  vApplicationMallocFailedHook          
00014ebc  main                                  
00015570  FF_CheckValid                         
000156c0  FF_Seek                               
00015c68  FF_Close                              
00015e48  FF_Open                               
00016178  FF_RmFile                             
000162f0  FF_Move                               
000165fc  FF_isDirEmpty                         
00016680  FF_RmDir                              
00016810  FF_GetC                               
000168c4  FF_SetEof                             
00016958  FF_isEndOfChain                       
000169b0  prvGetFromFATBuffers                  
00016a58  FF_getFATEntry                        
00016bdc  FF_ReleaseFATBuffers                  
00016c24  FF_GetChainLength                     
00016ccc  FF_getClusterChainNumber              
00016cf8  FF_TraverseFAT                        
00016ddc  FF_getMinorBlockEntry                 
00016e4c  FF_getMajorBlockNumber                
00016e98  FF_Cluster2LBA                        
00016ec4  FF_getMinorBlockNumber                
00016f30  FF_putFATEntry                        
00017114  FF_FindFreeCluster                    
00017360  FF_CountFreeClusters                  
00017560  FF_CreateClusterChain                 
000175bc  FF_ClearCluster                       
0001767c  FF_FindEndOfChain                     
000176c4  FF_UnlinkClusterChain                 
00017908  FF_GetFreeSize                        
000179ac  __TI_scanfi                           
00018974  FreeRTOS_GetTCPStateName              
00019684  vTCPStateChange                       
00019868  FF_IOMAN_InitBufferDescriptors        
000198c4  FF_DeleteIOManager                    
00019904  FF_ReleaseBuffer                      
00019990  FF_DecreaseFreeClusters               
00019ab0  FF_FlushCache                         
00019bc4  FF_BlockRead                          
00019c6c  FF_BlockWrite                         
00019d14  FF_GetBuffer                          
00019f70  FF_ReadParts                          
0001a208  FF_PartitionSearch                    
0001a514  FF_Partition                          
0001a938  FF_Format                             
0001b154  FF_RAMDiskInit                        
0001ba80  sciSetBaudrate                        
0001bac4  sciDisableNotification                
0001bb2c  sciEnableNotification                 
0001bb8c  FreeRTOS_UART_ioctl                   
0001bd5c  FreeRTOS_UART_write                   
0001c04c  sciIsRxReady                          
0001c058  FreeRTOS_UART_read                    
0001c2a0  systemInit                            
0001c948  getResetSource                        
0001cc10  EMACReadNetStatRegisters              
0001cc40  xNetworkInterfaceOutput               
0001cd64  EMACInstConfig                        
0001cda4  EMACMACSrcAddrSet                     
0001cddc  EMACMACAddrSet                        
0001ce20  EMACDuplexSet                         
0001ce3c  EMACLinkSetup                         
0001cec4  EMACMIIEnable                         
0001cedc  EMACRxBroadCastEnable                 
0001cf00  EMACRxUnicastSet                      
0001cf18  EMACDisableLoopback                   
0001cf50  xFreeRTOSEMACHWInit                   
0001d1d4  EMACCoreIntAck                        
0001d1dc  EMACSwizzleData                       
0001d1fc  EMACRxHdrDescPtrWrite                 
0001d254  xTaskStatsCommand                     
0001d284  xRunTimeStatsCommand                  
0001d2b4  xResetCommand                         
0001d2c8  xNetStatCommand                       
0001d308  vAddrToString                         
0001d330  xEmacStatCommand                      
0001d680  xPingCommand                          
0001de78  vDHCPProcess                          
0001e1f0  vDNSCheckCallBack                     
0001e4c8  FreeRTOS_gethostbyname_a              
0001e814  vFreeRTOSsci2Interrupt                
0001eab0  vFreeRTOSsci1Interrupt                
0001ed48  lin1HighLevelInterrupt                
0001f530  vHTTPClientDelete                     
0001f8c4  xHTTPClientWork                       
0001faec  MPU_xTaskResumeAll                    
0001fb0c  MPU_xTaskGetTickCount                 
0001fb2c  MPU_xTaskGetSchedulerState            
0001fb4c  MPU_xTaskGetCurrentTaskHandle         
0001fb6c  MPU_xTaskGenericCreate                
0001fbd0  MPU_xQueueTakeMutexRecursive          
0001fc00  MPU_xQueuePeekFromISR                 
0001fc30  MPU_xQueueGiveMutexRecursive          
0001fc58  MPU_xQueueGetMutexHolder              
0001fc80  MPU_xQueueGenericSend                 
0001fcc0  MPU_xQueueGenericReset                
0001fcf0  MPU_xQueueGenericReceive              
0001fd30  MPU_xQueueGenericCreate               
0001fd68  MPU_xQueueCreateMutex                 
0001fd90  MPU_xQueueCreateCountingSemaphore     
0001fdc0  MPU_xPortGetFreeHeapSize              
0001fde0  MPU_vTaskSuspendAll                   
0001fe00  MPU_vTaskSuspend                      
0001fe28  MPU_vTaskResume                       
0001fe50  MPU_vTaskPrioritySet                  
0001fe80  MPU_vTaskList                         
0001fea8  MPU_vTaskGetRunTimeStats              
0001fed0  MPU_vTaskDelete                       
0001fef8  MPU_vTaskDelayUntil                   
0001ff28  MPU_vTaskDelay                        
0001ff50  MPU_vTaskAllocateMPURegions           
0001ff80  MPU_vQueueDelete                      
0001ffa8  MPU_vPortInitialiseBlocks             
0001ffc8  MPU_vPortFree                         
0001fff0  MPU_uxTaskPriorityGet                 
00020018  MPU_uxTaskGetStackHighWaterMark       
00020040  MPU_uxTaskGetNumberOfTasks            
00020060  MPU_uxQueueMessagesWaiting            
00020088  MPU_pvPortMalloc                      
000200c8  vCreateAndVerifyExampleFiles          
00020654  FreeRTOS_open                         
000207e0  FreeRTOS_ioctl                        
00020bc0  vimInit                               
00020c28  vimGetConfigValue                     
00020f04  vimEnableInterrupt                    
00020fc0  vimDisableInterrupt                   
00021018  vimChannelMap                         
000210fc  vFreeRTOSEMACTxInterrupt              
0002119c  vFreeRTOSEMACRxThrshInterrupt         
000211f0  vFreeRTOSEMACRxInterrupt              
00021274  vFreeRTOSEMACMiscInterrupt            
00021324  EMACTxIntISR                          
00021428  EMACRxIntISR                          
0002155c  _coreInitRegisters_                   
00021668  _coreInitStackPointer_                
000216b4  _getCPSRValue_                        
000216bc  _gotoCPUIdle_                         
000216d4  _coreEnableVfp_                       
000216ec  _coreEnableEventBusExport_            
00021704  _coreDisableEventBusExport_           
0002171c  _coreEnableIrqVicOffset_              
00021734  _coreGetDataFault_                    
0002173c  _coreClearDataFault_                  
00021750  _coreGetInstructionFault_             
00021758  _coreClearInstructionFault_           
0002176c  _coreGetDataFaultAddress_             
00021774  _coreClearDataFaultAddress_           
00021788  _coreGetInstructionFaultAddress_      
00021790  _coreClearInstructionFaultAddress_    
000217a4  _coreGetAuxiliaryDataFault_           
000217ac  _coreClearAuxiliaryDataFault_         
000217c0  _coreGetAuxiliaryInstructionFault_    
000217c8  _coreClearAuxiliaryInstructionFault_  
000217dc  _disable_IRQ_interrupt_               
000217e4  _enable_IRQ_interrupt_                
000217ec  _enable_interrupt_                    
000217f4  _esmCcmErrorsClear_                   
0002187c  _memInit_                             
000218b0  _checkMemInitOn_                      
000218d0  _cacheEnable_                         
00021900  _cacheDisable_                        
00021924  _dCacheInvalidate_                    
00021940  _iCacheInvalidate_                    
0002195c  _dcacheCleanRange_                    
00021978  _dcacheInvalidateRange_               
000219a4  __TI_PINIT_Base                       
000219a8  __TI_PINIT_Limit                      
00021b1c  vTCPWindowInit                        
00021bc8  xTCPWindowTxDone                      
00021df0  _mpuInit_                             
000220b0  _mpuEnable_                           
000220d0  _mpuDisable_                          
000220f0  _mpuEnableBackgroundRegion_           
00022108  _mpuDisableBackgroundRegion_          
00022120  _mpuGetNumberOfRegions_               
0002212c  _mpuAreRegionsSeparate_               
00022138  _mpuSetRegion_                        
00022140  _mpuGetRegion_                        
00022148  _mpuSetRegionBaseAddress_             
00022150  _mpuGetRegionBaseAddress_             
00022158  _mpuSetRegionTypeAndPermission_       
00022164  _mpuGetRegionType_                    
00022170  _mpuGetRegionPermission_              
0002217c  _mpuSetRegionSizeRegister_            
00022184  FreeRTOS_CLIGetParameter              
00022258  FreeRTOS_CLIProcessCommand            
0002239c  FreeRTOS_CLIRegisterCommand           
0002249c  vLoggingPrintf                        
000224a8  prvUARTCommandConsoleTask             
00022a64  eARPGetCacheEntry                     
00022b28  vARPGenerateRequestPacket             
00022b84  FreeRTOS_OutputARPRequest             
00022bb8  vARPRefreshCacheEntry                 
00022d34  __aeabi_uldivmod                      
00022fec  strtod                                
00022fec  strtold                               
00023290  strtoll                               
00023514  logf                                  
00023754  FreeRTOS_CreateTCPServer              
00023988  Dp83640PartnerAbilityGet              
00023994  Dp83640AutoNegotiate                  
00023ab8  Dp83640IDGet                          
00023b08  Dp83640LinkStatusGet                  
00023b94  strtol                                
00023d8c  uxStreamBufferGet                     
00023e5c  uxStreamBufferAdd                     
0002415c  FreeRTOS_gmtime_r                     
000242d0  FF_GetSystemTime                      
00024338  strtoul                               
000244f4  FF_PendSemaphore                      
00024514  FF_ReleaseSemaphore                   
00024530  FF_Has_Lock                           
0002455c  FF_LockFAT                            
000245b4  FF_Assert_Lock                        
000245dc  FF_UnlockFAT                          
00024618  FF_LockDirectory                      
00024654  FF_UnlockDirectory                    
00024688  FF_strtok                             
0002477c  FF_strmatch                           
00024808  __aeabi_memcpy                        
00024808  __aeabi_memcpy4                       
00024808  __aeabi_memcpy8                       
00024808  memcpy                                
00024988  vimECCErrorHandler                    
00024b00  dmaReqAssign                          
00024b3c  dmaSetCtrlPacket                      
00024c14  dmaSetChEnable                        
00024d74  bIsValidNetworkDescriptor             
00024d7c  pxGetNetworkBufferWithDescriptor      
00024e1c  uxGetNumberOfFreeNetworkBuffers       
00024e28  vReleaseNetworkBufferAndDescriptor    
00024f98  sscanf                                
00024fc8  ldexp                                 
00024fc8  ldexpl                                
00024fc8  scalbn                                
00024fc8  scalbnl                               
000250e4  vListInsertEnd                        
00025114  vListInitialise                       
00025138  vListInitialiseItem                   
00025144  uxListRemove                          
00025188  vListInsert                           
0002527c  snprintf                              
000252f8  xIOUtilsGetZeroCopyWriteMutex         
00025358  xIOUtilsConfigureZeroCopyTx           
000253f0  ldexpf                                
000253f0  scalbnf                               
000254e8  FF_FS_Find                            
000255bc  FF_FS_Count                           
000255d4  esmHighInterrupt                      
000256bc  vFreeRTOS_DMA_LFSA_Interrupt          
000256c0  vFreeRTOS_DMA_HBCA_Interrupt          
000256c4  vFreeRTOS_DMA_FTCA_Interrupt          
000256c8  vFreeRTOS_DMA_BTCA_Interrupt          
00025794  vFreeRTOS_DMA_BERA_Interrupt          
000257a4  adcStartConversion                    
000257c8  adcIsConversionComplete               
000257d8  adcGetData                            
00025874  strerror                              
0002593c  MDIOPhyRegRead                        
000259a4  MDIOPhyRegWrite                       
000259dc  MDIOInit                              
000259e8  MDIOPhyAliveStatusGet                 
000259f0  MDIOPhyLinkStatusGet                  
000259fc  __aeabi_memclr                        
000259fc  __aeabi_memclr4                       
000259fc  __aeabi_memclr8                       
00025a00  __aeabi_memset                        
00025a00  __aeabi_memset4                       
00025a00  __aeabi_memset8                       
00025a0c  memset                                
00025aac  esmInit                               
00025b58  __TI_auto_init                        
00025c44  sprintf                               
00025cd8  xEventGroupGetBitsFromISR             
00025ce0  vEventGroupSetBitsCallback            
00025ce4  vEventGroupDelete                     
00025d34  vEventGroupClearBitsCallback          
00025d38  uxEventGroupGetNumber                 
00025d48  vFreeRTOSRTIOverFlow1Interrupt        
00025d80  vFreeRTOSRTICmp1Interrupt             
00025de8  vIOUtilsCreateTransferControlStructure
00025e80  _c_int00                              
00025f18  FF_getLong                            
00025f44  FF_getShort                           
00025f60  FF_getChar                            
00025f68  FF_putShort                           
00025f80  FF_putLong                            
00025fa4  FF_putChar                            
00025fac  __TI_decompress_lzss                  
0002603c  C$$EXIT                               
00026044  abort                                 
00026050  exit                                  
000260cc  frexp                                 
000260cc  frexpl                                
00026264  atoi                                  
000262e8  copy_in                               
0002636c  ltoa                                  
000263ec  gioHighLevelInterrupt                 
00026454  __aeabi_idiv                          
00026454  __aeabi_idivmod                       
000264a8  __aeabi_uidiv                         
000264a8  __aeabi_uidivmod                      
000264f8  vConfigureTimerForRunTimeStats        
00026540  FF_GetCRC16                           
00026584  rand                                  
000265c8  strncpy                               
0002660c  memcmp                                
00026640  strncmp                               
00026674  sciNotification                       
00026678  gioNotification                       
0002667c  esmGroup3Notification                 
00026680  esmGroup2Notification                 
00026684  esmGroup1Notification                 
00026688  epcFIFOFullNotification               
0002668c  epcCAMFullNotification                
00026690  emacTxNotification                    
00026694  emacRxNotification                    
00026698  dmaGroupANotification                 
0002669c  adcNotification                       
000266cc  strrchr                               
000266f8  strchr                                
00026720  strcmp                                
00026748  strcat                                
0002676c  strlen                                
0002678c  copysign                              
0002678c  copysignl                             
000267a8  strcpy                                
000267c0  __TI_decompress_none                  
000267d4  copysignf                             
000267e8  __TI_zero_init                        
000267f8  FreeRTOS_time                         
00026808  gioSetDirection                       
00026810  phantomInterrupt                      
00026814  _nop                                  
00026818  __aeabi_idiv0                         
0002681c  _system_post_cinit                    
00030f98  crc32_table                           
00031398  xFTPCommands                          
00031808  _ctypes_                              
00031b0c  xWebCommands                          
00031ca0  xHTTPFilesToCopy                      
00031ead  xBroadcastMACAddress                  
08004e00  pxCurrentTCB                          
08004f64  ulCriticalNesting                     
08004f68  ulTaskHasFPUContext                   
0807ede8  xSysTimeMsec                          
0807edec  ucAssumeFATType                       
0807f708  usPacketIdentifier                    
0807f70c  xNetworkEventQueue                    
0807f714  xIPTaskHandle                         
0807f72c  xNetworkAddressing                    
0807f740  xDefaultAddressing                    
0807f830  xEMACMiscEventSemaphore               
0807f838  xEMACTxEventSemaphore                 
0807f858  hdkif_data                            
0807f898  xConsoleUART                          
0807f900  pxTypeCouples                         
0807fa14  ulNextInitialSequenceNumber           
0807fa60  xBoundUDPSocketsList                  
0807fa74  xBoundTCPSocketsList                  
0807fa88  xTCPWindowLoggingLevel                
0807faa8  xTask1Handle                          
0807faac  xTask2Handle                          
0807fab0  xServerWorkTaskHandle                 
0807fab8  emacAddress                           
0807fad8  xDefaultPartUDPPacketHeader           
0807faf0  xUartTX_DMA_Channels                  
0807faf4  pxUartTxTransferControlStructs        
0807fafc  pxUartRxTransferControlStructs        
0807fb04  __TI_cleanup_ptr                      
0807fb08  __TI_dtors_ptr                        
0807fb0c  __TI_enable_exit_profile_output       
0807fb18  _lock                                 
0807fb1c  _unlock                               
0807fb20  xSysTimeSeconds                       
0807fb24  xHighPrecisionTimerUsecMSB            
0807fb28  xEMACMiscEventBit                     
0807fb2c  errno                                 
ffffffff  __TI_pprof_out_hndl                   
ffffffff  __TI_prof_data_size                   
ffffffff  __TI_prof_data_start                  
ffffffff  __binit__                             
ffffffff  __c_args__                            
ffffffff  binit                                 
UNDEFED   SHT$$INIT_ARRAY$$Base                 
UNDEFED   SHT$$INIT_ARRAY$$Limit                

[579 symbols]
