<?xml version="1.0"?>
<link_info>
   <banner>TI ARM Linker PC v16.9.4.LTS</banner>
   <copyright>Copyright (c) 1996-2017 Texas Instruments Incorporated</copyright>
   <link_time>0x5a27acd5</link_time>
   <link_errors>0x0</link_errors>
   <output_file>LaunchPad_FreeRTOS.out</output_file>
   <entry_point>
      <name>_c_int00</name>
      <address>0x25e18</address>
   </entry_point>
   <input_file_list>
      <input_file id="fl-2">
         <path>.\FreeRTOS-Plus-CLI\</path>
         <kind>object</kind>
         <file>CLI_commands.obj</file>
         <name>CLI_commands.obj</name>
      </input_file>
      <input_file id="fl-3">
         <path>.\FreeRTOS-Plus-CLI\</path>
         <kind>object</kind>
         <file>FAT-CLI-commands.obj</file>
         <name>FAT-CLI-commands.obj</name>
      </input_file>
      <input_file id="fl-4">
         <path>.\FreeRTOS-Plus-CLI\</path>
         <kind>object</kind>
         <file>FreeRTOS_CLI.obj</file>
         <name>FreeRTOS_CLI.obj</name>
      </input_file>
      <input_file id="fl-5">
         <path>.\FreeRTOS-Plus-FAT\</path>
         <kind>object</kind>
         <file>ff_crc.obj</file>
         <name>ff_crc.obj</name>
      </input_file>
      <input_file id="fl-6">
         <path>.\FreeRTOS-Plus-FAT\</path>
         <kind>object</kind>
         <file>ff_dir.obj</file>
         <name>ff_dir.obj</name>
      </input_file>
      <input_file id="fl-7">
         <path>.\FreeRTOS-Plus-FAT\</path>
         <kind>object</kind>
         <file>ff_error.obj</file>
         <name>ff_error.obj</name>
      </input_file>
      <input_file id="fl-8">
         <path>.\FreeRTOS-Plus-FAT\</path>
         <kind>object</kind>
         <file>ff_fat.obj</file>
         <name>ff_fat.obj</name>
      </input_file>
      <input_file id="fl-9">
         <path>.\FreeRTOS-Plus-FAT\</path>
         <kind>object</kind>
         <file>ff_file.obj</file>
         <name>ff_file.obj</name>
      </input_file>
      <input_file id="fl-a">
         <path>.\FreeRTOS-Plus-FAT\</path>
         <kind>object</kind>
         <file>ff_format.obj</file>
         <name>ff_format.obj</name>
      </input_file>
      <input_file id="fl-b">
         <path>.\FreeRTOS-Plus-FAT\</path>
         <kind>object</kind>
         <file>ff_ioman.obj</file>
         <name>ff_ioman.obj</name>
      </input_file>
      <input_file id="fl-c">
         <path>.\FreeRTOS-Plus-FAT\</path>
         <kind>object</kind>
         <file>ff_locking.obj</file>
         <name>ff_locking.obj</name>
      </input_file>
      <input_file id="fl-d">
         <path>.\FreeRTOS-Plus-FAT\</path>
         <kind>object</kind>
         <file>ff_memory.obj</file>
         <name>ff_memory.obj</name>
      </input_file>
      <input_file id="fl-e">
         <path>.\FreeRTOS-Plus-FAT\</path>
         <kind>object</kind>
         <file>ff_stdio.obj</file>
         <name>ff_stdio.obj</name>
      </input_file>
      <input_file id="fl-f">
         <path>.\FreeRTOS-Plus-FAT\</path>
         <kind>object</kind>
         <file>ff_string.obj</file>
         <name>ff_string.obj</name>
      </input_file>
      <input_file id="fl-10">
         <path>.\FreeRTOS-Plus-FAT\</path>
         <kind>object</kind>
         <file>ff_sys.obj</file>
         <name>ff_sys.obj</name>
      </input_file>
      <input_file id="fl-11">
         <path>.\FreeRTOS-Plus-FAT\</path>
         <kind>object</kind>
         <file>ff_time.obj</file>
         <name>ff_time.obj</name>
      </input_file>
      <input_file id="fl-12">
         <path>.\FreeRTOS-Plus-FAT\portable\common\</path>
         <kind>object</kind>
         <file>ff_ramdisk.obj</file>
         <name>ff_ramdisk.obj</name>
      </input_file>
      <input_file id="fl-13">
         <path>.\FreeRTOS-Plus-IO\Common\</path>
         <kind>object</kind>
         <file>FreeRTOS_DriverInterface.obj</file>
         <name>FreeRTOS_DriverInterface.obj</name>
      </input_file>
      <input_file id="fl-14">
         <path>.\FreeRTOS-Plus-IO\Common\</path>
         <kind>object</kind>
         <file>FreeRTOS_IOUtils.obj</file>
         <name>FreeRTOS_IOUtils.obj</name>
      </input_file>
      <input_file id="fl-15">
         <path>.\FreeRTOS-Plus-IO\Common\</path>
         <kind>object</kind>
         <file>IOUtils_CharQueueTxAndRx.obj</file>
         <name>IOUtils_CharQueueTxAndRx.obj</name>
      </input_file>
      <input_file id="fl-16">
         <path>.\FreeRTOS-Plus-IO\Common\</path>
         <kind>object</kind>
         <file>IOUtils_CircularBufferRx.obj</file>
         <name>IOUtils_CircularBufferRx.obj</name>
      </input_file>
      <input_file id="fl-17">
         <path>.\FreeRTOS-Plus-IO\Common\</path>
         <kind>object</kind>
         <file>IOUtils_ZeroCopyTx.obj</file>
         <name>IOUtils_ZeroCopyTx.obj</name>
      </input_file>
      <input_file id="fl-18">
         <path>.\FreeRTOS-Plus-IO\Device\tms570ls20x31x\source\</path>
         <kind>object</kind>
         <file>tms570ls20x31x_dma.obj</file>
         <name>tms570ls20x31x_dma.obj</name>
      </input_file>
      <input_file id="fl-19">
         <path>.\FreeRTOS-Plus-IO\Device\tms570ls20x31x\source\</path>
         <kind>object</kind>
         <file>tms570ls20x31x_driverInterface.obj</file>
         <name>tms570ls20x31x_driverInterface.obj</name>
      </input_file>
      <input_file id="fl-1a">
         <path>.\FreeRTOS-Plus-IO\Device\tms570ls20x31x\source\</path>
         <kind>object</kind>
         <file>tms570ls20x31x_uart.obj</file>
         <name>tms570ls20x31x_uart.obj</name>
      </input_file>
      <input_file id="fl-1b">
         <path>.\FreeRTOS-Plus-TCP\</path>
         <kind>object</kind>
         <file>FreeRTOS_ARP.obj</file>
         <name>FreeRTOS_ARP.obj</name>
      </input_file>
      <input_file id="fl-1c">
         <path>.\FreeRTOS-Plus-TCP\</path>
         <kind>object</kind>
         <file>FreeRTOS_DHCP.obj</file>
         <name>FreeRTOS_DHCP.obj</name>
      </input_file>
      <input_file id="fl-1d">
         <path>.\FreeRTOS-Plus-TCP\</path>
         <kind>object</kind>
         <file>FreeRTOS_DNS.obj</file>
         <name>FreeRTOS_DNS.obj</name>
      </input_file>
      <input_file id="fl-1e">
         <path>.\FreeRTOS-Plus-TCP\</path>
         <kind>object</kind>
         <file>FreeRTOS_IP.obj</file>
         <name>FreeRTOS_IP.obj</name>
      </input_file>
      <input_file id="fl-1f">
         <path>.\FreeRTOS-Plus-TCP\</path>
         <kind>object</kind>
         <file>FreeRTOS_Sockets.obj</file>
         <name>FreeRTOS_Sockets.obj</name>
      </input_file>
      <input_file id="fl-20">
         <path>.\FreeRTOS-Plus-TCP\</path>
         <kind>object</kind>
         <file>FreeRTOS_Stream_Buffer.obj</file>
         <name>FreeRTOS_Stream_Buffer.obj</name>
      </input_file>
      <input_file id="fl-21">
         <path>.\FreeRTOS-Plus-TCP\</path>
         <kind>object</kind>
         <file>FreeRTOS_TCP_IP.obj</file>
         <name>FreeRTOS_TCP_IP.obj</name>
      </input_file>
      <input_file id="fl-22">
         <path>.\FreeRTOS-Plus-TCP\</path>
         <kind>object</kind>
         <file>FreeRTOS_TCP_WIN.obj</file>
         <name>FreeRTOS_TCP_WIN.obj</name>
      </input_file>
      <input_file id="fl-23">
         <path>.\FreeRTOS-Plus-TCP\</path>
         <kind>object</kind>
         <file>FreeRTOS_UDP_IP.obj</file>
         <name>FreeRTOS_UDP_IP.obj</name>
      </input_file>
      <input_file id="fl-24">
         <path>.\FreeRTOS-Plus-TCP\portable\BufferManagement\</path>
         <kind>object</kind>
         <file>BufferAllocation_3.obj</file>
         <name>BufferAllocation_3.obj</name>
      </input_file>
      <input_file id="fl-25">
         <path>.\FreeRTOS-Plus-TCP\portable\NetworkInterface\Hercules\</path>
         <kind>object</kind>
         <file>NetworkInterface.obj</file>
         <name>NetworkInterface.obj</name>
      </input_file>
      <input_file id="fl-26">
         <path>.\FreeRTOS-Plus-TCP\protocols\Common\</path>
         <kind>object</kind>
         <file>FreeRTOS_TCP_server.obj</file>
         <name>FreeRTOS_TCP_server.obj</name>
      </input_file>
      <input_file id="fl-27">
         <path>.\FreeRTOS-Plus-TCP\protocols\FTP\</path>
         <kind>object</kind>
         <file>FreeRTOS_FTP_commands.obj</file>
         <name>FreeRTOS_FTP_commands.obj</name>
      </input_file>
      <input_file id="fl-28">
         <path>.\FreeRTOS-Plus-TCP\protocols\FTP\</path>
         <kind>object</kind>
         <file>FreeRTOS_FTP_server.obj</file>
         <name>FreeRTOS_FTP_server.obj</name>
      </input_file>
      <input_file id="fl-29">
         <path>.\FreeRTOS-Plus-TCP\protocols\HTTP\</path>
         <kind>object</kind>
         <file>FreeRTOS_HTTP_commands.obj</file>
         <name>FreeRTOS_HTTP_commands.obj</name>
      </input_file>
      <input_file id="fl-2a">
         <path>.\FreeRTOS-Plus-TCP\protocols\HTTP\</path>
         <kind>object</kind>
         <file>FreeRTOS_HTTP_server.obj</file>
         <name>FreeRTOS_HTTP_server.obj</name>
      </input_file>
      <input_file id="fl-2b">
         <path>.\FreeRTOS-Plus-TCP\protocols\NTP\</path>
         <kind>object</kind>
         <file>NTPDemo.obj</file>
         <name>NTPDemo.obj</name>
      </input_file>
      <input_file id="fl-2c">
         <path>.\FreeRTOS-Plus-UART-Console\</path>
         <kind>object</kind>
         <file>UARTCommandConsole.obj</file>
         <name>UARTCommandConsole.obj</name>
      </input_file>
      <input_file id="fl-2d">
         <path>.\FreeRTOS-Plus-UDP-Console\</path>
         <kind>object</kind>
         <file>UDPCommandConsole.obj</file>
         <name>UDPCommandConsole.obj</name>
      </input_file>
      <input_file id="fl-2e">
         <path>.\FreeRTOS_Plus_FAT_Demos\</path>
         <kind>object</kind>
         <file>CreateAndVerifyExampleFiles.obj</file>
         <name>CreateAndVerifyExampleFiles.obj</name>
      </input_file>
      <input_file id="fl-2f">
         <path>.\FreeRTOS_Plus_FAT_Demos\</path>
         <kind>object</kind>
         <file>ff_stdio_tests_with_cwd.obj</file>
         <name>ff_stdio_tests_with_cwd.obj</name>
      </input_file>
      <input_file id="fl-30">
         <path>.\source\</path>
         <kind>object</kind>
         <file>HL_adc.obj</file>
         <name>HL_adc.obj</name>
      </input_file>
      <input_file id="fl-31">
         <path>.\source\</path>
         <kind>object</kind>
         <file>HL_crc.obj</file>
         <name>HL_crc.obj</name>
      </input_file>
      <input_file id="fl-32">
         <path>.\source\</path>
         <kind>object</kind>
         <file>HL_ecap.obj</file>
         <name>HL_ecap.obj</name>
      </input_file>
      <input_file id="fl-33">
         <path>.\source\</path>
         <kind>object</kind>
         <file>HL_epc.obj</file>
         <name>HL_epc.obj</name>
      </input_file>
      <input_file id="fl-35">
         <path>.\source\</path>
         <kind>object</kind>
         <file>HL_esm.obj</file>
         <name>HL_esm.obj</name>
      </input_file>
      <input_file id="fl-36">
         <path>.\source\</path>
         <kind>object</kind>
         <file>HL_etpwm.obj</file>
         <name>HL_etpwm.obj</name>
      </input_file>
      <input_file id="fl-37">
         <path>.\source\</path>
         <kind>object</kind>
         <file>HL_gio.obj</file>
         <name>HL_gio.obj</name>
      </input_file>
      <input_file id="fl-38">
         <path>.\source\</path>
         <kind>object</kind>
         <file>HL_mdio.obj</file>
         <name>HL_mdio.obj</name>
      </input_file>
      <input_file id="fl-39">
         <path>.\source\</path>
         <kind>object</kind>
         <file>HL_nmpu.obj</file>
         <name>HL_nmpu.obj</name>
      </input_file>
      <input_file id="fl-3b">
         <path>.\source\</path>
         <kind>object</kind>
         <file>HL_phy_dp83640.obj</file>
         <name>HL_phy_dp83640.obj</name>
      </input_file>
      <input_file id="fl-3c">
         <path>.\source\</path>
         <kind>object</kind>
         <file>HL_pinmux.obj</file>
         <name>HL_pinmux.obj</name>
      </input_file>
      <input_file id="fl-3e">
         <path>.\source\</path>
         <kind>object</kind>
         <file>HL_sys_dma.obj</file>
         <name>HL_sys_dma.obj</name>
      </input_file>
      <input_file id="fl-41">
         <path>.\source\</path>
         <kind>object</kind>
         <file>HL_sys_pcr.obj</file>
         <name>HL_sys_pcr.obj</name>
      </input_file>
      <input_file id="fl-43">
         <path>.\source\</path>
         <kind>object</kind>
         <file>HL_sys_pmm.obj</file>
         <name>HL_sys_pmm.obj</name>
      </input_file>
      <input_file id="fl-47">
         <path>.\source\</path>
         <kind>object</kind>
         <file>HL_system.obj</file>
         <name>HL_system.obj</name>
      </input_file>
      <input_file id="fl-48">
         <path>.\source\</path>
         <kind>object</kind>
         <file>ma_date_and_time.obj</file>
         <name>ma_date_and_time.obj</name>
      </input_file>
      <input_file id="fl-49">
         <path>.\source\</path>
         <kind>object</kind>
         <file>main.obj</file>
         <name>main.obj</name>
      </input_file>
      <input_file id="fl-4a">
         <path>.\source\</path>
         <kind>object</kind>
         <file>os_croutine.obj</file>
         <name>os_croutine.obj</name>
      </input_file>
      <input_file id="fl-4c">
         <path>.\source\</path>
         <kind>object</kind>
         <file>os_heap.obj</file>
         <name>os_heap.obj</name>
      </input_file>
      <input_file id="fl-4d">
         <path>.\source\</path>
         <kind>object</kind>
         <file>os_list.obj</file>
         <name>os_list.obj</name>
      </input_file>
      <input_file id="fl-4f">
         <path>.\source\</path>
         <kind>object</kind>
         <file>os_port.obj</file>
         <name>os_port.obj</name>
      </input_file>
      <input_file id="fl-53">
         <path>.\source\</path>
         <kind>object</kind>
         <file>os_timer.obj</file>
         <name>os_timer.obj</name>
      </input_file>
      <input_file id="fl-54">
         <path>.\source\</path>
         <kind>object</kind>
         <file>rti_runtimestats.obj</file>
         <name>rti_runtimestats.obj</name>
      </input_file>
      <input_file id="fl-10e">
         <path>C:\ti\ccs730\ccsv7\tools\compiler\ti-cgt-arm_16.9.4.LTS\lib\</path>
         <kind>archive</kind>
         <file>rtsv7R4_A_be_v3D16_eabi.lib</file>
         <name>atol.obj</name>
      </input_file>
      <input_file id="fl-110">
         <path>C:\ti\ccs730\ccsv7\tools\compiler\ti-cgt-arm_16.9.4.LTS\lib\</path>
         <kind>archive</kind>
         <file>rtsv7R4_A_be_v3D16_eabi.lib</file>
         <name>copy_decompress_lzss.obj</name>
      </input_file>
      <input_file id="fl-111">
         <path>C:\ti\ccs730\ccsv7\tools\compiler\ti-cgt-arm_16.9.4.LTS\lib\</path>
         <kind>archive</kind>
         <file>rtsv7R4_A_be_v3D16_eabi.lib</file>
         <name>copy_decompress_none.obj</name>
      </input_file>
      <input_file id="fl-112">
         <path>C:\ti\ccs730\ccsv7\tools\compiler\ti-cgt-arm_16.9.4.LTS\lib\</path>
         <kind>archive</kind>
         <file>rtsv7R4_A_be_v3D16_eabi.lib</file>
         <name>copy_zero_init.obj</name>
      </input_file>
      <input_file id="fl-113">
         <path>C:\ti\ccs730\ccsv7\tools\compiler\ti-cgt-arm_16.9.4.LTS\lib\</path>
         <kind>archive</kind>
         <file>rtsv7R4_A_be_v3D16_eabi.lib</file>
         <name>cpy_tbl.obj</name>
      </input_file>
      <input_file id="fl-114">
         <path>C:\ti\ccs730\ccsv7\tools\compiler\ti-cgt-arm_16.9.4.LTS\lib\</path>
         <kind>archive</kind>
         <file>rtsv7R4_A_be_v3D16_eabi.lib</file>
         <name>ctype.obj</name>
      </input_file>
      <input_file id="fl-115">
         <path>C:\ti\ccs730\ccsv7\tools\compiler\ti-cgt-arm_16.9.4.LTS\lib\</path>
         <kind>archive</kind>
         <file>rtsv7R4_A_be_v3D16_eabi.lib</file>
         <name>e_logf.obj</name>
      </input_file>
      <input_file id="fl-116">
         <path>C:\ti\ccs730\ccsv7\tools\compiler\ti-cgt-arm_16.9.4.LTS\lib\</path>
         <kind>archive</kind>
         <file>rtsv7R4_A_be_v3D16_eabi.lib</file>
         <name>e_powf.obj</name>
      </input_file>
      <input_file id="fl-117">
         <path>C:\ti\ccs730\ccsv7\tools\compiler\ti-cgt-arm_16.9.4.LTS\lib\</path>
         <kind>archive</kind>
         <file>rtsv7R4_A_be_v3D16_eabi.lib</file>
         <name>e_sqrtf.obj</name>
      </input_file>
      <input_file id="fl-118">
         <path>C:\ti\ccs730\ccsv7\tools\compiler\ti-cgt-arm_16.9.4.LTS\lib\</path>
         <kind>archive</kind>
         <file>rtsv7R4_A_be_v3D16_eabi.lib</file>
         <name>errno.obj</name>
      </input_file>
      <input_file id="fl-11b">
         <path>C:\ti\ccs730\ccsv7\tools\compiler\ti-cgt-arm_16.9.4.LTS\lib\</path>
         <kind>archive</kind>
         <file>rtsv7R4_A_be_v3D16_eabi.lib</file>
         <name>memcmp.obj</name>
      </input_file>
      <input_file id="fl-11d">
         <path>C:\ti\ccs730\ccsv7\tools\compiler\ti-cgt-arm_16.9.4.LTS\lib\</path>
         <kind>archive</kind>
         <file>rtsv7R4_A_be_v3D16_eabi.lib</file>
         <name>memmov.obj</name>
      </input_file>
      <input_file id="fl-11f">
         <path>C:\ti\ccs730\ccsv7\tools\compiler\ti-cgt-arm_16.9.4.LTS\lib\</path>
         <kind>archive</kind>
         <file>rtsv7R4_A_be_v3D16_eabi.lib</file>
         <name>rand.obj</name>
      </input_file>
      <input_file id="fl-120">
         <path>C:\ti\ccs730\ccsv7\tools\compiler\ti-cgt-arm_16.9.4.LTS\lib\</path>
         <kind>archive</kind>
         <file>rtsv7R4_A_be_v3D16_eabi.lib</file>
         <name>s_scalbnf.obj</name>
      </input_file>
      <input_file id="fl-121">
         <path>C:\ti\ccs730\ccsv7\tools\compiler\ti-cgt-arm_16.9.4.LTS\lib\</path>
         <kind>archive</kind>
         <file>rtsv7R4_A_be_v3D16_eabi.lib</file>
         <name>snprintf.obj</name>
      </input_file>
      <input_file id="fl-122">
         <path>C:\ti\ccs730\ccsv7\tools\compiler\ti-cgt-arm_16.9.4.LTS\lib\</path>
         <kind>archive</kind>
         <file>rtsv7R4_A_be_v3D16_eabi.lib</file>
         <name>sprintf.obj</name>
      </input_file>
      <input_file id="fl-123">
         <path>C:\ti\ccs730\ccsv7\tools\compiler\ti-cgt-arm_16.9.4.LTS\lib\</path>
         <kind>archive</kind>
         <file>rtsv7R4_A_be_v3D16_eabi.lib</file>
         <name>sscanf.obj</name>
      </input_file>
      <input_file id="fl-124">
         <path>C:\ti\ccs730\ccsv7\tools\compiler\ti-cgt-arm_16.9.4.LTS\lib\</path>
         <kind>archive</kind>
         <file>rtsv7R4_A_be_v3D16_eabi.lib</file>
         <name>startup.obj</name>
      </input_file>
      <input_file id="fl-125">
         <path>C:\ti\ccs730\ccsv7\tools\compiler\ti-cgt-arm_16.9.4.LTS\lib\</path>
         <kind>archive</kind>
         <file>rtsv7R4_A_be_v3D16_eabi.lib</file>
         <name>strcat.obj</name>
      </input_file>
      <input_file id="fl-126">
         <path>C:\ti\ccs730\ccsv7\tools\compiler\ti-cgt-arm_16.9.4.LTS\lib\</path>
         <kind>archive</kind>
         <file>rtsv7R4_A_be_v3D16_eabi.lib</file>
         <name>strchr.obj</name>
      </input_file>
      <input_file id="fl-127">
         <path>C:\ti\ccs730\ccsv7\tools\compiler\ti-cgt-arm_16.9.4.LTS\lib\</path>
         <kind>archive</kind>
         <file>rtsv7R4_A_be_v3D16_eabi.lib</file>
         <name>strcmp.obj</name>
      </input_file>
      <input_file id="fl-128">
         <path>C:\ti\ccs730\ccsv7\tools\compiler\ti-cgt-arm_16.9.4.LTS\lib\</path>
         <kind>archive</kind>
         <file>rtsv7R4_A_be_v3D16_eabi.lib</file>
         <name>strcpy.obj</name>
      </input_file>
      <input_file id="fl-129">
         <path>C:\ti\ccs730\ccsv7\tools\compiler\ti-cgt-arm_16.9.4.LTS\lib\</path>
         <kind>archive</kind>
         <file>rtsv7R4_A_be_v3D16_eabi.lib</file>
         <name>strerror.obj</name>
      </input_file>
      <input_file id="fl-12a">
         <path>C:\ti\ccs730\ccsv7\tools\compiler\ti-cgt-arm_16.9.4.LTS\lib\</path>
         <kind>archive</kind>
         <file>rtsv7R4_A_be_v3D16_eabi.lib</file>
         <name>strlen.obj</name>
      </input_file>
      <input_file id="fl-12b">
         <path>C:\ti\ccs730\ccsv7\tools\compiler\ti-cgt-arm_16.9.4.LTS\lib\</path>
         <kind>archive</kind>
         <file>rtsv7R4_A_be_v3D16_eabi.lib</file>
         <name>strncmp.obj</name>
      </input_file>
      <input_file id="fl-12c">
         <path>C:\ti\ccs730\ccsv7\tools\compiler\ti-cgt-arm_16.9.4.LTS\lib\</path>
         <kind>archive</kind>
         <file>rtsv7R4_A_be_v3D16_eabi.lib</file>
         <name>strncpy.obj</name>
      </input_file>
      <input_file id="fl-12d">
         <path>C:\ti\ccs730\ccsv7\tools\compiler\ti-cgt-arm_16.9.4.LTS\lib\</path>
         <kind>archive</kind>
         <file>rtsv7R4_A_be_v3D16_eabi.lib</file>
         <name>strrchr.obj</name>
      </input_file>
      <input_file id="fl-130">
         <path>C:\ti\ccs730\ccsv7\tools\compiler\ti-cgt-arm_16.9.4.LTS\lib\</path>
         <kind>archive</kind>
         <file>rtsv7R4_A_be_v3D16_eabi.lib</file>
         <name>vsnprintf.obj</name>
      </input_file>
      <input_file id="fl-131">
         <path>C:\ti\ccs730\ccsv7\tools\compiler\ti-cgt-arm_16.9.4.LTS\lib\</path>
         <kind>archive</kind>
         <file>rtsv7R4_A_be_v3D16_eabi.lib</file>
         <name>_lock.obj</name>
      </input_file>
      <input_file id="fl-132">
         <path>C:\ti\ccs730\ccsv7\tools\compiler\ti-cgt-arm_16.9.4.LTS\lib\</path>
         <kind>archive</kind>
         <file>rtsv7R4_A_be_v3D16_eabi.lib</file>
         <name>_printfi.obj</name>
      </input_file>
      <input_file id="fl-133">
         <path>C:\ti\ccs730\ccsv7\tools\compiler\ti-cgt-arm_16.9.4.LTS\lib\</path>
         <kind>archive</kind>
         <file>rtsv7R4_A_be_v3D16_eabi.lib</file>
         <name>_scanfi.obj</name>
      </input_file>
      <input_file id="fl-134">
         <path>C:\ti\ccs730\ccsv7\tools\compiler\ti-cgt-arm_16.9.4.LTS\lib\</path>
         <kind>archive</kind>
         <file>rtsv7R4_A_be_v3D16_eabi.lib</file>
         <name>atoi.obj</name>
      </input_file>
      <input_file id="fl-135">
         <path>C:\ti\ccs730\ccsv7\tools\compiler\ti-cgt-arm_16.9.4.LTS\lib\</path>
         <kind>archive</kind>
         <file>rtsv7R4_A_be_v3D16_eabi.lib</file>
         <name>i_div0.obj</name>
      </input_file>
      <input_file id="fl-136">
         <path>C:\ti\ccs730\ccsv7\tools\compiler\ti-cgt-arm_16.9.4.LTS\lib\</path>
         <kind>archive</kind>
         <file>rtsv7R4_A_be_v3D16_eabi.lib</file>
         <name>ltoa.obj</name>
      </input_file>
      <input_file id="fl-137">
         <path>C:\ti\ccs730\ccsv7\tools\compiler\ti-cgt-arm_16.9.4.LTS\lib\</path>
         <kind>archive</kind>
         <file>rtsv7R4_A_be_v3D16_eabi.lib</file>
         <name>memccpy.obj</name>
      </input_file>
      <input_file id="fl-138">
         <path>C:\ti\ccs730\ccsv7\tools\compiler\ti-cgt-arm_16.9.4.LTS\lib\</path>
         <kind>archive</kind>
         <file>rtsv7R4_A_be_v3D16_eabi.lib</file>
         <name>s_copysignf.obj</name>
      </input_file>
      <input_file id="fl-139">
         <path>C:\ti\ccs730\ccsv7\tools\compiler\ti-cgt-arm_16.9.4.LTS\lib\</path>
         <kind>archive</kind>
         <file>rtsv7R4_A_be_v3D16_eabi.lib</file>
         <name>s_frexp.obj</name>
      </input_file>
      <input_file id="fl-13a">
         <path>C:\ti\ccs730\ccsv7\tools\compiler\ti-cgt-arm_16.9.4.LTS\lib\</path>
         <kind>archive</kind>
         <file>rtsv7R4_A_be_v3D16_eabi.lib</file>
         <name>s_scalbn.obj</name>
      </input_file>
      <input_file id="fl-13b">
         <path>C:\ti\ccs730\ccsv7\tools\compiler\ti-cgt-arm_16.9.4.LTS\lib\</path>
         <kind>archive</kind>
         <file>rtsv7R4_A_be_v3D16_eabi.lib</file>
         <name>strtod.obj</name>
      </input_file>
      <input_file id="fl-13c">
         <path>C:\ti\ccs730\ccsv7\tools\compiler\ti-cgt-arm_16.9.4.LTS\lib\</path>
         <kind>archive</kind>
         <file>rtsv7R4_A_be_v3D16_eabi.lib</file>
         <name>strtol.obj</name>
      </input_file>
      <input_file id="fl-13d">
         <path>C:\ti\ccs730\ccsv7\tools\compiler\ti-cgt-arm_16.9.4.LTS\lib\</path>
         <kind>archive</kind>
         <file>rtsv7R4_A_be_v3D16_eabi.lib</file>
         <name>strtoll.obj</name>
      </input_file>
      <input_file id="fl-13e">
         <path>C:\ti\ccs730\ccsv7\tools\compiler\ti-cgt-arm_16.9.4.LTS\lib\</path>
         <kind>archive</kind>
         <file>rtsv7R4_A_be_v3D16_eabi.lib</file>
         <name>strtoul.obj</name>
      </input_file>
      <input_file id="fl-13f">
         <path>C:\ti\ccs730\ccsv7\tools\compiler\ti-cgt-arm_16.9.4.LTS\lib\</path>
         <kind>archive</kind>
         <file>rtsv7R4_A_be_v3D16_eabi.lib</file>
         <name>strtoull.obj</name>
      </input_file>
      <input_file id="fl-140">
         <path>C:\ti\ccs730\ccsv7\tools\compiler\ti-cgt-arm_16.9.4.LTS\lib\</path>
         <kind>archive</kind>
         <file>rtsv7R4_A_be_v3D16_eabi.lib</file>
         <name>s_copysign.obj</name>
      </input_file>
      <input_file id="fl-141">
         <path>C:\Users\Richard\AppData\Local\Temp\</path>
         <kind>object</kind>
         <file>{C9A6E0A6-E4E1-4B2D-9390-6EAF86849F55}</file>
         <name>{C9A6E0A6-E4E1-4B2D-9390-6EAF86849F55}</name>
      </input_file>
      <input_file id="fl-34">
         <path>.\source\</path>
         <kind>object</kind>
         <file>HL_errata.obj</file>
         <name>HL_errata.obj</name>
      </input_file>
      <input_file id="fl-3a">
         <path>.\source\</path>
         <kind>object</kind>
         <file>HL_notification.obj</file>
         <name>HL_notification.obj</name>
      </input_file>
      <input_file id="fl-3d">
         <path>.\source\</path>
         <kind>object</kind>
         <file>HL_sys_core.obj</file>
         <name>HL_sys_core.obj</name>
      </input_file>
      <input_file id="fl-3f">
         <path>.\source\</path>
         <kind>object</kind>
         <file>HL_sys_intvecs.obj</file>
         <name>HL_sys_intvecs.obj</name>
      </input_file>
      <input_file id="fl-40">
         <path>.\source\</path>
         <kind>object</kind>
         <file>HL_sys_mpu.obj</file>
         <name>HL_sys_mpu.obj</name>
      </input_file>
      <input_file id="fl-42">
         <path>.\source\</path>
         <kind>object</kind>
         <file>HL_sys_phantom.obj</file>
         <name>HL_sys_phantom.obj</name>
      </input_file>
      <input_file id="fl-44">
         <path>.\source\</path>
         <kind>object</kind>
         <file>HL_sys_pmu.obj</file>
         <name>HL_sys_pmu.obj</name>
      </input_file>
      <input_file id="fl-45">
         <path>.\source\</path>
         <kind>object</kind>
         <file>HL_sys_startup.obj</file>
         <name>HL_sys_startup.obj</name>
      </input_file>
      <input_file id="fl-46">
         <path>.\source\</path>
         <kind>object</kind>
         <file>HL_sys_vim.obj</file>
         <name>HL_sys_vim.obj</name>
      </input_file>
      <input_file id="fl-4b">
         <path>.\source\</path>
         <kind>object</kind>
         <file>os_event_groups.obj</file>
         <name>os_event_groups.obj</name>
      </input_file>
      <input_file id="fl-4e">
         <path>.\source\</path>
         <kind>object</kind>
         <file>os_mpu_wrappers.obj</file>
         <name>os_mpu_wrappers.obj</name>
      </input_file>
      <input_file id="fl-50">
         <path>.\source\</path>
         <kind>object</kind>
         <file>os_portasm.obj</file>
         <name>os_portasm.obj</name>
      </input_file>
      <input_file id="fl-51">
         <path>.\source\</path>
         <kind>object</kind>
         <file>os_queue.obj</file>
         <name>os_queue.obj</name>
      </input_file>
      <input_file id="fl-52">
         <path>.\source\</path>
         <kind>object</kind>
         <file>os_tasks.obj</file>
         <name>os_tasks.obj</name>
      </input_file>
      <input_file id="fl-58">
         <kind>object</kind>
         <file>&lt;internal&gt;</file>
         <name>&lt;internal&gt;</name>
      </input_file>
      <input_file id="fl-10f">
         <path>C:\ti\ccs730\ccsv7\tools\compiler\ti-cgt-arm_16.9.4.LTS\lib\</path>
         <kind>archive</kind>
         <file>rtsv7R4_A_be_v3D16_eabi.lib</file>
         <name>autoinit.obj</name>
      </input_file>
      <input_file id="fl-119">
         <path>C:\ti\ccs730\ccsv7\tools\compiler\ti-cgt-arm_16.9.4.LTS\lib\</path>
         <kind>archive</kind>
         <file>rtsv7R4_A_be_v3D16_eabi.lib</file>
         <name>exit.obj</name>
      </input_file>
      <input_file id="fl-11a">
         <path>C:\ti\ccs730\ccsv7\tools\compiler\ti-cgt-arm_16.9.4.LTS\lib\</path>
         <kind>archive</kind>
         <file>rtsv7R4_A_be_v3D16_eabi.lib</file>
         <name>i_div32.obj</name>
      </input_file>
      <input_file id="fl-11c">
         <path>C:\ti\ccs730\ccsv7\tools\compiler\ti-cgt-arm_16.9.4.LTS\lib\</path>
         <kind>archive</kind>
         <file>rtsv7R4_A_be_v3D16_eabi.lib</file>
         <name>memcpy32.obj</name>
      </input_file>
      <input_file id="fl-11e">
         <path>C:\ti\ccs730\ccsv7\tools\compiler\ti-cgt-arm_16.9.4.LTS\lib\</path>
         <kind>archive</kind>
         <file>rtsv7R4_A_be_v3D16_eabi.lib</file>
         <name>memset32.obj</name>
      </input_file>
      <input_file id="fl-12e">
         <path>C:\ti\ccs730\ccsv7\tools\compiler\ti-cgt-arm_16.9.4.LTS\lib\</path>
         <kind>archive</kind>
         <file>rtsv7R4_A_be_v3D16_eabi.lib</file>
         <name>u_div32.obj</name>
      </input_file>
      <input_file id="fl-12f">
         <path>C:\ti\ccs730\ccsv7\tools\compiler\ti-cgt-arm_16.9.4.LTS\lib\</path>
         <kind>archive</kind>
         <file>rtsv7R4_A_be_v3D16_eabi.lib</file>
         <name>ull_div32.obj</name>
      </input_file>
   </input_file_list>
   <object_component_list>
      <object_component id="oc-65">
         <name>.intvecs</name>
         <load_address>0x0</load_address>
         <run_address>0x0</run_address>
         <size>0x20</size>
         <input_file_ref idref="fl-3f"/>
      </object_component>
      <object_component id="oc-199">
         <name>.kernelTEXT</name>
         <load_address>0x20</load_address>
         <run_address>0x20</run_address>
         <size>0x1df4</size>
         <input_file_ref idref="fl-52"/>
      </object_component>
      <object_component id="oc-c4">
         <name>.kernelTEXT</name>
         <load_address>0x1e14</load_address>
         <run_address>0x1e14</run_address>
         <size>0xbdc</size>
         <input_file_ref idref="fl-51"/>
      </object_component>
      <object_component id="oc-d6">
         <name>.kernelTEXT</name>
         <load_address>0x29f0</load_address>
         <run_address>0x29f0</run_address>
         <size>0x4b0</size>
         <input_file_ref idref="fl-50"/>
      </object_component>
      <object_component id="oc-25f">
         <name>.kernelTEXT</name>
         <load_address>0x2ea0</load_address>
         <run_address>0x2ea0</run_address>
         <size>0x364</size>
         <input_file_ref idref="fl-4b"/>
      </object_component>
      <object_component id="oc-41c">
         <name>.kernelTEXT</name>
         <load_address>0x3204</load_address>
         <run_address>0x3204</run_address>
         <size>0x230</size>
         <input_file_ref idref="fl-4c"/>
      </object_component>
      <object_component id="oc-4f9">
         <name>.kernelTEXT</name>
         <load_address>0x3434</load_address>
         <run_address>0x3434</run_address>
         <size>0x1e0</size>
         <input_file_ref idref="fl-4f"/>
      </object_component>
      <object_component id="oc-70b">
         <name>.cinit..data.load</name>
         <load_address>0x3618</load_address>
         <run_address>0x3618</run_address>
         <size>0xf1</size>
      </object_component>
      <object_component id="oc-708">
         <name>.cinit..kernelBSS.load</name>
         <load_address>0x3709</load_address>
         <run_address>0x3709</run_address>
         <size>0xd</size>
      </object_component>
      <object_component id="oc-706">
         <name>__TI_handler_table</name>
         <load_address>0x3718</load_address>
         <run_address>0x3718</run_address>
         <size>0xc</size>
      </object_component>
      <object_component id="oc-70a">
         <name>.cinit..bss.load</name>
         <load_address>0x3728</load_address>
         <run_address>0x3728</run_address>
         <size>0x8</size>
      </object_component>
      <object_component id="oc-709">
         <name>.cinit..kernelHEAP.load</name>
         <load_address>0x3730</load_address>
         <run_address>0x3730</run_address>
         <size>0x8</size>
      </object_component>
      <object_component id="oc-707">
         <name>__TI_cinit_table</name>
         <load_address>0x3738</load_address>
         <run_address>0x3738</run_address>
         <size>0x20</size>
      </object_component>
      <object_component id="oc-51">
         <name>.text</name>
         <load_address>0x8020</load_address>
         <run_address>0x8020</run_address>
         <size>0x27c8</size>
         <input_file_ref idref="fl-1e"/>
      </object_component>
      <object_component id="oc-1b5">
         <name>.text</name>
         <load_address>0xa7e8</load_address>
         <run_address>0xa7e8</run_address>
         <size>0x26e8</size>
         <input_file_ref idref="fl-28"/>
      </object_component>
      <object_component id="oc-4ac">
         <name>.text</name>
         <load_address>0xced0</load_address>
         <run_address>0xced0</run_address>
         <size>0x23f0</size>
         <input_file_ref idref="fl-6"/>
      </object_component>
      <object_component id="oc-13d">
         <name>.text</name>
         <load_address>0xf2c0</load_address>
         <run_address>0xf2c0</run_address>
         <size>0x1d90</size>
         <input_file_ref idref="fl-e"/>
      </object_component>
      <object_component id="oc-45d">
         <name>.text</name>
         <load_address>0x11050</load_address>
         <run_address>0x11050</run_address>
         <size>0x1860</size>
         <input_file_ref idref="fl-132"/>
      </object_component>
      <object_component id="oc-119">
         <name>.text</name>
         <load_address>0x128b0</load_address>
         <run_address>0x128b0</run_address>
         <size>0x1828</size>
         <input_file_ref idref="fl-1f"/>
      </object_component>
      <object_component id="oc-3f">
         <name>.text</name>
         <load_address>0x140d8</load_address>
         <run_address>0x140d8</run_address>
         <size>0x150c</size>
         <input_file_ref idref="fl-49"/>
      </object_component>
      <object_component id="oc-4b2">
         <name>.text</name>
         <load_address>0x155e4</load_address>
         <run_address>0x155e4</run_address>
         <size>0x13e8</size>
         <input_file_ref idref="fl-9"/>
      </object_component>
      <object_component id="oc-131">
         <name>.text</name>
         <load_address>0x169cc</load_address>
         <run_address>0x169cc</run_address>
         <size>0x1054</size>
         <input_file_ref idref="fl-8"/>
      </object_component>
      <object_component id="oc-66e">
         <name>.text</name>
         <load_address>0x17a20</load_address>
         <run_address>0x17a20</run_address>
         <size>0xf6c</size>
         <input_file_ref idref="fl-133"/>
      </object_component>
      <object_component id="oc-265">
         <name>.text</name>
         <load_address>0x1898c</load_address>
         <run_address>0x1898c</run_address>
         <size>0xf50</size>
         <input_file_ref idref="fl-21"/>
      </object_component>
      <object_component id="oc-470">
         <name>.text</name>
         <load_address>0x198dc</load_address>
         <run_address>0x198dc</run_address>
         <size>0xcac</size>
         <input_file_ref idref="fl-b"/>
      </object_component>
      <object_component id="oc-46a">
         <name>.text</name>
         <load_address>0x1a588</load_address>
         <run_address>0x1a588</run_address>
         <size>0xaec</size>
         <input_file_ref idref="fl-a"/>
      </object_component>
      <object_component id="oc-12b">
         <name>.text</name>
         <load_address>0x1b074</load_address>
         <run_address>0x1b074</run_address>
         <size>0xa80</size>
         <input_file_ref idref="fl-12"/>
      </object_component>
      <object_component id="oc-ca">
         <name>.text</name>
         <load_address>0x1baf4</load_address>
         <run_address>0x1baf4</run_address>
         <size>0x820</size>
         <input_file_ref idref="fl-1a"/>
      </object_component>
      <object_component id="oc-9b">
         <name>.text</name>
         <load_address>0x1c314</load_address>
         <run_address>0x1c314</run_address>
         <size>0x808</size>
         <input_file_ref idref="fl-47"/>
      </object_component>
      <object_component id="oc-231">
         <name>.text</name>
         <load_address>0x1cb1c</load_address>
         <run_address>0x1cb1c</run_address>
         <size>0x7ac</size>
         <input_file_ref idref="fl-25"/>
      </object_component>
      <object_component id="oc-550">
         <name>.text</name>
         <load_address>0x1d2c8</load_address>
         <run_address>0x1d2c8</run_address>
         <size>0x79c</size>
         <input_file_ref idref="fl-2"/>
      </object_component>
      <object_component id="oc-27d">
         <name>.text</name>
         <load_address>0x1da64</load_address>
         <run_address>0x1da64</run_address>
         <size>0x744</size>
         <input_file_ref idref="fl-1c"/>
      </object_component>
      <object_component id="oc-25c">
         <name>.text</name>
         <load_address>0x1e1a8</load_address>
         <run_address>0x1e1a8</run_address>
         <size>0x6e0</size>
         <input_file_ref idref="fl-1d"/>
      </object_component>
      <object_component id="oc-26">
         <name>.text:retain</name>
         <load_address>0x1e888</load_address>
         <run_address>0x1e888</run_address>
         <size>0x690</size>
         <input_file_ref idref="fl-1a"/>
      </object_component>
      <object_component id="oc-562">
         <name>.text</name>
         <load_address>0x1ef18</load_address>
         <run_address>0x1ef18</run_address>
         <size>0x668</size>
         <input_file_ref idref="fl-3"/>
      </object_component>
      <object_component id="oc-1af">
         <name>.text</name>
         <load_address>0x1f580</load_address>
         <run_address>0x1f580</run_address>
         <size>0x5e0</size>
         <input_file_ref idref="fl-2a"/>
      </object_component>
      <object_component id="oc-e4">
         <name>.text</name>
         <load_address>0x1fb60</load_address>
         <run_address>0x1fb60</run_address>
         <size>0x5c4</size>
         <input_file_ref idref="fl-4e"/>
      </object_component>
      <object_component id="oc-137">
         <name>.text</name>
         <load_address>0x20124</load_address>
         <run_address>0x20124</run_address>
         <size>0x5a4</size>
         <input_file_ref idref="fl-2e"/>
      </object_component>
      <object_component id="oc-2d">
         <name>.text</name>
         <load_address>0x206c8</load_address>
         <run_address>0x206c8</run_address>
         <size>0x56c</size>
         <input_file_ref idref="fl-13"/>
      </object_component>
      <object_component id="oc-75">
         <name>.text</name>
         <load_address>0x20c34</load_address>
         <run_address>0x20c34</run_address>
         <size>0x53c</size>
         <input_file_ref idref="fl-46"/>
      </object_component>
      <object_component id="oc-4d">
         <name>.text:retain</name>
         <load_address>0x21170</load_address>
         <run_address>0x21170</run_address>
         <size>0x460</size>
         <input_file_ref idref="fl-25"/>
      </object_component>
      <object_component id="oc-a1">
         <name>.text</name>
         <load_address>0x215d0</load_address>
         <run_address>0x215d0</run_address>
         <size>0x450</size>
         <input_file_ref idref="fl-3d"/>
      </object_component>
      <object_component id="oc-26b">
         <name>.text</name>
         <load_address>0x21a20</load_address>
         <run_address>0x21a20</run_address>
         <size>0x444</size>
         <input_file_ref idref="fl-22"/>
      </object_component>
      <object_component id="oc-b2">
         <name>.text</name>
         <load_address>0x21e64</load_address>
         <run_address>0x21e64</run_address>
         <size>0x394</size>
         <input_file_ref idref="fl-40"/>
      </object_component>
      <object_component id="oc-182">
         <name>.text</name>
         <load_address>0x221f8</load_address>
         <run_address>0x221f8</run_address>
         <size>0x318</size>
         <input_file_ref idref="fl-4"/>
      </object_component>
      <object_component id="oc-203">
         <name>.text</name>
         <load_address>0x22510</load_address>
         <run_address>0x22510</run_address>
         <size>0x2ec</size>
         <input_file_ref idref="fl-2c"/>
      </object_component>
      <object_component id="oc-15b">
         <name>.text</name>
         <load_address>0x227fc</load_address>
         <run_address>0x227fc</run_address>
         <size>0x2dc</size>
         <input_file_ref idref="fl-2b"/>
      </object_component>
      <object_component id="oc-256">
         <name>.text</name>
         <load_address>0x22ad8</load_address>
         <run_address>0x22ad8</run_address>
         <size>0x2d0</size>
         <input_file_ref idref="fl-1b"/>
      </object_component>
      <object_component id="oc-530">
         <name>.text</name>
         <load_address>0x22da8</load_address>
         <run_address>0x22da8</run_address>
         <size>0x2b8</size>
         <input_file_ref idref="fl-12f"/>
      </object_component>
      <object_component id="oc-6b8">
         <name>.text</name>
         <load_address>0x23060</load_address>
         <run_address>0x23060</run_address>
         <size>0x2a4</size>
         <input_file_ref idref="fl-13b"/>
      </object_component>
      <object_component id="oc-6c4">
         <name>.text</name>
         <load_address>0x23304</load_address>
         <run_address>0x23304</run_address>
         <size>0x284</size>
         <input_file_ref idref="fl-13d"/>
      </object_component>
      <object_component id="oc-14f">
         <name>.text</name>
         <load_address>0x23588</load_address>
         <run_address>0x23588</run_address>
         <size>0x240</size>
         <input_file_ref idref="fl-115"/>
      </object_component>
      <object_component id="oc-161">
         <name>.text</name>
         <load_address>0x237c8</load_address>
         <run_address>0x237c8</run_address>
         <size>0x234</size>
         <input_file_ref idref="fl-26"/>
      </object_component>
      <object_component id="oc-58b">
         <name>.text</name>
         <load_address>0x239fc</load_address>
         <run_address>0x239fc</run_address>
         <size>0x208</size>
         <input_file_ref idref="fl-3b"/>
      </object_component>
      <object_component id="oc-6be">
         <name>.text</name>
         <load_address>0x23c04</load_address>
         <run_address>0x23c04</run_address>
         <size>0x1f8</size>
         <input_file_ref idref="fl-13c"/>
      </object_component>
      <object_component id="oc-271">
         <name>.text</name>
         <load_address>0x23dfc</load_address>
         <run_address>0x23dfc</run_address>
         <size>0x1e8</size>
         <input_file_ref idref="fl-20"/>
      </object_component>
      <object_component id="oc-16d">
         <name>.text</name>
         <load_address>0x23fe4</load_address>
         <run_address>0x23fe4</run_address>
         <size>0x1e8</size>
         <input_file_ref idref="fl-2d"/>
      </object_component>
      <object_component id="oc-149">
         <name>.text</name>
         <load_address>0x241cc</load_address>
         <run_address>0x241cc</run_address>
         <size>0x1dc</size>
         <input_file_ref idref="fl-11"/>
      </object_component>
      <object_component id="oc-6b2">
         <name>.text</name>
         <load_address>0x243a8</load_address>
         <run_address>0x243a8</run_address>
         <size>0x1bc</size>
         <input_file_ref idref="fl-13e"/>
      </object_component>
      <object_component id="oc-481">
         <name>.text</name>
         <load_address>0x24564</load_address>
         <run_address>0x24564</run_address>
         <size>0x194</size>
         <input_file_ref idref="fl-c"/>
      </object_component>
      <object_component id="oc-4b8">
         <name>.text</name>
         <load_address>0x246f8</load_address>
         <run_address>0x246f8</run_address>
         <size>0x180</size>
         <input_file_ref idref="fl-f"/>
      </object_component>
      <object_component id="oc-8c">
         <name>.text</name>
         <load_address>0x24878</load_address>
         <run_address>0x24878</run_address>
         <size>0x180</size>
         <input_file_ref idref="fl-11c"/>
      </object_component>
      <object_component id="oc-70">
         <name>.text:retain</name>
         <load_address>0x249f8</load_address>
         <run_address>0x249f8</run_address>
         <size>0x178</size>
         <input_file_ref idref="fl-46"/>
      </object_component>
      <object_component id="oc-42e">
         <name>.text</name>
         <load_address>0x24b70</load_address>
         <run_address>0x24b70</run_address>
         <size>0x140</size>
         <input_file_ref idref="fl-3e"/>
      </object_component>
      <object_component id="oc-4f3">
         <name>.text</name>
         <load_address>0x24cb0</load_address>
         <run_address>0x24cb0</run_address>
         <size>0x134</size>
         <input_file_ref idref="fl-52"/>
      </object_component>
      <object_component id="oc-23d">
         <name>.text</name>
         <load_address>0x24de4</load_address>
         <run_address>0x24de4</run_address>
         <size>0x130</size>
         <input_file_ref idref="fl-24"/>
      </object_component>
      <object_component id="oc-548">
         <name>.text</name>
         <load_address>0x24f14</load_address>
         <run_address>0x24f14</run_address>
         <size>0x124</size>
         <input_file_ref idref="fl-123"/>
      </object_component>
      <object_component id="oc-5fd">
         <name>.text</name>
         <load_address>0x25038</load_address>
         <run_address>0x25038</run_address>
         <size>0x11c</size>
         <input_file_ref idref="fl-13a"/>
      </object_component>
      <object_component id="oc-188">
         <name>.text</name>
         <load_address>0x25154</load_address>
         <run_address>0x25154</run_address>
         <size>0x110</size>
         <input_file_ref idref="fl-4d"/>
      </object_component>
      <object_component id="oc-277">
         <name>.text</name>
         <load_address>0x25264</load_address>
         <run_address>0x25264</run_address>
         <size>0x104</size>
         <input_file_ref idref="fl-121"/>
      </object_component>
      <object_component id="oc-ea">
         <name>.text</name>
         <load_address>0x25368</load_address>
         <run_address>0x25368</run_address>
         <size>0xf8</size>
         <input_file_ref idref="fl-17"/>
      </object_component>
      <object_component id="oc-155">
         <name>.text</name>
         <load_address>0x25460</load_address>
         <run_address>0x25460</run_address>
         <size>0xf8</size>
         <input_file_ref idref="fl-120"/>
      </object_component>
      <object_component id="oc-4a6">
         <name>.text</name>
         <load_address>0x25558</load_address>
         <run_address>0x25558</run_address>
         <size>0xec</size>
         <input_file_ref idref="fl-10"/>
      </object_component>
      <object_component id="oc-5f">
         <name>.text:retain</name>
         <load_address>0x25644</load_address>
         <run_address>0x25644</run_address>
         <size>0xe8</size>
         <input_file_ref idref="fl-35"/>
      </object_component>
      <object_component id="oc-35">
         <name>.text:retain</name>
         <load_address>0x2572c</load_address>
         <run_address>0x2572c</run_address>
         <size>0xe8</size>
         <input_file_ref idref="fl-18"/>
      </object_component>
      <object_component id="oc-542">
         <name>.text</name>
         <load_address>0x25814</load_address>
         <run_address>0x25814</run_address>
         <size>0xc6</size>
         <input_file_ref idref="fl-129"/>
      </object_component>
      <object_component id="oc-591">
         <name>.text</name>
         <load_address>0x258dc</load_address>
         <run_address>0x258dc</run_address>
         <size>0xb8</size>
         <input_file_ref idref="fl-38"/>
      </object_component>
      <object_component id="oc-95">
         <name>.text</name>
         <load_address>0x25994</load_address>
         <run_address>0x25994</run_address>
         <size>0xb0</size>
         <input_file_ref idref="fl-11e"/>
      </object_component>
      <object_component id="oc-ac">
         <name>.text</name>
         <load_address>0x25a44</load_address>
         <run_address>0x25a44</run_address>
         <size>0xac</size>
         <input_file_ref idref="fl-35"/>
      </object_component>
      <object_component id="oc-b7">
         <name>.text</name>
         <load_address>0x25af0</load_address>
         <run_address>0x25af0</run_address>
         <size>0xa8</size>
         <input_file_ref idref="fl-10f"/>
      </object_component>
      <object_component id="oc-11f">
         <name>.text</name>
         <load_address>0x25b98</load_address>
         <run_address>0x25b98</run_address>
         <size>0xa8</size>
         <input_file_ref idref="fl-122"/>
      </object_component>
      <object_component id="oc-456">
         <name>.text</name>
         <load_address>0x25c40</load_address>
         <run_address>0x25c40</run_address>
         <size>0xa0</size>
         <input_file_ref idref="fl-4b"/>
      </object_component>
      <object_component id="oc-3b">
         <name>.text:retain</name>
         <load_address>0x25ce0</load_address>
         <run_address>0x25ce0</run_address>
         <size>0xa0</size>
         <input_file_ref idref="fl-54"/>
      </object_component>
      <object_component id="oc-f0">
         <name>.text</name>
         <load_address>0x25d80</load_address>
         <run_address>0x25d80</run_address>
         <size>0x98</size>
         <input_file_ref idref="fl-14"/>
      </object_component>
      <object_component id="oc-20">
         <name>.text:retain</name>
         <load_address>0x25e18</load_address>
         <run_address>0x25e18</run_address>
         <size>0x98</size>
         <input_file_ref idref="fl-45"/>
      </object_component>
      <object_component id="oc-476">
         <name>.text</name>
         <load_address>0x25eb0</load_address>
         <run_address>0x25eb0</run_address>
         <size>0x94</size>
         <input_file_ref idref="fl-d"/>
      </object_component>
      <object_component id="oc-e">
         <name>.text:decompress:lzss</name>
         <load_address>0x25f44</load_address>
         <run_address>0x25f44</run_address>
         <size>0x90</size>
         <input_file_ref idref="fl-110"/>
      </object_component>
      <object_component id="oc-bd">
         <name>.text</name>
         <load_address>0x25fd4</load_address>
         <run_address>0x25fd4</run_address>
         <size>0x90</size>
         <input_file_ref idref="fl-119"/>
      </object_component>
      <object_component id="oc-5f7">
         <name>.text</name>
         <load_address>0x26064</load_address>
         <run_address>0x26064</run_address>
         <size>0x8c</size>
         <input_file_ref idref="fl-139"/>
      </object_component>
      <object_component id="oc-4be">
         <name>.text</name>
         <load_address>0x260f0</load_address>
         <run_address>0x260f0</run_address>
         <size>0x88</size>
         <input_file_ref idref="fl-130"/>
      </object_component>
      <object_component id="oc-5d5">
         <name>.text</name>
         <load_address>0x26178</load_address>
         <run_address>0x26178</run_address>
         <size>0x84</size>
         <input_file_ref idref="fl-4c"/>
      </object_component>
      <object_component id="oc-603">
         <name>.text</name>
         <load_address>0x261fc</load_address>
         <run_address>0x261fc</run_address>
         <size>0x84</size>
         <input_file_ref idref="fl-134"/>
      </object_component>
      <object_component id="oc-400">
         <name>.text</name>
         <load_address>0x26280</load_address>
         <run_address>0x26280</run_address>
         <size>0x84</size>
         <input_file_ref idref="fl-113"/>
      </object_component>
      <object_component id="oc-5f1">
         <name>.text</name>
         <load_address>0x26304</load_address>
         <run_address>0x26304</run_address>
         <size>0x80</size>
         <input_file_ref idref="fl-136"/>
      </object_component>
      <object_component id="oc-59">
         <name>.text:retain</name>
         <load_address>0x26384</load_address>
         <run_address>0x26384</run_address>
         <size>0x68</size>
         <input_file_ref idref="fl-37"/>
      </object_component>
      <object_component id="oc-47c">
         <name>.text</name>
         <load_address>0x263ec</load_address>
         <run_address>0x263ec</run_address>
         <size>0x54</size>
         <input_file_ref idref="fl-11a"/>
      </object_component>
      <object_component id="oc-194">
         <name>.text</name>
         <load_address>0x26440</load_address>
         <run_address>0x26440</run_address>
         <size>0x50</size>
         <input_file_ref idref="fl-12e"/>
      </object_component>
      <object_component id="oc-45">
         <name>.text</name>
         <load_address>0x26490</load_address>
         <run_address>0x26490</run_address>
         <size>0x48</size>
         <input_file_ref idref="fl-54"/>
      </object_component>
      <object_component id="oc-634">
         <name>.text</name>
         <load_address>0x264d8</load_address>
         <run_address>0x264d8</run_address>
         <size>0x44</size>
         <input_file_ref idref="fl-5"/>
      </object_component>
      <object_component id="oc-18e">
         <name>.text</name>
         <load_address>0x2651c</load_address>
         <run_address>0x2651c</run_address>
         <size>0x44</size>
         <input_file_ref idref="fl-11f"/>
      </object_component>
      <object_component id="oc-48d">
         <name>.text</name>
         <load_address>0x26560</load_address>
         <run_address>0x26560</run_address>
         <size>0x44</size>
         <input_file_ref idref="fl-12c"/>
      </object_component>
      <object_component id="oc-243">
         <name>.text</name>
         <load_address>0x265a4</load_address>
         <run_address>0x265a4</run_address>
         <size>0x34</size>
         <input_file_ref idref="fl-11b"/>
      </object_component>
      <object_component id="oc-4dd">
         <name>.text</name>
         <load_address>0x265d8</load_address>
         <run_address>0x265d8</run_address>
         <size>0x34</size>
         <input_file_ref idref="fl-12b"/>
      </object_component>
      <object_component id="oc-a6">
         <name>.text</name>
         <load_address>0x2660c</load_address>
         <run_address>0x2660c</run_address>
         <size>0x2c</size>
         <input_file_ref idref="fl-3a"/>
      </object_component>
      <object_component id="oc-64c">
         <name>.text</name>
         <load_address>0x26638</load_address>
         <run_address>0x26638</run_address>
         <size>0x2c</size>
         <input_file_ref idref="fl-4f"/>
      </object_component>
      <object_component id="oc-52a">
         <name>.text</name>
         <load_address>0x26664</load_address>
         <run_address>0x26664</run_address>
         <size>0x2c</size>
         <input_file_ref idref="fl-12d"/>
      </object_component>
      <object_component id="oc-51a">
         <name>.text</name>
         <load_address>0x26690</load_address>
         <run_address>0x26690</run_address>
         <size>0x28</size>
         <input_file_ref idref="fl-126"/>
      </object_component>
      <object_component id="oc-de">
         <name>.text</name>
         <load_address>0x266b8</load_address>
         <run_address>0x266b8</run_address>
         <size>0x28</size>
         <input_file_ref idref="fl-127"/>
      </object_component>
      <object_component id="oc-679">
         <name>.text</name>
         <load_address>0x266e0</load_address>
         <run_address>0x266e0</run_address>
         <size>0x24</size>
         <input_file_ref idref="fl-125"/>
      </object_component>
      <object_component id="oc-125">
         <name>.text</name>
         <load_address>0x26704</load_address>
         <run_address>0x26704</run_address>
         <size>0x20</size>
         <input_file_ref idref="fl-12a"/>
      </object_component>
      <object_component id="oc-698">
         <name>.text</name>
         <load_address>0x26724</load_address>
         <run_address>0x26724</run_address>
         <size>0x1c</size>
         <input_file_ref idref="fl-140"/>
      </object_component>
      <object_component id="oc-487">
         <name>.text</name>
         <load_address>0x26740</load_address>
         <run_address>0x26740</run_address>
         <size>0x18</size>
         <input_file_ref idref="fl-128"/>
      </object_component>
      <object_component id="oc-14">
         <name>.text:decompress:none</name>
         <load_address>0x26758</load_address>
         <run_address>0x26758</run_address>
         <size>0x14</size>
         <input_file_ref idref="fl-111"/>
      </object_component>
      <object_component id="oc-4c8">
         <name>.text</name>
         <load_address>0x2676c</load_address>
         <run_address>0x2676c</run_address>
         <size>0x14</size>
         <input_file_ref idref="fl-138"/>
      </object_component>
      <object_component id="oc-1a">
         <name>.text:decompress:ZI</name>
         <load_address>0x26780</load_address>
         <run_address>0x26780</run_address>
         <size>0x10</size>
         <input_file_ref idref="fl-112"/>
      </object_component>
      <object_component id="oc-143">
         <name>.text</name>
         <load_address>0x26790</load_address>
         <run_address>0x26790</run_address>
         <size>0x10</size>
         <input_file_ref idref="fl-48"/>
      </object_component>
      <object_component id="oc-17c">
         <name>.text</name>
         <load_address>0x267a0</load_address>
         <run_address>0x267a0</run_address>
         <size>0x8</size>
         <input_file_ref idref="fl-37"/>
      </object_component>
      <object_component id="oc-6a">
         <name>.text:retain</name>
         <load_address>0x267a8</load_address>
         <run_address>0x267a8</run_address>
         <size>0x4</size>
         <input_file_ref idref="fl-42"/>
      </object_component>
      <object_component id="oc-5cb">
         <name>.text</name>
         <load_address>0x267ac</load_address>
         <run_address>0x267ac</run_address>
         <size>0x4</size>
         <input_file_ref idref="fl-131"/>
      </object_component>
      <object_component id="oc-4ec">
         <name>.text</name>
         <load_address>0x267b0</load_address>
         <run_address>0x267b0</run_address>
         <size>0x4</size>
         <input_file_ref idref="fl-135"/>
      </object_component>
      <object_component id="oc-406">
         <name>.text</name>
         <load_address>0x267b4</load_address>
         <run_address>0x267b4</run_address>
         <size>0x4</size>
         <input_file_ref idref="fl-124"/>
      </object_component>
      <object_component id="oc-62e">
         <name>.const:.string:pcFTP_PNG_Data$44</name>
         <load_address>0x267b8</load_address>
         <run_address>0x267b8</run_address>
         <size>0x7ed3</size>
         <input_file_ref idref="fl-2e"/>
      </object_component>
      <object_component id="oc-62b">
         <name>.const:.string:pcLogo_JPG_Data$44</name>
         <load_address>0x2e68b</load_address>
         <run_address>0x2e68b</run_address>
         <size>0x143a</size>
         <input_file_ref idref="fl-2e"/>
      </object_component>
      <object_component id="oc-628">
         <name>.const:.string:pcFreeRTOS_HTML_Data$44</name>
         <load_address>0x2fac5</load_address>
         <run_address>0x2fac5</run_address>
         <size>0xdbe</size>
         <input_file_ref idref="fl-2e"/>
      </object_component>
      <object_component id="oc-523">
         <name>.const:.string:pcEmptyString$40</name>
         <load_address>0x30883</load_address>
         <run_address>0x30883</run_address>
         <size>0x1</size>
         <input_file_ref idref="fl-2a"/>
      </object_component>
      <object_component id="oc-451">
         <name>.const:.string</name>
         <load_address>0x30884</load_address>
         <run_address>0x30884</run_address>
         <size>0x6ac</size>
         <input_file_ref idref="fl-141"/>
      </object_component>
      <object_component id="oc-496">
         <name>.const:crc32_table</name>
         <load_address>0x30f30</load_address>
         <run_address>0x30f30</run_address>
         <size>0x400</size>
         <input_file_ref idref="fl-5"/>
      </object_component>
      <object_component id="oc-53f">
         <name>.const:xFTPCommands</name>
         <load_address>0x31330</load_address>
         <run_address>0x31330</run_address>
         <size>0x270</size>
         <input_file_ref idref="fl-27"/>
      </object_component>
      <object_component id="oc-28">
         <name>.const:s_vim_init</name>
         <load_address>0x315a0</load_address>
         <run_address>0x315a0</run_address>
         <size>0x200</size>
         <input_file_ref idref="fl-46"/>
      </object_component>
      <object_component id="oc-674">
         <name>.const:.string:_ctypes_</name>
         <load_address>0x317a0</load_address>
         <run_address>0x317a0</run_address>
         <size>0x101</size>
         <input_file_ref idref="fl-114"/>
      </object_component>
      <object_component id="oc-6a9">
         <name>.const:.string:crc16_table_high$3</name>
         <load_address>0x318a1</load_address>
         <run_address>0x318a1</run_address>
         <size>0x100</size>
         <input_file_ref idref="fl-5"/>
      </object_component>
      <object_component id="oc-6a6">
         <name>.const:.string:crc16_table_low$3</name>
         <load_address>0x319a1</load_address>
         <run_address>0x319a1</run_address>
         <size>0x100</size>
         <input_file_ref idref="fl-5"/>
      </object_component>
      <object_component id="oc-49d">
         <name>.const:.string:rootDir$14</name>
         <load_address>0x31aa1</load_address>
         <run_address>0x31aa1</run_address>
         <size>0x2</size>
         <input_file_ref idref="fl-10"/>
      </object_component>
      <object_component id="oc-526">
         <name>.const:xWebCommands</name>
         <load_address>0x31aa4</load_address>
         <run_address>0x31aa4</run_address>
         <size>0x78</size>
         <input_file_ref idref="fl-29"/>
      </object_component>
      <object_component id="oc-1f4">
         <name>.const:.string:ucDNSServerAddress$62</name>
         <load_address>0x31b1c</load_address>
         <run_address>0x31b1c</run_address>
         <size>0x4</size>
         <input_file_ref idref="fl-49"/>
      </object_component>
      <object_component id="oc-6db">
         <name>.const:digits$107</name>
         <load_address>0x31b20</load_address>
         <run_address>0x31b20</run_address>
         <size>0x50</size>
         <input_file_ref idref="fl-13b"/>
      </object_component>
      <object_component id="oc-6de">
         <name>.const:powerof10$107</name>
         <load_address>0x31b70</load_address>
         <run_address>0x31b70</run_address>
         <size>0x48</size>
         <input_file_ref idref="fl-13b"/>
      </object_component>
      <object_component id="oc-54e">
         <name>.const:.string:pcFeatAnswer$1$38</name>
         <load_address>0x31bb8</load_address>
         <run_address>0x31bb8</run_address>
         <size>0x32</size>
         <input_file_ref idref="fl-28"/>
      </object_component>
      <object_component id="oc-5a5">
         <name>.const:.string:xDefaultPartARPPacketHeader$25</name>
         <load_address>0x31bea</load_address>
         <run_address>0x31bea</run_address>
         <size>0x26</size>
         <input_file_ref idref="fl-1b"/>
      </object_component>
      <object_component id="oc-53e">
         <name>.const:.string:pcMonthList$2$38</name>
         <load_address>0x31c10</load_address>
         <run_address>0x31c10</run_address>
         <size>0x25</size>
         <input_file_ref idref="fl-28"/>
      </object_component>
      <object_component id="oc-4a2">
         <name>.const:xHTTPFilesToCopy</name>
         <load_address>0x31c38</load_address>
         <run_address>0x31c38</run_address>
         <size>0x24</size>
         <input_file_ref idref="fl-2e"/>
      </object_component>
      <object_component id="oc-1ae">
         <name>.const:xServerConfiguration$1$62</name>
         <load_address>0x31c5c</load_address>
         <run_address>0x31c5c</run_address>
         <size>0x20</size>
         <input_file_ref idref="fl-49"/>
      </object_component>
      <object_component id="oc-5b3">
         <name>.const:.string:ucDHCPRequestOptions$1$26</name>
         <load_address>0x31c7c</load_address>
         <run_address>0x31c7c</run_address>
         <size>0x18</size>
         <input_file_ref idref="fl-1c"/>
      </object_component>
      <object_component id="oc-176">
         <name>.const:s_adcFiFoSize$46</name>
         <load_address>0x31c94</load_address>
         <run_address>0x31c94</run_address>
         <size>0x18</size>
         <input_file_ref idref="fl-30"/>
      </object_component>
      <object_component id="oc-179">
         <name>.const:s_adcSelect$46</name>
         <load_address>0x31cac</load_address>
         <run_address>0x31cac</run_address>
         <size>0x18</size>
         <input_file_ref idref="fl-30"/>
      </object_component>
      <object_component id="oc-f6">
         <name>.const:xAvailablePeripherals$17</name>
         <load_address>0x31cc4</load_address>
         <run_address>0x31cc4</run_address>
         <size>0x18</size>
         <input_file_ref idref="fl-13"/>
      </object_component>
      <object_component id="oc-502">
         <name>.const:.string:ucExpectedStackBytes$1</name>
         <load_address>0x31cdc</load_address>
         <run_address>0x31cdc</run_address>
         <size>0x14</size>
         <input_file_ref idref="fl-52"/>
      </object_component>
      <object_component id="oc-5b4">
         <name>.const:.string:ucDHCPDiscoverOptions$2$26</name>
         <load_address>0x31cf0</load_address>
         <run_address>0x31cf0</run_address>
         <size>0x11</size>
         <input_file_ref idref="fl-1c"/>
      </object_component>
      <object_component id="oc-1d0">
         <name>.const:xCD$1</name>
         <load_address>0x31d04</load_address>
         <run_address>0x31d04</run_address>
         <size>0x10</size>
         <input_file_ref idref="fl-3"/>
      </object_component>
      <object_component id="oc-1dc">
         <name>.const:xCOPY$1</name>
         <load_address>0x31d14</load_address>
         <run_address>0x31d14</run_address>
         <size>0x10</size>
         <input_file_ref idref="fl-3"/>
      </object_component>
      <object_component id="oc-1d6">
         <name>.const:xDEL$1</name>
         <load_address>0x31d24</load_address>
         <run_address>0x31d24</run_address>
         <size>0x10</size>
         <input_file_ref idref="fl-3"/>
      </object_component>
      <object_component id="oc-1cd">
         <name>.const:xDIR$1</name>
         <load_address>0x31d34</load_address>
         <run_address>0x31d34</run_address>
         <size>0x10</size>
         <input_file_ref idref="fl-3"/>
      </object_component>
      <object_component id="oc-1c1">
         <name>.const:xEmacStat$62</name>
         <load_address>0x31d44</load_address>
         <run_address>0x31d44</run_address>
         <size>0x10</size>
         <input_file_ref idref="fl-49"/>
      </object_component>
      <object_component id="oc-643">
         <name>.const:xHelpCommand$2</name>
         <load_address>0x31d54</load_address>
         <run_address>0x31d54</run_address>
         <size>0x10</size>
         <input_file_ref idref="fl-4"/>
      </object_component>
      <object_component id="oc-1c7">
         <name>.const:xNetStat$62</name>
         <load_address>0x31d64</load_address>
         <run_address>0x31d64</run_address>
         <size>0x10</size>
         <input_file_ref idref="fl-49"/>
      </object_component>
      <object_component id="oc-1df">
         <name>.const:xPWD$1</name>
         <load_address>0x31d74</load_address>
         <run_address>0x31d74</run_address>
         <size>0x10</size>
         <input_file_ref idref="fl-3"/>
      </object_component>
      <object_component id="oc-1c4">
         <name>.const:xPing$62</name>
         <load_address>0x31d84</load_address>
         <run_address>0x31d84</run_address>
         <size>0x10</size>
         <input_file_ref idref="fl-49"/>
      </object_component>
      <object_component id="oc-1d9">
         <name>.const:xRMDIR$1</name>
         <load_address>0x31d94</load_address>
         <run_address>0x31d94</run_address>
         <size>0x10</size>
         <input_file_ref idref="fl-3"/>
      </object_component>
      <object_component id="oc-1ca">
         <name>.const:xReset$62</name>
         <load_address>0x31da4</load_address>
         <run_address>0x31da4</run_address>
         <size>0x10</size>
         <input_file_ref idref="fl-49"/>
      </object_component>
      <object_component id="oc-1be">
         <name>.const:xRunTimeStats$62</name>
         <load_address>0x31db4</load_address>
         <run_address>0x31db4</run_address>
         <size>0x10</size>
         <input_file_ref idref="fl-49"/>
      </object_component>
      <object_component id="oc-1d3">
         <name>.const:xTYPE$1</name>
         <load_address>0x31dc4</load_address>
         <run_address>0x31dc4</run_address>
         <size>0x10</size>
         <input_file_ref idref="fl-3"/>
      </object_component>
      <object_component id="oc-1bb">
         <name>.const:xTaskStats$62</name>
         <load_address>0x31dd4</load_address>
         <run_address>0x31dd4</run_address>
         <size>0x10</size>
         <input_file_ref idref="fl-49"/>
      </object_component>
      <object_component id="oc-5a9">
         <name>.const:xDefaultPartDNSHeader$3$27</name>
         <load_address>0x31de4</load_address>
         <run_address>0x31de4</run_address>
         <size>0xc</size>
         <input_file_ref idref="fl-1d"/>
      </object_component>
      <object_component id="oc-535">
         <name>.const:.string:$P$T2$3$38</name>
         <load_address>0x31df0</load_address>
         <run_address>0x31df0</run_address>
         <size>0xb</size>
         <input_file_ref idref="fl-28"/>
      </object_component>
      <object_component id="oc-63a">
         <name>.const:.string:forbiddenChrs$4</name>
         <load_address>0x31dfb</load_address>
         <run_address>0x31dfb</run_address>
         <size>0xa</size>
         <input_file_ref idref="fl-6"/>
      </object_component>
      <object_component id="oc-538">
         <name>.const:.string:$P$T3$4$38</name>
         <load_address>0x31e05</load_address>
         <run_address>0x31e05</run_address>
         <size>0x9</size>
         <input_file_ref idref="fl-28"/>
      </object_component>
      <object_component id="oc-53b">
         <name>.const:.string:$P$T4$5$38</name>
         <load_address>0x31e0e</load_address>
         <run_address>0x31e0e</run_address>
         <size>0x8</size>
         <input_file_ref idref="fl-28"/>
      </object_component>
      <object_component id="oc-1a8">
         <name>.const:bp$76</name>
         <load_address>0x31e18</load_address>
         <run_address>0x31e18</run_address>
         <size>0x8</size>
         <input_file_ref idref="fl-116"/>
      </object_component>
      <object_component id="oc-1a2">
         <name>.const:dp_h$76</name>
         <load_address>0x31e20</load_address>
         <run_address>0x31e20</run_address>
         <size>0x8</size>
         <input_file_ref idref="fl-116"/>
      </object_component>
      <object_component id="oc-1a5">
         <name>.const:dp_l$76</name>
         <load_address>0x31e28</load_address>
         <run_address>0x31e28</run_address>
         <size>0x8</size>
         <input_file_ref idref="fl-116"/>
      </object_component>
      <object_component id="oc-24c">
         <name>.const:xNetworkDownEvent$2$28</name>
         <load_address>0x31e30</load_address>
         <run_address>0x31e30</run_address>
         <size>0x8</size>
         <input_file_ref idref="fl-1e"/>
      </object_component>
      <object_component id="oc-6ca">
         <name>.const:.string:flit$1$99</name>
         <load_address>0x31e38</load_address>
         <run_address>0x31e38</run_address>
         <size>0x7</size>
         <input_file_ref idref="fl-133"/>
      </object_component>
      <object_component id="oc-6cb">
         <name>.const:.string:barr$2$99</name>
         <load_address>0x31e3f</load_address>
         <run_address>0x31e3f</run_address>
         <size>0x6</size>
         <input_file_ref idref="fl-133"/>
      </object_component>
      <object_component id="oc-249">
         <name>.const:xBroadcastMACAddress</name>
         <load_address>0x31e45</load_address>
         <run_address>0x31e45</run_address>
         <size>0x6</size>
         <input_file_ref idref="fl-1e"/>
      </object_component>
      <object_component id="oc-1f1">
         <name>.const:.string:ucGatewayAddress$62</name>
         <load_address>0x31e4b</load_address>
         <run_address>0x31e4b</run_address>
         <size>0x4</size>
         <input_file_ref idref="fl-49"/>
      </object_component>
      <object_component id="oc-1eb">
         <name>.const:.string:ucIPAddress$62</name>
         <load_address>0x31e4f</load_address>
         <run_address>0x31e4f</run_address>
         <size>0x4</size>
         <input_file_ref idref="fl-49"/>
      </object_component>
      <object_component id="oc-1ee">
         <name>.const:.string:ucNetMask$62</name>
         <load_address>0x31e53</load_address>
         <run_address>0x31e53</run_address>
         <size>0x4</size>
         <input_file_ref idref="fl-49"/>
      </object_component>
      <object_component id="oc-439">
         <name>.kernelBSS:init</name>
         <load_address>0x8004e00</load_address>
         <run_address>0x8004e00</run_address>
         <size>0x164</size>
         <input_file_ref idref="fl-52"/>
      </object_component>
      <object_component id="oc-4ff">
         <name>.kernelBSS:uninit</name>
         <load_address>0x8004f6c</load_address>
         <run_address>0x8004f6c</run_address>
         <size>0x8</size>
         <input_file_ref idref="fl-52"/>
      </object_component>
      <object_component id="oc-43c">
         <name>.kernelBSS</name>
         <load_address>0x8004f64</load_address>
         <run_address>0x8004f64</run_address>
         <size>0x8</size>
         <input_file_ref idref="fl-4f"/>
      </object_component>
      <object_component id="oc-5de">
         <name>.kernelHEAP</name>
         <uninitialized>true</uninitialized>
         <run_address>0x8005600</run_address>
         <size>0x40000</size>
         <input_file_ref idref="fl-4c"/>
      </object_component>
      <object_component id="oc-49a">
         <name>.bss:file_systems$14</name>
         <uninitialized>true</uninitialized>
         <run_address>0x807ed10</run_address>
         <size>0x64</size>
         <input_file_ref idref="fl-10"/>
      </object_component>
      <object_component id="oc-d3">
         <name>.bss:g_sciTransfer_t$24</name>
         <uninitialized>true</uninitialized>
         <run_address>0x807ed74</run_address>
         <size>0x50</size>
         <input_file_ref idref="fl-1a"/>
      </object_component>
      <object_component id="oc-253">
         <name>.bss:xDHCPData$26</name>
         <uninitialized>true</uninitialized>
         <run_address>0x807edc4</run_address>
         <size>0x24</size>
         <input_file_ref idref="fl-1c"/>
      </object_component>
      <object_component id="oc-1e8">
         <name>.bss:ucBuffers$34</name>
         <uninitialized>true</uninitialized>
         <run_address>0x8077600</run_address>
         <size>0x7710</size>
         <input_file_ref idref="fl-24"/>
      </object_component>
      <object_component id="oc-493">
         <name>.bss:ucRAMDisk$62</name>
         <uninitialized>true</uninitialized>
         <run_address>0x8045600</run_address>
         <size>0x32000</size>
         <input_file_ref idref="fl-49"/>
      </object_component>
      <object_component id="oc-499">
         <name>.common:ucAssumeFATType</name>
         <uninitialized>true</uninitialized>
         <run_address>0x807edec</run_address>
         <size>0x1</size>
      </object_component>
      <object_component id="oc-118">
         <name>.common:xSysTimeMsec</name>
         <uninitialized>true</uninitialized>
         <run_address>0x807ede8</run_address>
         <size>0x4</size>
      </object_component>
      <object_component id="oc-40e">
         <name>.data:$O1$$</name>
         <load_address>0x807fb04</load_address>
         <run_address>0x807fb04</run_address>
         <size>0xc</size>
         <input_file_ref idref="fl-119"/>
      </object_component>
      <object_component id="oc-167">
         <name>.data:xDefaultPartUDPPacketHeader</name>
         <load_address>0x807fad8</load_address>
         <run_address>0x807fad8</run_address>
         <size>0x18</size>
         <input_file_ref idref="fl-23"/>
      </object_component>
      <object_component id="oc-23a">
         <name>.data</name>
         <load_address>0x807fb28</load_address>
         <run_address>0x807fb28</run_address>
         <size>0x4</size>
         <input_file_ref idref="fl-25"/>
      </object_component>
      <object_component id="oc-520">
         <name>.data:pxTypeCouples</name>
         <load_address>0x807f900</load_address>
         <run_address>0x807f900</run_address>
         <size>0x68</size>
         <input_file_ref idref="fl-2a"/>
      </object_component>
      <object_component id="oc-115">
         <name>.data</name>
         <load_address>0x807fb20</load_address>
         <run_address>0x807fb20</run_address>
         <size>0x8</size>
         <input_file_ref idref="fl-54"/>
      </object_component>
      <object_component id="oc-19f">
         <name>.data</name>
         <load_address>0x807fb2c</load_address>
         <run_address>0x807fb2c</run_address>
         <size>0x4</size>
         <input_file_ref idref="fl-118"/>
      </object_component>
      <object_component id="oc-4e8">
         <name>.data</name>
         <load_address>0x807fb30</load_address>
         <run_address>0x807fb30</run_address>
         <size>0x4</size>
         <input_file_ref idref="fl-11f"/>
      </object_component>
      <object_component id="oc-67f">
         <name>.data:$O2$$</name>
[...]
         <name>MPU_uxTaskPriorityGet</name>
         <value>0x20064</value>
         <object_component_ref idref="oc-e4"/>
      </symbol>
      <symbol id="sm-19aa">
         <name>MPU_xQueueCreateCountingSemaphore</name>
         <value>0x1fe04</value>
         <object_component_ref idref="oc-e4"/>
      </symbol>
      <symbol id="sm-19ab">
         <name>MPU_uxTaskGetNumberOfTasks</name>
         <value>0x200b4</value>
         <object_component_ref idref="oc-e4"/>
      </symbol>
      <symbol id="sm-19ac">
         <name>MPU_xPortGetFreeHeapSize</name>
         <value>0x1fe34</value>
         <object_component_ref idref="oc-e4"/>
      </symbol>
      <symbol id="sm-19ad">
         <name>MPU_xQueueGetMutexHolder</name>
         <value>0x1fccc</value>
         <object_component_ref idref="oc-e4"/>
      </symbol>
      <symbol id="sm-19ae">
         <name>MPU_vTaskGetRunTimeStats</name>
         <value>0x1ff1c</value>
         <object_component_ref idref="oc-e4"/>
      </symbol>
      <symbol id="sm-19af">
         <name>MPU_xTaskGetCurrentTaskHandle</name>
         <value>0x1fbc0</value>
         <object_component_ref idref="oc-e4"/>
      </symbol>
      <symbol id="sm-19b0">
         <name>MPU_uxQueueMessagesWaiting</name>
         <value>0x200d4</value>
         <object_component_ref idref="oc-e4"/>
      </symbol>
      <symbol id="sm-19b1">
         <name>MPU_xQueueGenericSend</name>
         <value>0x1fcf4</value>
         <object_component_ref idref="oc-e4"/>
      </symbol>
      <symbol id="sm-19b2">
         <name>MPU_xQueueTakeMutexRecursive</name>
         <value>0x1fc44</value>
         <object_component_ref idref="oc-e4"/>
      </symbol>
      <symbol id="sm-19b3">
         <name>MPU_vTaskDelete</name>
         <value>0x1ff44</value>
         <object_component_ref idref="oc-e4"/>
      </symbol>
      <symbol id="sm-19b4">
         <name>MPU_vTaskList</name>
         <value>0x1fef4</value>
         <object_component_ref idref="oc-e4"/>
      </symbol>
      <symbol id="sm-19b5">
         <name>MPU_xTaskResumeAll</name>
         <value>0x1fb60</value>
         <object_component_ref idref="oc-e4"/>
      </symbol>
      <symbol id="sm-19b6">
         <name>MPU_vTaskDelay</name>
         <value>0x1ff9c</value>
         <object_component_ref idref="oc-e4"/>
      </symbol>
      <symbol id="sm-19b7">
         <name>MPU_xQueueGiveMutexRecursive</name>
         <value>0x1fca4</value>
         <object_component_ref idref="oc-e4"/>
      </symbol>
      <symbol id="sm-19b8">
         <name>MPU_xQueueGenericCreate</name>
         <value>0x1fda4</value>
         <object_component_ref idref="oc-e4"/>
      </symbol>
      <symbol id="sm-19b9">
         <name>MPU_vTaskSuspendAll</name>
         <value>0x1fe54</value>
         <object_component_ref idref="oc-e4"/>
      </symbol>
      <symbol id="sm-19d4">
         <name>prvMpuSetRegion</name>
         <value>0x2e48</value>
         <object_component_ref idref="oc-d6"/>
      </symbol>
      <symbol id="sm-19d5">
         <name>vPortStartFirstTask</name>
         <value>0x29f4</value>
         <object_component_ref idref="oc-d6"/>
      </symbol>
      <symbol id="sm-19d6">
         <name>vPortYeildWithinAPI</name>
         <value>0x2b70</value>
         <object_component_ref idref="oc-d6"/>
      </symbol>
      <symbol id="sm-19d7">
         <name>vPortPreemptiveTick</name>
         <value>0x2c64</value>
         <object_component_ref idref="oc-d6"/>
      </symbol>
      <symbol id="sm-19d8">
         <name>prvMpuDisable</name>
         <value>0x2e78</value>
         <object_component_ref idref="oc-d6"/>
      </symbol>
      <symbol id="sm-19d9">
         <name>prvMpuEnable</name>
         <value>0x2e60</value>
         <object_component_ref idref="oc-d6"/>
      </symbol>
      <symbol id="sm-19da">
         <name>vPortInitialiseFPSCR</name>
         <value>0x2d64</value>
         <object_component_ref idref="oc-d6"/>
      </symbol>
      <symbol id="sm-19db">
         <name>ulPortCountLeadingZeros</name>
         <value>0x2d70</value>
         <object_component_ref idref="oc-d6"/>
      </symbol>
      <symbol id="sm-19dc">
         <name>vPortYieldProcessor</name>
         <value>0x2a84</value>
         <object_component_ref idref="oc-d6"/>
      </symbol>
      <symbol id="sm-19dd">
         <name>vPortSWI</name>
         <value>0x2d78</value>
         <object_component_ref idref="oc-d6"/>
      </symbol>
      <symbol id="sm-1a7c">
         <name>xQueuePeekFromISR</name>
         <value>0x21fc</value>
         <object_component_ref idref="oc-c4"/>
      </symbol>
      <symbol id="sm-1a7d">
         <name>xQueueIsQueueEmptyFromISR</name>
         <value>0x2294</value>
         <object_component_ref idref="oc-c4"/>
      </symbol>
      <symbol id="sm-1a7e">
         <name>xQueueGenericSendFromISR</name>
         <value>0x2688</value>
         <object_component_ref idref="oc-c4"/>
      </symbol>
      <symbol id="sm-1a7f">
         <name>uxQueueMessagesWaiting</name>
         <value>0x29b8</value>
         <object_component_ref idref="oc-c4"/>
      </symbol>
      <symbol id="sm-1a80">
         <name>xQueueIsQueueFullFromISR</name>
         <value>0x2268</value>
         <object_component_ref idref="oc-c4"/>
      </symbol>
      <symbol id="sm-1a81">
         <name>xQueueGenericCreate</name>
         <value>0x280c</value>
         <object_component_ref idref="oc-c4"/>
      </symbol>
      <symbol id="sm-1a82">
         <name>xQueueCreateMutex</name>
         <value>0x2884</value>
         <object_component_ref idref="oc-c4"/>
      </symbol>
      <symbol id="sm-1a83">
         <name>vQueueSetQueueNumber</name>
         <value>0x294c</value>
         <object_component_ref idref="oc-c4"/>
      </symbol>
      <symbol id="sm-1a84">
         <name>xQueueGenericSend</name>
         <value>0x2398</value>
         <object_component_ref idref="oc-c4"/>
      </symbol>
      <symbol id="sm-1a85">
         <name>xQueueGenericReset</name>
         <value>0x2750</value>
         <object_component_ref idref="oc-c4"/>
      </symbol>
      <symbol id="sm-1a86">
         <name>xQueueReceiveFromISR</name>
         <value>0x2154</value>
         <object_component_ref idref="oc-c4"/>
      </symbol>
      <symbol id="sm-1a87">
         <name>xQueueGetMutexHolder</name>
         <value>0x2660</value>
         <object_component_ref idref="oc-c4"/>
      </symbol>
      <symbol id="sm-1a88">
         <name>uxQueueSpacesAvailable</name>
         <value>0x2970</value>
         <object_component_ref idref="oc-c4"/>
      </symbol>
      <symbol id="sm-1a89">
         <name>xQueueGiveMutexRecursive</name>
         <value>0x256c</value>
         <object_component_ref idref="oc-c4"/>
      </symbol>
      <symbol id="sm-1a8a">
         <name>xQueueGiveFromISR</name>
         <value>0x25c4</value>
         <object_component_ref idref="oc-c4"/>
      </symbol>
      <symbol id="sm-1a8b">
         <name>uxQueueMessagesWaitingFromISR</name>
         <value>0x29a0</value>
         <object_component_ref idref="oc-c4"/>
      </symbol>
      <symbol id="sm-1a8c">
         <name>uxQueueGetQueueNumber</name>
         <value>0x29e0</value>
         <object_component_ref idref="oc-c4"/>
      </symbol>
      <symbol id="sm-1a8d">
         <name>xQueueGenericReceive</name>
         <value>0x1ef0</value>
         <object_component_ref idref="oc-c4"/>
      </symbol>
      <symbol id="sm-1a8e">
         <name>xQueueTakeMutexRecursive</name>
         <value>0x20f8</value>
         <object_component_ref idref="oc-c4"/>
      </symbol>
      <symbol id="sm-1a8f">
         <name>xQueueCreateCountingSemaphore</name>
         <value>0x2904</value>
         <object_component_ref idref="oc-c4"/>
      </symbol>
      <symbol id="sm-1a90">
         <name>vQueueDelete</name>
         <value>0x2954</value>
         <object_component_ref idref="oc-c4"/>
      </symbol>
      <symbol id="sm-1a91">
         <name>ucQueueGetQueueType</name>
         <value>0x29e8</value>
         <object_component_ref idref="oc-c4"/>
      </symbol>
      <symbol id="sm-1bf2">
         <name>vTaskDelay</name>
         <value>0x1b54</value>
         <object_component_ref idref="oc-199"/>
      </symbol>
      <symbol id="sm-1bf3">
         <name>vTaskSuspendAll</name>
         <value>0xeb4</value>
         <object_component_ref idref="oc-199"/>
      </symbol>
      <symbol id="sm-1bf4">
         <name>vTaskPriorityInherit</name>
         <value>0x1280</value>
         <object_component_ref idref="oc-199"/>
      </symbol>
      <symbol id="sm-1bf5">
         <name>vTaskList</name>
         <value>0x172c</value>
         <object_component_ref idref="oc-199"/>
      </symbol>
      <symbol id="sm-1bf6">
         <name>vTaskPlaceOnEventList</name>
         <value>0x1414</value>
         <object_component_ref idref="oc-199"/>
      </symbol>
      <symbol id="sm-1bf7">
         <name>vTaskSetTaskNumber</name>
         <value>0x108c</value>
         <object_component_ref idref="oc-199"/>
      </symbol>
      <symbol id="sm-1bf8">
         <name>pvTaskGetThreadLocalStoragePointer</name>
         <value>0x1de4</value>
         <object_component_ref idref="oc-199"/>
      </symbol>
      <symbol id="sm-1bf9">
         <name>uxTaskPriorityGetFromISR</name>
         <value>0x1c3c</value>
         <object_component_ref idref="oc-199"/>
      </symbol>
      <symbol id="sm-1bfa">
         <name>ulTaskNotifyTake</name>
         <value>0x1cc4</value>
         <object_component_ref idref="oc-199"/>
      </symbol>
      <symbol id="sm-1bfb">
         <name>vTaskGetRunTimeStats</name>
         <value>0x1848</value>
         <object_component_ref idref="oc-199"/>
      </symbol>
      <symbol id="sm-1bfc">
         <name>xTaskCheckForTimeOut</name>
         <value>0xcfc</value>
         <object_component_ref idref="oc-199"/>
      </symbol>
      <symbol id="sm-1bfd">
         <name>xTaskRemoveFromUnorderedEventList</name>
         <value>0x3d0</value>
         <object_component_ref idref="oc-199"/>
      </symbol>
      <symbol id="sm-1bfe">
         <name>vTaskPrioritySet</name>
         <value>0x1160</value>
         <object_component_ref idref="oc-199"/>
      </symbol>
      <symbol id="sm-1bff">
         <name>vTaskAllocateMPURegions</name>
         <value>0x1bfc</value>
         <object_component_ref idref="oc-199"/>
      </symbol>
      <symbol id="sm-1c00">
         <name>xTaskPriorityDisinherit</name>
         <value>0x514</value>
         <object_component_ref idref="oc-199"/>
      </symbol>
      <symbol id="sm-1c01">
         <name>vTaskStartScheduler</name>
         <value>0xfe8</value>
         <object_component_ref idref="oc-199"/>
      </symbol>
      <symbol id="sm-1c02">
         <name>pvTaskIncrementMutexHeldCount</name>
         <value>0x1db4</value>
         <object_component_ref idref="oc-199"/>
      </symbol>
      <symbol id="sm-1c03">
         <name>uxTaskGetStackHighWaterMark</name>
         <value>0x1c88</value>
         <object_component_ref idref="oc-199"/>
      </symbol>
      <symbol id="sm-1c04">
         <name>vTaskSetThreadLocalStoragePointer</name>
         <value>0x1068</value>
         <object_component_ref idref="oc-199"/>
      </symbol>
      <symbol id="sm-1c05">
         <name>xTaskGenericNotify</name>
         <value>0x8e4</value>
         <object_component_ref idref="oc-199"/>
      </symbol>
      <symbol id="sm-1c06">
         <name>vTaskDelayUntil</name>
         <value>0x1a60</value>
         <object_component_ref idref="oc-199"/>
      </symbol>
      <symbol id="sm-1c07">
         <name>uxTaskGetTaskNumber</name>
         <value>0x1c78</value>
         <object_component_ref idref="oc-199"/>
      </symbol>
      <symbol id="sm-1c08">
         <name>vTaskEndScheduler</name>
         <value>0x1948</value>
         <object_component_ref idref="oc-199"/>
      </symbol>
      <symbol id="sm-1c09">
         <name>xTaskNotifyWait</name>
         <value>0x658</value>
         <object_component_ref idref="oc-199"/>
      </symbol>
      <symbol id="sm-1c0a">
         <name>vTaskMissedYield</name>
         <value>0x1568</value>
         <object_component_ref idref="oc-199"/>
      </symbol>
      <symbol id="sm-1c0b">
         <name>uxTaskGetNumberOfTasks</name>
         <value>0x1c9c</value>
         <object_component_ref idref="oc-199"/>
      </symbol>
      <symbol id="sm-1c0c">
         <name>xTaskGenericNotifyFromISR</name>
         <value>0x7c8</value>
         <object_component_ref idref="oc-199"/>
      </symbol>
      <symbol id="sm-1c0d">
         <name>uxTaskPriorityGet</name>
         <value>0x1c50</value>
         <object_component_ref idref="oc-199"/>
      </symbol>
      <symbol id="sm-1c0e">
         <name>xTaskResumeAll</name>
         <value>0x298</value>
         <object_component_ref idref="oc-199"/>
      </symbol>
      <symbol id="sm-1c0f">
         <name>xTaskGetTickCount</name>
         <value>0x780</value>
         <object_component_ref idref="oc-199"/>
      </symbol>
      <symbol id="sm-1c10">
         <name>xTaskGenericCreate</name>
         <value>0xa00</value>
         <object_component_ref idref="oc-199"/>
      </symbol>
      <symbol id="sm-1c11">
         <name>uxTaskGetSystemState</name>
         <value>0x1668</value>
         <object_component_ref idref="oc-199"/>
      </symbol>
      <symbol id="sm-1c12">
         <name>vTaskDelete</name>
         <value>0x1964</value>
         <object_component_ref idref="oc-199"/>
      </symbol>
      <symbol id="sm-1c13">
         <name>pxCurrentTCB</name>
         <value>0x8004e00</value>
         <object_component_ref idref="oc-439"/>
      </symbol>
      <symbol id="sm-1c14">
         <name>vTaskNotifyGiveFromISR</name>
         <value>0x149c</value>
         <object_component_ref idref="oc-199"/>
      </symbol>
      <symbol id="sm-1c15">
         <name>vTaskSuspend</name>
         <value>0xec8</value>
         <object_component_ref idref="oc-199"/>
      </symbol>
      <symbol id="sm-1c16">
         <name>xTaskGetTickCountFromISR</name>
         <value>0x774</value>
         <object_component_ref idref="oc-199"/>
      </symbol>
      <symbol id="sm-1c17">
         <name>vTaskResume</name>
         <value>0x10b0</value>
         <object_component_ref idref="oc-199"/>
      </symbol>
      <symbol id="sm-1c18">
         <name>vTaskSetTimeOutState</name>
         <value>0xccc</value>
         <object_component_ref idref="oc-199"/>
      </symbol>
      <symbol id="sm-1c19">
         <name>xTaskIncrementTick</name>
         <value>0x108</value>
         <object_component_ref idref="oc-199"/>
      </symbol>
      <symbol id="sm-1c1a">
         <name>vTaskSwitchContext</name>
         <value>0xd9c</value>
         <object_component_ref idref="oc-199"/>
      </symbol>
      <symbol id="sm-1c1b">
         <name>uxTaskResetEventItemValue</name>
         <value>0x1c18</value>
         <object_component_ref idref="oc-199"/>
      </symbol>
      <symbol id="sm-1c1c">
         <name>xTaskGetSchedulerState</name>
         <value>0x78c</value>
         <object_component_ref idref="oc-199"/>
      </symbol>
      <symbol id="sm-1c1d">
         <name>xTaskResumeFromISR</name>
         <value>0x68</value>
         <object_component_ref idref="oc-199"/>
      </symbol>
      <symbol id="sm-1c1e">
         <name>xTaskGetCurrentTaskHandle</name>
         <value>0x7bc</value>
         <object_component_ref idref="oc-199"/>
      </symbol>
      <symbol id="sm-1c1f">
         <name>vTaskPlaceOnUnorderedEventList</name>
         <value>0x1368</value>
         <object_component_ref idref="oc-199"/>
      </symbol>
      <symbol id="sm-1c20">
         <name>xTaskRemoveFromEventList</name>
         <value>0x470</value>
         <object_component_ref idref="oc-199"/>
      </symbol>
      <symbol id="sm-1c40">
         <name>__TI_auto_init</name>
         <value>0x25af0</value>
         <object_component_ref idref="oc-b7"/>
      </symbol>
      <symbol id="sm-1c61">
         <name>C$$EXIT</name>
         <value>0x25fd4</value>
         <object_component_ref idref="oc-bd"/>
      </symbol>
      <symbol id="sm-1c62">
         <name>abort</name>
         <value>0x25fdc</value>
         <object_component_ref idref="oc-bd"/>
      </symbol>
      <symbol id="sm-1c63">
         <name>exit</name>
         <value>0x25fe8</value>
         <object_component_ref idref="oc-bd"/>
      </symbol>
      <symbol id="sm-1c64">
         <name>__TI_dtors_ptr</name>
         <value>0x807fb08</value>
         <object_component_ref idref="oc-40e"/>
      </symbol>
      <symbol id="sm-1c65">
         <name>__TI_cleanup_ptr</name>
         <value>0x807fb04</value>
         <object_component_ref idref="oc-40e"/>
      </symbol>
      <symbol id="sm-1c66">
         <name>__TI_enable_exit_profile_output</name>
         <value>0x807fb0c</value>
         <object_component_ref idref="oc-40e"/>
      </symbol>
      <symbol id="sm-1c72">
         <name>__aeabi_idivmod</name>
         <value>0x263ec</value>
         <object_component_ref idref="oc-47c"/>
      </symbol>
      <symbol id="sm-1c73">
         <name>__aeabi_idiv</name>
         <value>0x263ec</value>
         <object_component_ref idref="oc-47c"/>
      </symbol>
      <symbol id="sm-1c8c">
         <name>memcpy</name>
         <value>0x24878</value>
         <object_component_ref idref="oc-8c"/>
      </symbol>
      <symbol id="sm-1c8d">
         <name>__aeabi_memcpy</name>
         <value>0x24878</value>
         <object_component_ref idref="oc-8c"/>
      </symbol>
      <symbol id="sm-1c8e">
         <name>__aeabi_memcpy8</name>
         <value>0x24878</value>
         <object_component_ref idref="oc-8c"/>
      </symbol>
      <symbol id="sm-1c8f">
         <name>__aeabi_memcpy4</name>
         <value>0x24878</value>
         <object_component_ref idref="oc-8c"/>
      </symbol>
      <symbol id="sm-1c9e">
         <name>__aeabi_memset</name>
         <value>0x25998</value>
         <object_component_ref idref="oc-95"/>
      </symbol>
      <symbol id="sm-1c9f">
         <name>memset</name>
         <value>0x259a4</value>
         <object_component_ref idref="oc-95"/>
      </symbol>
      <symbol id="sm-1ca0">
         <name>__aeabi_memset8</name>
         <value>0x25998</value>
         <object_component_ref idref="oc-95"/>
      </symbol>
      <symbol id="sm-1ca1">
         <name>__aeabi_memset4</name>
         <value>0x25998</value>
         <object_component_ref idref="oc-95"/>
      </symbol>
      <symbol id="sm-1ca2">
         <name>__aeabi_memclr8</name>
         <value>0x25994</value>
         <object_component_ref idref="oc-95"/>
      </symbol>
      <symbol id="sm-1ca3">
         <name>__aeabi_memclr4</name>
         <value>0x25994</value>
         <object_component_ref idref="oc-95"/>
      </symbol>
      <symbol id="sm-1ca4">
         <name>__aeabi_memclr</name>
         <value>0x25994</value>
         <object_component_ref idref="oc-95"/>
      </symbol>
      <symbol id="sm-1cb0">
         <name>__aeabi_uidivmod</name>
         <value>0x26440</value>
         <object_component_ref idref="oc-194"/>
      </symbol>
      <symbol id="sm-1cb1">
         <name>__aeabi_uidiv</name>
         <value>0x26440</value>
         <object_component_ref idref="oc-194"/>
      </symbol>
      <symbol id="sm-1ccd">
         <name>__aeabi_uldivmod</name>
         <value>0x22da8</value>
         <object_component_ref idref="oc-530"/>
      </symbol>
      <symbol id="sm-1cce">
         <name>__TI_static_base__</name>
         <value>0x0</value>
      </symbol>
      <symbol id="sm-1cd2">
         <name>SHT$$INIT_ARRAY$$Base</name>
         <value>0x0</value>
      </symbol>
      <symbol id="sm-1cd3">
         <name>SHT$$INIT_ARRAY$$Limit</name>
         <value>0x0</value>
      </symbol>
   </symbol_table>
   <title>Link successful</title>
</link_info>
